Component: ARM Compiler 5.06 update 6 (build 750) Tool: armlink [4d35ed]

==============================================================================

Section Cross References

    main.o(.text) refers to stm32f4_discovery_tsc2046.o(.text) for getTouchPoint
    main.o(.text) refers to graphicobject.o(.text) for ProcessInputData
    main.o(.text) refers to stm32f4_discovery_user.o(.text) for STM_EVAL_LEDInit
    main.o(.text) refers to stm32f4xx_uartstdio.o(.text) for UARTstdio_Configuration
    main.o(.text) refers to stm32f4_discovery_lcd_ssd1963.o(.text) for STM324xG_LCD_Init
    main.o(.text) refers to lcdhal.o(.text) for GL_SetFont
    main.o(.text) refers to uiframework.o(.text) for Show_StartScreen
    main.o(.text) refers to tasks.o(.text) for xTaskCreate
    main.o(.text) refers to stm32f4xx_usart.o(.text) for USART_SendData
    system_stm32f4xx.o(.text) refers to system_stm32f4xx.o(.data) for SystemCoreClock
    stm32f4xx_it.o(.text) refers to stm32f4x7_eth.o(.text) for ETH_GetDMAFlagStatus
    stm32f4xx_it.o(.text) refers to queue.o(.text) for xQueueGiveFromISR
    stm32f4xx_it.o(.text) refers to ethernetif.o(.data) for s_xSemaphore
    netconf.o(.text) refers to _printf_percent.o(.ARM.Collect$$_printf_percent$$00000000) for _printf_percent
    netconf.o(.text) refers to _printf_d.o(.ARM.Collect$$_printf_percent$$00000009) for _printf_d
    netconf.o(.text) refers to _printf_dec.o(.text) for _printf_int_dec
    netconf.o(.text) refers to tcpip.o(.text) for tcpip_init
    netconf.o(.text) refers to inet.o(.text) for htonl
    netconf.o(.text) refers to noretval__2sprintf.o(.text) for __2sprintf
    netconf.o(.text) refers to netif.o(.text) for netif_add
    netconf.o(.text) refers to ethernetif.o(.text) for ethernetif_init
    netconf.o(.text) refers to netconf.o(.bss) for xnetif
    stm32f4x7_eth_bsp.o(.text) refers to stm32f4xx_rcc.o(.text) for RCC_AHB1PeriphClockCmd
    stm32f4x7_eth_bsp.o(.text) refers to stm32f4x7_eth.o(.text) for ETH_DeInit
    stm32f4x7_eth_bsp.o(.text) refers to misc.o(.text) for NVIC_PriorityGroupConfig
    stm32f4x7_eth_bsp.o(.text) refers to stm32f4xx_syscfg.o(.text) for SYSCFG_ETH_MediaInterfaceConfig
    stm32f4x7_eth_bsp.o(.text) refers to stm32f4xx_gpio.o(.text) for GPIO_Init
    stm32f4x7_eth_bsp.o(.text) refers to stm32f4x7_eth_bsp.o(.data) for EthInitStatus
    fs.o(.text) refers to strcmpv7m.o(.text) for strcmp
    fs.o(.text) refers to rt_memcpy_v6.o(.text) for __aeabi_memcpy
    fs.o(.text) refers to fs.o(.bss) for fs_memory
    fs.o(.text) refers to fs.o(.constdata) for file__STM32F4x7_html
    httpserver-socket.o(.text) refers to _printf_percent.o(.ARM.Collect$$_printf_percent$$00000000) for _printf_percent
    httpserver-socket.o(.text) refers to _printf_d.o(.ARM.Collect$$_printf_percent$$00000009) for _printf_d
    httpserver-socket.o(.text) refers to _printf_dec.o(.text) for _printf_int_dec
    httpserver-socket.o(.text) refers to rt_memclr.o(.text) for __aeabi_memclr
    httpserver-socket.o(.text) refers to noretval__2sprintf.o(.text) for __2sprintf
    httpserver-socket.o(.text) refers to strcat.o(.text) for strcat
    httpserver-socket.o(.text) refers to strlen.o(.text) for strlen
    httpserver-socket.o(.text) refers to tasks.o(.text) for vTaskList
    httpserver-socket.o(.text) refers to sockets.o(.text) for lwip_write
    httpserver-socket.o(.text) refers to strncmp.o(.text) for strncmp
    httpserver-socket.o(.text) refers to fs.o(.text) for fs_open
    httpserver-socket.o(.text) refers to inet.o(.text) for htons
    httpserver-socket.o(.text) refers to sys_arch.o(.text) for sys_thread_new
    httpserver-socket.o(.text) refers to httpserver-socket.o(.bss) for PAGE_BODY
    httpserver-socket.o(.text) refers to httpserver-socket.o(.data) for nPageHits
    httpserver-socket.o(.text) refers to httpserver-socket.o(.constdata) for PAGE_START
    httpclient-socket.o(.text) refers to tasks.o(.text) for vTaskDelay
    httpclient-socket.o(.text) refers to sys_arch.o(.text) for sys_thread_new
    miscellaneous.o(.text) refers to miscellaneous.o(.bss) for buf
    hw_config.o(.text) refers to stm32f4xx_rcc.o(.text) for RCC_AHB1PeriphClockCmd
    hw_config.o(.text) refers to stm32f4xx_exti.o(.text) for EXTI_DeInit
    hw_config.o(.text) refers to stm32f4xx_tim.o(.text) for TIM_TimeBaseInit
    hw_config.o(.text) refers to misc.o(.text) for NVIC_Init
    hw_config.o(.text) refers to stm32f4xx_gpio.o(.text) for GPIO_Init
    hw_config.o(.text) refers to hw_config.o(.data) for counter_delay_ms
    uiappuser.o(.text) refers to uiframework.o(.text) for Show_SettingsScreen
    uiappuser.o(.text) refers to graphicobject.o(.text) for DestroyPage
    uiappuser.o(.text) refers to uiframework.o(.bss) for StartScreen
    uiappuser.o(.text) refers to uiappuser.o(.data) for DosingTest_Flag
    uiframework.o(.text) refers to graphicobject.o(.text) for NewRectControl
    uiframework.o(.text) refers to stm32f4xx_uartstdio.o(.text) for UARTprintf
[...]
    RCC_SYSCLKConfig                         0x0800c1c1   Thumb Code    20  stm32f4xx_rcc.o(.text)
    RCC_GetSYSCLKSource                      0x0800c1d5   Thumb Code    12  stm32f4xx_rcc.o(.text)
    RCC_HCLKConfig                           0x0800c1e1   Thumb Code    20  stm32f4xx_rcc.o(.text)
    RCC_PCLK1Config                          0x0800c1f5   Thumb Code    20  stm32f4xx_rcc.o(.text)
    RCC_PCLK2Config                          0x0800c209   Thumb Code    22  stm32f4xx_rcc.o(.text)
    RCC_GetClocksFreq                        0x0800c21f   Thumb Code   214  stm32f4xx_rcc.o(.text)
    RCC_RTCCLKConfig                         0x0800c2f5   Thumb Code    54  stm32f4xx_rcc.o(.text)
    RCC_RTCCLKCmd                            0x0800c32b   Thumb Code     8  stm32f4xx_rcc.o(.text)
    RCC_BackupResetCmd                       0x0800c333   Thumb Code     8  stm32f4xx_rcc.o(.text)
    RCC_I2SCLKConfig                         0x0800c33b   Thumb Code     6  stm32f4xx_rcc.o(.text)
    RCC_AHB1PeriphClockCmd                   0x0800c341   Thumb Code    34  stm32f4xx_rcc.o(.text)
    RCC_AHB2PeriphClockCmd                   0x0800c363   Thumb Code    34  stm32f4xx_rcc.o(.text)
    RCC_AHB3PeriphClockCmd                   0x0800c385   Thumb Code    34  stm32f4xx_rcc.o(.text)
    RCC_APB1PeriphClockCmd                   0x0800c3a7   Thumb Code    34  stm32f4xx_rcc.o(.text)
    RCC_APB2PeriphClockCmd                   0x0800c3c9   Thumb Code    34  stm32f4xx_rcc.o(.text)
    RCC_AHB1PeriphResetCmd                   0x0800c3eb   Thumb Code    34  stm32f4xx_rcc.o(.text)
    RCC_AHB2PeriphResetCmd                   0x0800c40d   Thumb Code    72  stm32f4xx_rcc.o(.text)
    RCC_AHB3PeriphResetCmd                   0x0800c455   Thumb Code    34  stm32f4xx_rcc.o(.text)
    RCC_APB1PeriphResetCmd                   0x0800c477   Thumb Code    34  stm32f4xx_rcc.o(.text)
    RCC_APB2PeriphResetCmd                   0x0800c499   Thumb Code    34  stm32f4xx_rcc.o(.text)
    RCC_AHB1PeriphClockLPModeCmd             0x0800c4bb   Thumb Code    34  stm32f4xx_rcc.o(.text)
    RCC_AHB2PeriphClockLPModeCmd             0x0800c4dd   Thumb Code    34  stm32f4xx_rcc.o(.text)
    RCC_AHB3PeriphClockLPModeCmd             0x0800c4ff   Thumb Code    34  stm32f4xx_rcc.o(.text)
    RCC_APB1PeriphClockLPModeCmd             0x0800c521   Thumb Code    34  stm32f4xx_rcc.o(.text)
    RCC_APB2PeriphClockLPModeCmd             0x0800c543   Thumb Code    34  stm32f4xx_rcc.o(.text)
    RCC_ITConfig                             0x0800c565   Thumb Code    34  stm32f4xx_rcc.o(.text)
    RCC_ClearFlag                            0x0800c587   Thumb Code    18  stm32f4xx_rcc.o(.text)
    RCC_GetITStatus                          0x0800c599   Thumb Code    22  stm32f4xx_rcc.o(.text)
    RCC_ClearITPendingBit                    0x0800c5af   Thumb Code     8  stm32f4xx_rcc.o(.text)
    SYSCFG_DeInit                            0x0800c5bd   Thumb Code    22  stm32f4xx_syscfg.o(.text)
    SYSCFG_MemoryRemapConfig                 0x0800c5d3   Thumb Code     6  stm32f4xx_syscfg.o(.text)
    SYSCFG_EXTILineConfig                    0x0800c5d9   Thumb Code    66  stm32f4xx_syscfg.o(.text)
    SYSCFG_ETH_MediaInterfaceConfig          0x0800c61b   Thumb Code     6  stm32f4xx_syscfg.o(.text)
    SYSCFG_CompensationCellCmd               0x0800c621   Thumb Code     6  stm32f4xx_syscfg.o(.text)
    SYSCFG_GetCompensationCellStatus         0x0800c627   Thumb Code    22  stm32f4xx_syscfg.o(.text)
    SDIO_DeInit                              0x0800c649   Thumb Code    22  stm32f4xx_sdio.o(.text)
    SDIO_Init                                0x0800c65f   Thumb Code    42  stm32f4xx_sdio.o(.text)
    SDIO_StructInit                          0x0800c689   Thumb Code    16  stm32f4xx_sdio.o(.text)
    SDIO_ClockCmd                            0x0800c699   Thumb Code     6  stm32f4xx_sdio.o(.text)
    SDIO_SetPowerState                       0x0800c69f   Thumb Code     8  stm32f4xx_sdio.o(.text)
    SDIO_GetPowerState                       0x0800c6a7   Thumb Code    12  stm32f4xx_sdio.o(.text)
    SDIO_SendCommand                         0x0800c6b3   Thumb Code    42  stm32f4xx_sdio.o(.text)
    SDIO_CmdStructInit                       0x0800c6dd   Thumb Code    14  stm32f4xx_sdio.o(.text)
    SDIO_GetCommandResponse                  0x0800c6eb   Thumb Code    10  stm32f4xx_sdio.o(.text)
    SDIO_GetResponse                         0x0800c6f5   Thumb Code    22  stm32f4xx_sdio.o(.text)
    SDIO_DataConfig                          0x0800c70b   Thumb Code    48  stm32f4xx_sdio.o(.text)
    SDIO_DataStructInit                      0x0800c73b   Thumb Code    20  stm32f4xx_sdio.o(.text)
    SDIO_GetDataCounter                      0x0800c74f   Thumb Code     8  stm32f4xx_sdio.o(.text)
    SDIO_ReadData                            0x0800c757   Thumb Code     8  stm32f4xx_sdio.o(.text)
    SDIO_WriteData                           0x0800c75f   Thumb Code     8  stm32f4xx_sdio.o(.text)
    SDIO_GetFIFOCount                        0x0800c767   Thumb Code     8  stm32f4xx_sdio.o(.text)
    SDIO_StartSDIOReadWait                   0x0800c76f   Thumb Code     6  stm32f4xx_sdio.o(.text)
    SDIO_StopSDIOReadWait                    0x0800c775   Thumb Code     8  stm32f4xx_sdio.o(.text)
    SDIO_SetSDIOReadWaitMode                 0x0800c77d   Thumb Code     8  stm32f4xx_sdio.o(.text)
    SDIO_SetSDIOOperation                    0x0800c785   Thumb Code     8  stm32f4xx_sdio.o(.text)
    SDIO_SendSDIOSuspendCmd                  0x0800c78d   Thumb Code     6  stm32f4xx_sdio.o(.text)
    SDIO_CommandCompletionCmd                0x0800c793   Thumb Code     8  stm32f4xx_sdio.o(.text)
    SDIO_CEATAITCmd                          0x0800c79b   Thumb Code    12  stm32f4xx_sdio.o(.text)
    SDIO_SendCEATACmd                        0x0800c7a7   Thumb Code     8  stm32f4xx_sdio.o(.text)
    SDIO_DMACmd                              0x0800c7af   Thumb Code     8  stm32f4xx_sdio.o(.text)
    SDIO_ITConfig                            0x0800c7b7   Thumb Code    34  stm32f4xx_sdio.o(.text)
    SDIO_GetFlagStatus                       0x0800c7d9   Thumb Code    22  stm32f4xx_sdio.o(.text)
    SDIO_ClearFlag                           0x0800c7ef   Thumb Code     8  stm32f4xx_sdio.o(.text)
    SDIO_GetITStatus                         0x0800c7f7   Thumb Code    22  stm32f4xx_sdio.o(.text)
    SDIO_ClearITPendingBit                   0x0800c80d   Thumb Code     8  stm32f4xx_sdio.o(.text)
    SPI_I2S_DeInit                           0x0800c825   Thumb Code    76  stm32f4xx_spi.o(.text)
    SPI_Init                                 0x0800c871   Thumb Code    60  stm32f4xx_spi.o(.text)
    I2S_Init                                 0x0800c8ad   Thumb Code   350  stm32f4xx_spi.o(.text)
    SPI_StructInit                           0x0800ca0b   Thumb Code    24  stm32f4xx_spi.o(.text)
    I2S_StructInit                           0x0800ca23   Thumb Code    20  stm32f4xx_spi.o(.text)
    SPI_Cmd                                  0x0800ca37   Thumb Code    24  stm32f4xx_spi.o(.text)
    I2S_Cmd                                  0x0800ca4f   Thumb Code    24  stm32f4xx_spi.o(.text)
    SPI_DataSizeConfig                       0x0800ca67   Thumb Code    18  stm32f4xx_spi.o(.text)
    SPI_BiDirectionalLineConfig              0x0800ca79   Thumb Code    28  stm32f4xx_spi.o(.text)
    SPI_NSSInternalSoftwareConfig            0x0800ca95   Thumb Code    30  stm32f4xx_spi.o(.text)
    SPI_SSOutputCmd                          0x0800cab3   Thumb Code    24  stm32f4xx_spi.o(.text)
    SPI_TIModeCmd                            0x0800cacb   Thumb Code    24  stm32f4xx_spi.o(.text)
    I2S_FullDuplexConfig                     0x0800cae3   Thumb Code    80  stm32f4xx_spi.o(.text)
    SPI_I2S_ReceiveData                      0x0800cb33   Thumb Code     6  stm32f4xx_spi.o(.text)
    SPI_I2S_SendData                         0x0800cb39   Thumb Code     4  stm32f4xx_spi.o(.text)
    SPI_CalculateCRC                         0x0800cb3d   Thumb Code    24  stm32f4xx_spi.o(.text)
    SPI_TransmitCRC                          0x0800cb55   Thumb Code    10  stm32f4xx_spi.o(.text)
    SPI_GetCRC                               0x0800cb5f   Thumb Code    16  stm32f4xx_spi.o(.text)
    SPI_GetCRCPolynomial                     0x0800cb6f   Thumb Code     6  stm32f4xx_spi.o(.text)
    SPI_I2S_DMACmd                           0x0800cb75   Thumb Code    18  stm32f4xx_spi.o(.text)
    SPI_I2S_ITConfig                         0x0800cb87   Thumb Code    32  stm32f4xx_spi.o(.text)
    SPI_I2S_GetFlagStatus                    0x0800cba7   Thumb Code    18  stm32f4xx_spi.o(.text)
    SPI_I2S_ClearFlag                        0x0800cbb9   Thumb Code     6  stm32f4xx_spi.o(.text)
    SPI_I2S_GetITStatus                      0x0800cbbf   Thumb Code    52  stm32f4xx_spi.o(.text)
    SPI_I2S_ClearITPendingBit                0x0800cbf3   Thumb Code    42  stm32f4xx_spi.o(.text)
    FLASH_SetLatency                         0x0800cc1d   Thumb Code     6  stm32f4xx_flash.o(.text)
    FLASH_PrefetchBufferCmd                  0x0800cc23   Thumb Code    30  stm32f4xx_flash.o(.text)
    FLASH_InstructionCacheCmd                0x0800cc41   Thumb Code    30  stm32f4xx_flash.o(.text)
    FLASH_DataCacheCmd                       0x0800cc5f   Thumb Code    30  stm32f4xx_flash.o(.text)
    FLASH_InstructionCacheReset              0x0800cc7d   Thumb Code    14  stm32f4xx_flash.o(.text)
    FLASH_DataCacheReset                     0x0800cc8b   Thumb Code    14  stm32f4xx_flash.o(.text)
    FLASH_Unlock                             0x0800cc99   Thumb Code    26  stm32f4xx_flash.o(.text)
    FLASH_Lock                               0x0800ccb3   Thumb Code    18  stm32f4xx_flash.o(.text)
    FLASH_GetStatus                          0x0800ccc5   Thumb Code    74  stm32f4xx_flash.o(.text)
    FLASH_WaitForLastOperation               0x0800cd0f   Thumb Code    34  stm32f4xx_flash.o(.text)
    FLASH_EraseSector                        0x0800cd31   Thumb Code   140  stm32f4xx_flash.o(.text)
    FLASH_EraseAllSectors                    0x0800cdbd   Thumb Code   112  stm32f4xx_flash.o(.text)
    FLASH_ProgramDoubleWord                  0x0800ce2d   Thumb Code    86  stm32f4xx_flash.o(.text)
    FLASH_ProgramWord                        0x0800ce83   Thumb Code    82  stm32f4xx_flash.o(.text)
    FLASH_ProgramHalfWord                    0x0800ced5   Thumb Code    82  stm32f4xx_flash.o(.text)
    FLASH_ProgramByte                        0x0800cf27   Thumb Code    78  stm32f4xx_flash.o(.text)
    FLASH_OB_Unlock                          0x0800cf75   Thumb Code    26  stm32f4xx_flash.o(.text)
    FLASH_OB_Lock                            0x0800cf8f   Thumb Code    18  stm32f4xx_flash.o(.text)
    FLASH_OB_WRPConfig                       0x0800cfa1   Thumb Code    54  stm32f4xx_flash.o(.text)
    FLASH_OB_RDPConfig                       0x0800cfd7   Thumb Code    24  stm32f4xx_flash.o(.text)
    FLASH_OB_UserConfig                      0x0800cfef   Thumb Code    68  stm32f4xx_flash.o(.text)
    FLASH_OB_BORConfig                       0x0800d033   Thumb Code    22  stm32f4xx_flash.o(.text)
    FLASH_OB_Launch                          0x0800d049   Thumb Code    26  stm32f4xx_flash.o(.text)
    FLASH_OB_GetUser                         0x0800d063   Thumb Code    10  stm32f4xx_flash.o(.text)
    FLASH_OB_GetWRP                          0x0800d06d   Thumb Code     8  stm32f4xx_flash.o(.text)
    FLASH_OB_GetRDP                          0x0800d075   Thumb Code    20  stm32f4xx_flash.o(.text)
    FLASH_OB_GetBOR                          0x0800d089   Thumb Code    10  stm32f4xx_flash.o(.text)
    FLASH_ITConfig                           0x0800d093   Thumb Code    34  stm32f4xx_flash.o(.text)
    FLASH_GetFlagStatus                      0x0800d0b5   Thumb Code    22  stm32f4xx_flash.o(.text)
    FLASH_ClearFlag                          0x0800d0cb   Thumb Code     8  stm32f4xx_flash.o(.text)
    ETH_DeInit                               0x0800d0f5   Thumb Code    22  stm32f4x7_eth.o(.text)
    ETH_StructInit                           0x0800d10b   Thumb Code   178  stm32f4x7_eth.o(.text)
    ETH_WritePHYRegister                     0x0800d1bd   Thumb Code    96  stm32f4x7_eth.o(.text)
    ETH_ReadPHYRegister                      0x0800d21d   Thumb Code    98  stm32f4x7_eth.o(.text)
    ETH_Init                                 0x0800d27f   Thumb Code   650  stm32f4x7_eth.o(.text)
    ETH_DMAReceptionCmd                      0x0800d509   Thumb Code    30  stm32f4x7_eth.o(.text)
    ETH_DMATransmissionCmd                   0x0800d527   Thumb Code    30  stm32f4x7_eth.o(.text)
    ETH_MACReceptionCmd                      0x0800d545   Thumb Code    30  stm32f4x7_eth.o(.text)
    ETH_FlushTransmitFIFO                    0x0800d563   Thumb Code    14  stm32f4x7_eth.o(.text)
    ETH_MACTransmissionCmd                   0x0800d571   Thumb Code    30  stm32f4x7_eth.o(.text)
    ETH_Start                                0x0800d58f   Thumb Code    78  stm32f4x7_eth.o(.text)
    ETH_GetFlowControlBusyStatus             0x0800d5dd   Thumb Code    20  stm32f4x7_eth.o(.text)
    ETH_InitiatePauseControlFrame            0x0800d5f1   Thumb Code    14  stm32f4x7_eth.o(.text)
    ETH_BackPressureActivationCmd            0x0800d5ff   Thumb Code    30  stm32f4x7_eth.o(.text)
    ETH_GetMACFlagStatus                     0x0800d61d   Thumb Code    20  stm32f4x7_eth.o(.text)
    ETH_GetMACITStatus                       0x0800d631   Thumb Code    20  stm32f4x7_eth.o(.text)
    ETH_MACITConfig                          0x0800d645   Thumb Code    26  stm32f4x7_eth.o(.text)
    ETH_MACAddressConfig                     0x0800d65f   Thumb Code    46  stm32f4x7_eth.o(.text)
    ETH_GetMACAddress                        0x0800d68d   Thumb Code    36  stm32f4x7_eth.o(.text)
    ETH_MACAddressPerfectFilterCmd           0x0800d6b1   Thumb Code    38  stm32f4x7_eth.o(.text)
    ETH_MACAddressFilterConfig               0x0800d6d7   Thumb Code    40  stm32f4x7_eth.o(.text)
    ETH_MACAddressMaskBytesFilterConfig      0x0800d6ff   Thumb Code    32  stm32f4x7_eth.o(.text)
    ETH_Get_Received_Frame                   0x0800d71f   Thumb Code    82  stm32f4x7_eth.o(.text)
    ETH_Get_Received_Frame_interrupt         0x0800d771   Thumb Code   268  stm32f4x7_eth.o(.text)
    ETH_Prepare_Transmit_Descriptors         0x0800d87d   Thumb Code   222  stm32f4x7_eth.o(.text)
    ETH_DMARxDescChainInit                   0x0800d95b   Thumb Code    82  stm32f4x7_eth.o(.text)
    ETH_CheckFrameReceived                   0x0800d9ad   Thumb Code   216  stm32f4x7_eth.o(.text)
    ETH_DMATxDescChainInit                   0x0800da85   Thumb Code    70  stm32f4x7_eth.o(.text)
    ETH_GetDMATxDescFlagStatus               0x0800dacb   Thumb Code    18  stm32f4x7_eth.o(.text)
    ETH_GetDMATxDescCollisionCount           0x0800dadd   Thumb Code    10  stm32f4x7_eth.o(.text)
    ETH_SetDMATxDescOwnBit                   0x0800dae7   Thumb Code    10  stm32f4x7_eth.o(.text)
    ETH_DMATxDescTransmitITConfig            0x0800daf1   Thumb Code    22  stm32f4x7_eth.o(.text)
    ETH_DMATxDescFrameSegmentConfig          0x0800db07   Thumb Code     8  stm32f4x7_eth.o(.text)
    ETH_DMATxDescChecksumInsertionConfig     0x0800db0f   Thumb Code     8  stm32f4x7_eth.o(.text)
    ETH_DMATxDescCRCCmd                      0x0800db17   Thumb Code    22  stm32f4x7_eth.o(.text)
    ETH_DMATxDescSecondAddressChainedCmd     0x0800db2d   Thumb Code    22  stm32f4x7_eth.o(.text)
    ETH_DMATxDescShortFramePaddingCmd        0x0800db43   Thumb Code    22  stm32f4x7_eth.o(.text)
    ETH_DMATxDescBufferSizeConfig            0x0800db59   Thumb Code    14  stm32f4x7_eth.o(.text)
    ETH_GetDMARxDescFlagStatus               0x0800db67   Thumb Code    18  stm32f4x7_eth.o(.text)
    ETH_GetDMAPTPRxDescExtendedFlagStatus    0x0800db79   Thumb Code    18  stm32f4x7_eth.o(.text)
    ETH_SetDMARxDescOwnBit                   0x0800db8b   Thumb Code    10  stm32f4x7_eth.o(.text)
    ETH_GetDMARxDescFrameLength              0x0800db95   Thumb Code    10  stm32f4x7_eth.o(.text)
    ETH_DMARxDescReceiveITConfig             0x0800db9f   Thumb Code    22  stm32f4x7_eth.o(.text)
    ETH_GetDMARxDescBufferSize               0x0800dbb5   Thumb Code    20  stm32f4x7_eth.o(.text)
    ETH_GetRxPktSize                         0x0800dbc9   Thumb Code    42  stm32f4x7_eth.o(.text)
    ETH_EnhancedDescriptorCmd                0x0800dbf3   Thumb Code    30  stm32f4x7_eth.o(.text)
    ETH_SoftwareReset                        0x0800dc11   Thumb Code    14  stm32f4x7_eth.o(.text)
    ETH_GetSoftwareResetStatus               0x0800dc1f   Thumb Code    20  stm32f4x7_eth.o(.text)
    ETH_GetDMAFlagStatus                     0x0800dc33   Thumb Code    20  stm32f4x7_eth.o(.text)
    ETH_DMAClearFlag                         0x0800dc47   Thumb Code     6  stm32f4x7_eth.o(.text)
    ETH_DMAITConfig                          0x0800dc4d   Thumb Code    26  stm32f4x7_eth.o(.text)
    ETH_GetDMAITStatus                       0x0800dc67   Thumb Code    20  stm32f4x7_eth.o(.text)
    ETH_DMAClearITPendingBit                 0x0800dc7b   Thumb Code     6  stm32f4x7_eth.o(.text)
    ETH_GetTransmitProcessState              0x0800dc81   Thumb Code    10  stm32f4x7_eth.o(.text)
    ETH_GetReceiveProcessState               0x0800dc8b   Thumb Code    10  stm32f4x7_eth.o(.text)
    ETH_GetFlushTransmitFIFOStatus           0x0800dc95   Thumb Code    20  stm32f4x7_eth.o(.text)
    ETH_GetDMAOverflowStatus                 0x0800dca9   Thumb Code    20  stm32f4x7_eth.o(.text)
    ETH_GetRxOverflowMissedFrameCounter      0x0800dcbd   Thumb Code    10  stm32f4x7_eth.o(.text)
    ETH_GetBufferUnavailableMissedFrameCounter 0x0800dcc7   Thumb Code     8  stm32f4x7_eth.o(.text)
    ETH_GetCurrentTxDescStartAddress         0x0800dccf   Thumb Code     6  stm32f4x7_eth.o(.text)
    ETH_GetCurrentRxDescStartAddress         0x0800dcd5   Thumb Code     6  stm32f4x7_eth.o(.text)
    ETH_GetCurrentTxBufferAddress            0x0800dcdb   Thumb Code     6  stm32f4x7_eth.o(.text)
    ETH_GetCurrentRxBufferAddress            0x0800dce1   Thumb Code     6  stm32f4x7_eth.o(.text)
    ETH_ResumeDMATransmission                0x0800dce7   Thumb Code     8  stm32f4x7_eth.o(.text)
    ETH_ResumeDMAReception                   0x0800dcef   Thumb Code     8  stm32f4x7_eth.o(.text)
    ETH_SetReceiveWatchdogTimer              0x0800dcf7   Thumb Code     6  stm32f4x7_eth.o(.text)
    ETH_PHYLoopBackCmd                       0x0800dcfd   Thumb Code    52  stm32f4x7_eth.o(.text)
    ETH_ResetWakeUpFrameFilterRegisterPointer 0x0800dd31   Thumb Code    14  stm32f4x7_eth.o(.text)
    ETH_SetWakeUpFrameFilterRegister         0x0800dd3f   Thumb Code    24  stm32f4x7_eth.o(.text)
    ETH_GlobalUnicastWakeUpCmd               0x0800dd57   Thumb Code    30  stm32f4x7_eth.o(.text)
    ETH_GetPMTFlagStatus                     0x0800dd75   Thumb Code    20  stm32f4x7_eth.o(.text)
    ETH_WakeUpFrameDetectionCmd              0x0800dd89   Thumb Code    30  stm32f4x7_eth.o(.text)
    ETH_MagicPacketDetectionCmd              0x0800dda7   Thumb Code    30  stm32f4x7_eth.o(.text)
    ETH_PowerDownCmd                         0x0800ddc5   Thumb Code    50  stm32f4x7_eth.o(.text)
    ETH_MMCCounterFullPreset                 0x0800ddf7   Thumb Code    16  stm32f4x7_eth.o(.text)
    ETH_MMCCounterHalfPreset                 0x0800de07   Thumb Code    30  stm32f4x7_eth.o(.text)
    ETH_MMCCounterFreezeCmd                  0x0800de25   Thumb Code    34  stm32f4x7_eth.o(.text)
    ETH_MMCResetOnReadCmd                    0x0800de47   Thumb Code    34  stm32f4x7_eth.o(.text)
    ETH_MMCCounterRolloverCmd                0x0800de69   Thumb Code    34  stm32f4x7_eth.o(.text)
    ETH_MMCCountersReset                     0x0800de8b   Thumb Code    16  stm32f4x7_eth.o(.text)
    ETH_MMCITConfig                          0x0800de9b   Thumb Code    78  stm32f4x7_eth.o(.text)
    ETH_GetMMCITStatus                       0x0800dee9   Thumb Code    66  stm32f4x7_eth.o(.text)
    ETH_GetMMCRegister                       0x0800df2b   Thumb Code     8  stm32f4x7_eth.o(.text)
    vListInitialise                          0x0800df3d   Thumb Code    26  list.o(.text)
    vListInitialiseItem                      0x0800df57   Thumb Code     6  list.o(.text)
    vListInsertEnd                           0x0800df5d   Thumb Code    24  list.o(.text)
    vListInsert                              0x0800df75   Thumb Code    52  list.o(.text)
    uxListRemove                             0x0800dfa9   Thumb Code    40  list.o(.text)
    xQueueGenericReset                       0x0800dfd1   Thumb Code   146  queue.o(.text)
    xQueueGenericCreate                      0x0800e08d   Thumb Code    88  queue.o(.text)
    xQueueGenericSend                        0x0800e1fd   Thumb Code   380  queue.o(.text)
    xQueueCreateMutex                        0x0800e395   Thumb Code    34  queue.o(.text)
    xQueueGiveMutexRecursive                 0x0800e3b7   Thumb Code    72  queue.o(.text)
    xQueueGenericReceive                     0x0800e447   Thumb Code   406  queue.o(.text)
    xQueueTakeMutexRecursive                 0x0800e5dd   Thumb Code    82  queue.o(.text)
    xQueueCreateCountingSemaphore            0x0800e62f   Thumb Code    92  queue.o(.text)
    xQueueGenericSendFromISR                 0x0800e68b   Thumb Code   248  queue.o(.text)
    xQueueGiveFromISR                        0x0800e783   Thumb Code   224  queue.o(.text)
    xQueueReceiveFromISR                     0x0800e863   Thumb Code   210  queue.o(.text)
    xQueuePeekFromISR                        0x0800e935   Thumb Code   176  queue.o(.text)
    uxQueueMessagesWaiting                   0x0800e9e5   Thumb Code    42  queue.o(.text)
    uxQueueSpacesAvailable                   0x0800ea0f   Thumb Code    48  queue.o(.text)
    uxQueueMessagesWaitingFromISR            0x0800ea3f   Thumb Code    30  queue.o(.text)
    vQueueUnregisterQueue                    0x0800ea5d   Thumb Code    44  queue.o(.text)
    vQueueDelete                             0x0800ea89   Thumb Code    44  queue.o(.text)
    uxQueueGetQueueNumber                    0x0800eab5   Thumb Code     6  queue.o(.text)
    vQueueSetQueueNumber                     0x0800eabb   Thumb Code     4  queue.o(.text)
    ucQueueGetQueueType                      0x0800eabf   Thumb Code     8  queue.o(.text)
    xQueueIsQueueEmptyFromISR                0x0800eac7   Thumb Code    38  queue.o(.text)
    xQueueIsQueueFullFromISR                 0x0800eaed   Thumb Code    42  queue.o(.text)
    vQueueAddToRegistry                      0x0800eb17   Thumb Code    38  queue.o(.text)
    pcQueueGetName                           0x0800eb3d   Thumb Code    38  queue.o(.text)
    xTaskCreate                              0x0800ecff   Thumb Code    96  tasks.o(.text)
    vTaskDelete                              0x0800ed9b   Thumb Code   202  tasks.o(.text)
    xTaskIncrementTick                       0x0800ee65   Thumb Code   380  tasks.o(.text)
    xTaskResumeAll                           0x0800efe1   Thumb Code   224  tasks.o(.text)
    vTaskSuspendAll                          0x0800f13d   Thumb Code    12  tasks.o(.text)
    vTaskDelay                               0x0800f149   Thumb Code    82  tasks.o(.text)
    eTaskGetState                            0x0800f19b   Thumb Code   112  tasks.o(.text)
    uxTaskPriorityGet                        0x0800f20b   Thumb Code    30  tasks.o(.text)
    uxTaskPriorityGetFromISR                 0x0800f229   Thumb Code    62  tasks.o(.text)
    vTaskPrioritySet                         0x0800f267   Thumb Code   260  tasks.o(.text)
    vTaskSwitchContext                       0x0800f36b   Thumb Code   236  tasks.o(.text)
    vTaskSuspend                             0x0800f457   Thumb Code   196  tasks.o(.text)
    vTaskResume                              0x0800f56b   Thumb Code   128  tasks.o(.text)
    xTaskResumeFromISR                       0x0800f5eb   Thumb Code   158  tasks.o(.text)
    vTaskStartScheduler                      0x0800f6ff   Thumb Code   108  tasks.o(.text)
    vTaskEndScheduler                        0x0800f76b   Thumb Code    32  tasks.o(.text)
    xTaskGetTickCount                        0x0800f78b   Thumb Code     6  tasks.o(.text)
    xTaskGetTickCountFromISR                 0x0800f791   Thumb Code    16  tasks.o(.text)
    uxTaskGetNumberOfTasks                   0x0800f7a1   Thumb Code     6  tasks.o(.text)
    pcTaskGetName                            0x0800f7a7   Thumb Code    44  tasks.o(.text)
    vTaskGetInfo                             0x0800f82d   Thumb Code   114  tasks.o(.text)
    uxTaskGetSystemState                     0x0800f909   Thumb Code   152  tasks.o(.text)
    vTaskPlaceOnEventList                    0x0800f9a1   Thumb Code    52  tasks.o(.text)
    vTaskPlaceOnUnorderedEventList           0x0800f9d5   Thumb Code   100  tasks.o(.text)
    xTaskRemoveFromEventList                 0x0800fa39   Thumb Code   128  tasks.o(.text)
    xTaskRemoveFromUnorderedEventList        0x0800fab9   Thumb Code   154  tasks.o(.text)
    vTaskSetTimeOutState                     0x0800fb53   Thumb Code    38  tasks.o(.text)
    xTaskCheckForTimeOut                     0x0800fb79   Thumb Code   132  tasks.o(.text)
    vTaskMissedYield                         0x0800fbfd   Thumb Code     8  tasks.o(.text)
    uxTaskGetTaskNumber                      0x0800fc05   Thumb Code    14  tasks.o(.text)
    vTaskSetTaskNumber                       0x0800fc13   Thumb Code    62  tasks.o(.text)
    xTaskGetCurrentTaskHandle                0x0800fc51   Thumb Code     6  tasks.o(.text)
    vTaskPriorityInherit                     0x0800fc57   Thumb Code   164  tasks.o(.text)
    xTaskPriorityDisinherit                  0x0800fcfb   Thumb Code   188  tasks.o(.text)
    vTaskList                                0x0800fde1   Thumb Code   204  tasks.o(.text)
    uxTaskResetEventItemValue                0x0800fead   Thumb Code    24  tasks.o(.text)
    pvTaskIncrementMutexHeldCount            0x0800fec5   Thumb Code    26  tasks.o(.text)
    ulTaskNotifyTake                         0x0800fedf   Thumb Code   108  tasks.o(.text)
    xTaskNotifyWait                          0x0800ff4b   Thumb Code   150  tasks.o(.text)
    xTaskGenericNotify                       0x0800ffe1   Thumb Code   280  tasks.o(.text)
    xTaskGenericNotifyFromISR                0x080100f9   Thumb Code   298  tasks.o(.text)
    vTaskNotifyGiveFromISR                   0x08010223   Thumb Code   216  tasks.o(.text)
    xTaskNotifyStateClear                    0x080102fb   Thumb Code    48  tasks.o(.text)
    pxPortInitialiseStack                    0x08010385   Thumb Code    38  port.o(.text)
    vPortSetupTimerInterrupt                 0x080103ab   Thumb Code    14  port.o(.text)
    xPortStartScheduler                      0x080103b9   Thumb Code   288  port.o(.text)
    vPortEndScheduler                        0x080104d9   Thumb Code    42  port.o(.text)
    vPortEnterCritical                       0x08010503   Thumb Code    78  port.o(.text)
    vPortExitCritical                        0x08010551   Thumb Code    56  port.o(.text)
    SysTick_Handler                          0x08010589   Thumb Code    48  port.o(.text)
    vPortValidateInterruptPriority           0x080105b9   Thumb Code   108  port.o(.text)
    pvPortMalloc                             0x08010673   Thumb Code   176  heap_2.o(.text)
    vPortFree                                0x08010723   Thumb Code    56  heap_2.o(.text)
    xPortGetFreeHeapSize                     0x0801075b   Thumb Code     6  heap_2.o(.text)
    vPortInitialiseBlocks                    0x08010761   Thumb Code     2  heap_2.o(.text)
    Reset_Handler                            0x08010779   Thumb Code     8  startup_stm32f4xx.o(.text)
    ADC_IRQHandler                           0x08010793   Thumb Code     0  startup_stm32f4xx.o(.text)
    CAN1_RX0_IRQHandler                      0x08010793   Thumb Code     0  startup_stm32f4xx.o(.text)
    CAN1_RX1_IRQHandler                      0x08010793   Thumb Code     0  startup_stm32f4xx.o(.text)
    CAN1_SCE_IRQHandler                      0x08010793   Thumb Code     0  startup_stm32f4xx.o(.text)
    CAN1_TX_IRQHandler                       0x08010793   Thumb Code     0  startup_stm32f4xx.o(.text)
    CAN2_RX0_IRQHandler                      0x08010793   Thumb Code     0  startup_stm32f4xx.o(.text)
    CAN2_RX1_IRQHandler                      0x08010793   Thumb Code     0  startup_stm32f4xx.o(.text)
    CAN2_SCE_IRQHandler                      0x08010793   Thumb Code     0  startup_stm32f4xx.o(.text)
    CAN2_TX_IRQHandler                       0x08010793   Thumb Code     0  startup_stm32f4xx.o(.text)
    CRYP_IRQHandler                          0x08010793   Thumb Code     0  startup_stm32f4xx.o(.text)
    DCMI_IRQHandler                          0x08010793   Thumb Code     0  startup_stm32f4xx.o(.text)
    DMA1_Stream0_IRQHandler                  0x08010793   Thumb Code     0  startup_stm32f4xx.o(.text)
    DMA1_Stream1_IRQHandler                  0x08010793   Thumb Code     0  startup_stm32f4xx.o(.text)
    DMA1_Stream2_IRQHandler                  0x08010793   Thumb Code     0  startup_stm32f4xx.o(.text)
    DMA1_Stream3_IRQHandler                  0x08010793   Thumb Code     0  startup_stm32f4xx.o(.text)
    DMA1_Stream4_IRQHandler                  0x08010793   Thumb Code     0  startup_stm32f4xx.o(.text)
    DMA1_Stream5_IRQHandler                  0x08010793   Thumb Code     0  startup_stm32f4xx.o(.text)
    DMA1_Stream6_IRQHandler                  0x08010793   Thumb Code     0  startup_stm32f4xx.o(.text)
    DMA1_Stream7_IRQHandler                  0x08010793   Thumb Code     0  startup_stm32f4xx.o(.text)
    DMA2_Stream0_IRQHandler                  0x08010793   Thumb Code     0  startup_stm32f4xx.o(.text)
    DMA2_Stream1_IRQHandler                  0x08010793   Thumb Code     0  startup_stm32f4xx.o(.text)
    DMA2_Stream2_IRQHandler                  0x08010793   Thumb Code     0  startup_stm32f4xx.o(.text)
    DMA2_Stream3_IRQHandler                  0x08010793   Thumb Code     0  startup_stm32f4xx.o(.text)
    DMA2_Stream4_IRQHandler                  0x08010793   Thumb Code     0  startup_stm32f4xx.o(.text)
    DMA2_Stream5_IRQHandler                  0x08010793   Thumb Code     0  startup_stm32f4xx.o(.text)
    DMA2_Stream6_IRQHandler                  0x08010793   Thumb Code     0  startup_stm32f4xx.o(.text)
    DMA2_Stream7_IRQHandler                  0x08010793   Thumb Code     0  startup_stm32f4xx.o(.text)
    ETH_WKUP_IRQHandler                      0x08010793   Thumb Code     0  startup_stm32f4xx.o(.text)
    EXTI0_IRQHandler                         0x08010793   Thumb Code     0  startup_stm32f4xx.o(.text)
    EXTI15_10_IRQHandler                     0x08010793   Thumb Code     0  startup_stm32f4xx.o(.text)
    EXTI1_IRQHandler                         0x08010793   Thumb Code     0  startup_stm32f4xx.o(.text)
    EXTI2_IRQHandler                         0x08010793   Thumb Code     0  startup_stm32f4xx.o(.text)
    EXTI3_IRQHandler                         0x08010793   Thumb Code     0  startup_stm32f4xx.o(.text)
    EXTI4_IRQHandler                         0x08010793   Thumb Code     0  startup_stm32f4xx.o(.text)
    EXTI9_5_IRQHandler                       0x08010793   Thumb Code     0  startup_stm32f4xx.o(.text)
    FLASH_IRQHandler                         0x08010793   Thumb Code     0  startup_stm32f4xx.o(.text)
    FPU_IRQHandler                           0x08010793   Thumb Code     0  startup_stm32f4xx.o(.text)
    FSMC_IRQHandler                          0x08010793   Thumb Code     0  startup_stm32f4xx.o(.text)
    HASH_RNG_IRQHandler                      0x08010793   Thumb Code     0  startup_stm32f4xx.o(.text)
    I2C1_ER_IRQHandler                       0x08010793   Thumb Code     0  startup_stm32f4xx.o(.text)
    I2C1_EV_IRQHandler                       0x08010793   Thumb Code     0  startup_stm32f4xx.o(.text)
    I2C2_ER_IRQHandler                       0x08010793   Thumb Code     0  startup_stm32f4xx.o(.text)
    I2C2_EV_IRQHandler                       0x08010793   Thumb Code     0  startup_stm32f4xx.o(.text)
    I2C3_ER_IRQHandler                       0x08010793   Thumb Code     0  startup_stm32f4xx.o(.text)
    I2C3_EV_IRQHandler                       0x08010793   Thumb Code     0  startup_stm32f4xx.o(.text)
    OTG_FS_IRQHandler                        0x08010793   Thumb Code     0  startup_stm32f4xx.o(.text)
    OTG_FS_WKUP_IRQHandler                   0x08010793   Thumb Code     0  startup_stm32f4xx.o(.text)
    OTG_HS_EP1_IN_IRQHandler                 0x08010793   Thumb Code     0  startup_stm32f4xx.o(.text)
    OTG_HS_EP1_OUT_IRQHandler                0x08010793   Thumb Code     0  startup_stm32f4xx.o(.text)
    OTG_HS_IRQHandler                        0x08010793   Thumb Code     0  startup_stm32f4xx.o(.text)
    OTG_HS_WKUP_IRQHandler                   0x08010793   Thumb Code     0  startup_stm32f4xx.o(.text)
    PVD_IRQHandler                           0x08010793   Thumb Code     0  startup_stm32f4xx.o(.text)
    RCC_IRQHandler                           0x08010793   Thumb Code     0  startup_stm32f4xx.o(.text)
    RTC_Alarm_IRQHandler                     0x08010793   Thumb Code     0  startup_stm32f4xx.o(.text)
    RTC_WKUP_IRQHandler                      0x08010793   Thumb Code     0  startup_stm32f4xx.o(.text)
    SDIO_IRQHandler                          0x08010793   Thumb Code     0  startup_stm32f4xx.o(.text)
    SPI1_IRQHandler                          0x08010793   Thumb Code     0  startup_stm32f4xx.o(.text)
    SPI2_IRQHandler                          0x08010793   Thumb Code     0  startup_stm32f4xx.o(.text)
    SPI3_IRQHandler                          0x08010793   Thumb Code     0  startup_stm32f4xx.o(.text)
    TAMP_STAMP_IRQHandler                    0x08010793   Thumb Code     0  startup_stm32f4xx.o(.text)
    TIM1_BRK_TIM9_IRQHandler                 0x08010793   Thumb Code     0  startup_stm32f4xx.o(.text)
    TIM1_CC_IRQHandler                       0x08010793   Thumb Code     0  startup_stm32f4xx.o(.text)
    TIM1_TRG_COM_TIM11_IRQHandler            0x08010793   Thumb Code     0  startup_stm32f4xx.o(.text)
    TIM1_UP_TIM10_IRQHandler                 0x08010793   Thumb Code     0  startup_stm32f4xx.o(.text)
    TIM5_IRQHandler                          0x08010793   Thumb Code     0  startup_stm32f4xx.o(.text)
    TIM6_DAC_IRQHandler                      0x08010793   Thumb Code     0  startup_stm32f4xx.o(.text)
    TIM7_IRQHandler                          0x08010793   Thumb Code     0  startup_stm32f4xx.o(.text)
    TIM8_BRK_TIM12_IRQHandler                0x08010793   Thumb Code     0  startup_stm32f4xx.o(.text)
    TIM8_CC_IRQHandler                       0x08010793   Thumb Code     0  startup_stm32f4xx.o(.text)
    TIM8_TRG_COM_TIM14_IRQHandler            0x08010793   Thumb Code     0  startup_stm32f4xx.o(.text)
    TIM8_UP_TIM13_IRQHandler                 0x08010793   Thumb Code     0  startup_stm32f4xx.o(.text)
    UART4_IRQHandler                         0x08010793   Thumb Code     0  startup_stm32f4xx.o(.text)
    UART5_IRQHandler                         0x08010793   Thumb Code     0  startup_stm32f4xx.o(.text)
    USART1_IRQHandler                        0x08010793   Thumb Code     0  startup_stm32f4xx.o(.text)
    USART2_IRQHandler                        0x08010793   Thumb Code     0  startup_stm32f4xx.o(.text)
    USART3_IRQHandler                        0x08010793   Thumb Code     0  startup_stm32f4xx.o(.text)
    USART6_IRQHandler                        0x08010793   Thumb Code     0  startup_stm32f4xx.o(.text)
    WWDG_IRQHandler                          0x08010793   Thumb Code     0  startup_stm32f4xx.o(.text)
    __user_initial_stackheap                 0x08010795   Thumb Code     0  startup_stm32f4xx.o(.text)
    malloc                                   0x080107b9   Thumb Code    94  h1_alloc.o(.text)
    free                                     0x08010817   Thumb Code    78  h1_free.o(.text)
    __2sprintf                               0x08010865   Thumb Code    34  noretval__2sprintf.o(.text)
    _printf_pre_padding                      0x0801088d   Thumb Code    44  _printf_pad.o(.text)
    _printf_post_padding                     0x080108b9   Thumb Code    34  _printf_pad.o(.text)
    _printf_str                              0x080108db   Thumb Code    82  _printf_str.o(.text)
    _printf_int_dec                          0x0801092d   Thumb Code   104  _printf_dec.o(.text)
    __printf                                 0x080109a5   Thumb Code   270  __printf_wp.o(.text)
    strcpy                                   0x08010ab3   Thumb Code    72  strcpy.o(.text)
    strlen                                   0x08010afb   Thumb Code    62  strlen.o(.text)
    __aeabi_memcpy                           0x08010b39   Thumb Code     0  rt_memcpy_v6.o(.text)
    __rt_memcpy                              0x08010b39   Thumb Code   138  rt_memcpy_v6.o(.text)
    _memcpy_lastbytes                        0x08010b9f   Thumb Code     0  rt_memcpy_v6.o(.text)
    __aeabi_memset                           0x08010bc3   Thumb Code    16  aeabi_memset.o(.text)
    __aeabi_memclr                           0x08010bd3   Thumb Code     0  rt_memclr.o(.text)
    __rt_memclr                              0x08010bd3   Thumb Code    68  rt_memclr.o(.text)
    _memset                                  0x08010bd7   Thumb Code     0  rt_memclr.o(.text)
    __aeabi_memclr4                          0x08010c17   Thumb Code     0  rt_memclr_w.o(.text)
    __aeabi_memclr8                          0x08010c17   Thumb Code     0  rt_memclr_w.o(.text)
    __rt_memclr_w                            0x08010c17   Thumb Code    78  rt_memclr_w.o(.text)
    _memset_w                                0x08010c1b   Thumb Code     0  rt_memclr_w.o(.text)
    strncpy                                  0x08010c65   Thumb Code    86  strncpy.o(.text)
    strcmp                                   0x08010cbd   Thumb Code   128  strcmpv7m.o(.text)
    __use_two_region_memory                  0x08010d3d   Thumb Code     2  heapauxi.o(.text)
    __rt_heap_escrow                         0x08010d3f   Thumb Code     2  heapauxi.o(.text)
    __rt_heap_expand                         0x08010d41   Thumb Code     2  heapauxi.o(.text)
    __rt_heap_descriptor                     0x08010d45   Thumb Code     8  rt_heap_descriptor_intlibspace.o(.text)
    __use_no_heap                            0x08010d4d   Thumb Code     2  hguard.o(.text)
    __heap$guard                             0x08010d4f   Thumb Code     2  hguard.o(.text)
    _terminate_user_alloc                    0x08010d51   Thumb Code     2  init_alloc.o(.text)
    _init_user_alloc                         0x08010d53   Thumb Code     2  init_alloc.o(.text)
    __Heap_Full                              0x08010d55   Thumb Code    34  init_alloc.o(.text)
    __Heap_Broken                            0x08010d77   Thumb Code     6  init_alloc.o(.text)
    _init_alloc                              0x08010d7d   Thumb Code    94  init_alloc.o(.text)
    __Heap_Initialize                        0x08010ddb   Thumb Code    10  h1_init.o(.text)
    __Heap_DescSize                          0x08010de5   Thumb Code     4  h1_init.o(.text)
    _printf_int_common                       0x08010de9   Thumb Code   178  _printf_intcommon.o(.text)
    __lib_sel_fp_printf                      0x08010e9b   Thumb Code     2  _printf_fp_dec.o(.text)
    _printf_fp_dec_real                      0x0801104d   Thumb Code   620  _printf_fp_dec.o(.text)
    _printf_char_common                      0x080112c3   Thumb Code    32  _printf_char_common.o(.text)
    _sputc                                   0x080112e9   Thumb Code    10  _sputc.o(.text)
    _printf_cs_common                        0x080112f3   Thumb Code    20  _printf_char.o(.text)
    _printf_char                             0x08011307   Thumb Code    16  _printf_char.o(.text)
    _printf_string                           0x08011317   Thumb Code     8  _printf_char.o(.text)
    __aeabi_memcpy4                          0x0801131f   Thumb Code     0  rt_memcpy_w.o(.text)
    __aeabi_memcpy8                          0x0801131f   Thumb Code     0  rt_memcpy_w.o(.text)
    __rt_memcpy_w                            0x0801131f   Thumb Code   100  rt_memcpy_w.o(.text)
    _memcpy_lastbytes_aligned                0x08011367   Thumb Code     0  rt_memcpy_w.o(.text)
    __user_libspace                          0x08011385   Thumb Code     8  libspace.o(.text)
    __user_perproc_libspace                  0x08011385   Thumb Code     0  libspace.o(.text)
    __user_perthread_libspace                0x08011385   Thumb Code     0  libspace.o(.text)
    __rt_locale                              0x0801138d   Thumb Code     8  rt_locale_intlibspace.o(.text)
    __Heap_ProvideMemory                     0x08011395   Thumb Code    52  h1_extend.o(.text)
    _ll_udiv10                               0x080113c9   Thumb Code   138  lludiv10.o(.text)
    _printf_fp_infnan                        0x08011455   Thumb Code   112  _printf_fp_infnan.o(.text)
    _btod_etento                             0x080114d5   Thumb Code   224  bigflt0.o(.text)
    __rt_SIGRTMEM                            0x080115b9   Thumb Code    14  defsig_rtmem_outer.o(.text)
    __I$use$semihosting                      0x080115c7   Thumb Code     0  use_no_semi.o(.text)
    __use_no_semihosting_swi                 0x080115c7   Thumb Code     2  use_no_semi.o(.text)
    __semihosting_library_function           0x080115c9   Thumb Code     0  indicate_semi.o(.text)
    __user_setup_stackheap                   0x080115c9   Thumb Code    74  sys_stackheap_outer.o(.text)
    exit                                     0x08011613   Thumb Code    18  exit.o(.text)
    __sig_exit                               0x08011625   Thumb Code    10  defsig_exit.o(.text)
    __rt_SIGRTMEM_inner                      0x08011631   Thumb Code    22  defsig_rtmem_inner.o(.text)
    _sys_exit                                0x08011681   Thumb Code     8  sys_exit.o(.text)
    __default_signal_display                 0x0801168d   Thumb Code    50  defsig_general.o(.text)
    _ttywrch                                 0x080116bf   Thumb Code    14  sys_wrch.o(.text)
    _btod_d2e                                0x080116cd   Thumb Code    62  btod.o(CL$$btod_d2e)
    _d2e_denorm_low                          0x0801170b   Thumb Code    70  btod.o(CL$$btod_d2e_denorm_low)
    _d2e_norm_op1                            0x08011751   Thumb Code    96  btod.o(CL$$btod_d2e_norm_op1)
    __btod_div_common                        0x080117b1   Thumb Code   696  btod.o(CL$$btod_div_common)
    _e2e                                     0x08011ae9   Thumb Code   220  btod.o(CL$$btod_e2e)
    _btod_ediv                               0x08011bc5   Thumb Code    42  btod.o(CL$$btod_ediv)
    _btod_emul                               0x08011bef   Thumb Code    42  btod.o(CL$$btod_emul)
    __btod_mult_common                       0x08011c19   Thumb Code   580  btod.o(CL$$btod_mult_common)
    __ARM_fpclassify                         0x08011e5d   Thumb Code    48  fpclassify.o(i.__ARM_fpclassify)
    _is_digit                                0x08011e8d   Thumb Code    14  __printf_wp.o(i._is_digit)
    _get_lc_numeric                          0x08011e9d   Thumb Code    44  lc_numeric_c.o(locale$$code)
    __aeabi_d2f                              0x08011ec9   Thumb Code     0  d2f.o(x$fpl$d2f)
    _d2f                                     0x08011ec9   Thumb Code    98  d2f.o(x$fpl$d2f)
    __aeabi_dadd                             0x08011f2d   Thumb Code     0  daddsub_clz.o(x$fpl$dadd)
    _dadd                                    0x08011f2d   Thumb Code   332  daddsub_clz.o(x$fpl$dadd)
    __fpl_dcmp_Inf                           0x0801207d   Thumb Code    24  dcmpi.o(x$fpl$dcmpinf)
    __aeabi_ddiv                             0x08012095   Thumb Code     0  ddiv.o(x$fpl$ddiv)
    _ddiv                                    0x08012095   Thumb Code   552  ddiv.o(x$fpl$ddiv)
    __aeabi_d2uiz                            0x08012345   Thumb Code     0  dfixu.o(x$fpl$dfixu)
    _dfixu                                   0x08012345   Thumb Code    90  dfixu.o(x$fpl$dfixu)
    __aeabi_i2d                              0x0801239f   Thumb Code     0  dflt_clz.o(x$fpl$dflt)
    _dflt                                    0x0801239f   Thumb Code    46  dflt_clz.o(x$fpl$dflt)
    __aeabi_ui2d                             0x080123cd   Thumb Code     0  dflt_clz.o(x$fpl$dfltu)
    _dfltu                                   0x080123cd   Thumb Code    38  dflt_clz.o(x$fpl$dfltu)
    __aeabi_cdcmple                          0x080123f5   Thumb Code     0  dleqf.o(x$fpl$dleqf)
    _dcmple                                  0x080123f5   Thumb Code   120  dleqf.o(x$fpl$dleqf)
    __fpl_dcmple_InfNaN                      0x08012457   Thumb Code     0  dleqf.o(x$fpl$dleqf)
    __aeabi_dmul                             0x0801246d   Thumb Code     0  dmul.o(x$fpl$dmul)
    _dmul                                    0x0801246d   Thumb Code   332  dmul.o(x$fpl$dmul)
    __fpl_dnaninf                            0x080125c1   Thumb Code   156  dnaninf.o(x$fpl$dnaninf)
    __fpl_dretinf                            0x0801265d   Thumb Code    12  dretinf.o(x$fpl$dretinf)
    __aeabi_cdrcmple                         0x08012669   Thumb Code     0  drleqf.o(x$fpl$drleqf)
    _drcmple                                 0x08012669   Thumb Code   108  drleqf.o(x$fpl$drleqf)
    __aeabi_drsub                            0x080126d5   Thumb Code     0  daddsub_clz.o(x$fpl$drsb)
    _drsb                                    0x080126d5   Thumb Code    22  daddsub_clz.o(x$fpl$drsb)
    __aeabi_dsub                             0x080126ed   Thumb Code     0  daddsub_clz.o(x$fpl$dsub)
    _dsub                                    0x080126ed   Thumb Code   464  daddsub_clz.o(x$fpl$dsub)
    _fp_init                                 0x080128c1   Thumb Code    10  fpinit.o(x$fpl$fpinit)
    __fplib_config_fpu_vfp                   0x080128c9   Thumb Code     0  fpinit.o(x$fpl$fpinit)
    __fplib_config_pureend_doubles           0x080128c9   Thumb Code     0  fpinit.o(x$fpl$fpinit)
    __fpl_fretinf                            0x080128cb   Thumb Code    10  fretinf.o(x$fpl$fretinf)
    _printf_fp_dec                           0x080128d5   Thumb Code     4  printf1.o(x$fpl$printf1)
    GL_ASCII16x24_Table                      0x080128d8   Data        4560  gl_fonts.o(.constdata)
    __I$use$fp                               0x080128d8   Number         0  usenofp.o(x$fpl$usenofp)
    GL_ASCII12x12_Table                      0x08013aa8   Data        2304  gl_fonts.o(.constdata)
    GL_ASCII8x12_Table                       0x080143a8   Data        2304  gl_fonts.o(.constdata)
    GL_ASCII8x8_Table                        0x08014ca8   Data        1536  gl_fonts.o(.constdata)
    GL_ASCII8x12_bold_Table                  0x080152a8   Data        5376  gl_fonts.o(.constdata)
    GL_ASCII36x48                            0x080167a8   Data       12480  gl_fonts.o(.constdata)
    RButtonA                                 0x08019868   Data         866  images.o(.constdata)
    RButtonB                                 0x08019bca   Data         866  images.o(.constdata)
    CheckBox1                                0x08019f2c   Data         866  images.o(.constdata)
    CheckBox2                                0x0801a28e   Data         866  images.o(.constdata)
    ArrowUpUntouched                         0x0801a5f0   Data        1034  images.o(.constdata)
    ArrowUpTouched                           0x0801a9fa   Data        1034  images.o(.constdata)
    ArrowDownUntouched                       0x0801ae04   Data        1034  images.o(.constdata)
    ArrowDownTouched                         0x0801b20e   Data        1034  images.o(.constdata)
    BtnNormalLeft                            0x0801b618   Data         482  images.o(.constdata)
    BtnNormalRight                           0x0801b7fa   Data         482  images.o(.constdata)
    BtnNormal                                0x0801b9dc   Data         482  images.o(.constdata)
    BtnPressedLeft                           0x0801bbbe   Data         482  images.o(.constdata)
    BtnPressedRight                          0x0801bda0   Data         482  images.o(.constdata)
    BtnPressed                               0x0801bf82   Data         482  images.o(.constdata)
    SwitchNormalLeft                         0x0801c164   Data         482  images.o(.constdata)
    SwitchNormalRight                        0x0801c346   Data         482  images.o(.constdata)
    SwitchNormal                             0x0801c528   Data         482  images.o(.constdata)
    SwitchPressedLeft                        0x0801c70a   Data         482  images.o(.constdata)
    SwitchPressedRight                       0x0801c8ec   Data         482  images.o(.constdata)
    SwitchPressed                            0x0801cace   Data         482  images.o(.constdata)
    SlidebarLeft                             0x0801ccb0   Data         210  images.o(.constdata)
    SlidebarRight                            0x0801cd82   Data         210  images.o(.constdata)
    SlidebarCentral                          0x0801ce54   Data         210  images.o(.constdata)
    SlidebarCursor                           0x0801cf26   Data         306  images.o(.constdata)
    ASCII16x24_Table                         0x0801d05c   Data        4560  fonts.o(.constdata)
    ASCII12x12_Table                         0x0801e22c   Data        2304  fonts.o(.constdata)
    ASCII8x12_Table                          0x0801eb2c   Data        2304  fonts.o(.constdata)
    ASCII8x8_Table                           0x0801f42c   Data        1536  fonts.o(.constdata)
    ASCII36x48_Table                         0x0801fa2c   Data       12480  fonts.o(.constdata)
    ASCII8x12_bold_Table                     0x08022aec   Data        5376  fonts.o(.constdata)
    GPIO_PIN                                 0x08023fec   Data           8  stm32f4_discovery_user.o(.constdata)
    GPIO_CLK                                 0x08023ff4   Data          16  stm32f4_discovery_user.o(.constdata)
    BUTTON_PIN                               0x08024004   Data           2  stm32f4_discovery_user.o(.constdata)
    BUTTON_CLK                               0x08024008   Data           4  stm32f4_discovery_user.o(.constdata)
    BUTTON_EXTI_LINE                         0x0802400c   Data           2  stm32f4_discovery_user.o(.constdata)
    BUTTON_PORT_SOURCE                       0x0802400e   Data           1  stm32f4_discovery_user.o(.constdata)
    BUTTON_PIN_SOURCE                        0x0802400f   Data           1  stm32f4_discovery_user.o(.constdata)
    BUTTON_IRQn                              0x08024010   Data           1  stm32f4_discovery_user.o(.constdata)
    COM_USART_CLK                            0x08024014   Data           8  stm32f4_discovery_user.o(.constdata)
    COM_TX_PORT_CLK                          0x0802401c   Data           8  stm32f4_discovery_user.o(.constdata)
    COM_RX_PORT_CLK                          0x08024024   Data           8  stm32f4_discovery_user.o(.constdata)
    COM_TX_PIN                               0x0802402c   Data           4  stm32f4_discovery_user.o(.constdata)
    COM_RX_PIN                               0x08024030   Data           4  stm32f4_discovery_user.o(.constdata)
    COM_TX_PIN_SOURCE                        0x08024034   Data           4  stm32f4_discovery_user.o(.constdata)
    COM_RX_PIN_SOURCE                        0x08024038   Data           4  stm32f4_discovery_user.o(.constdata)
    COM_TX_AF                                0x0802403c   Data           4  stm32f4_discovery_user.o(.constdata)
    COM_RX_AF                                0x08024040   Data           4  stm32f4_discovery_user.o(.constdata)
    Region$$Table$$Base                      0x080240ec   Number         0  anon$$obj.o(Region$$Table)
    Region$$Table$$Limit                     0x0802410c   Number         0  anon$$obj.o(Region$$Table)
    SystemCoreClock                          0x20000000   Data           4  system_stm32f4xx.o(.data)
    AHBPrescTable                            0x20000004   Data          16  system_stm32f4xx.o(.data)
    DosingTest_Flag                          0x20000016   Data           1  uiappuser.o(.data)
    CurrentScreen                            0x2000001c   Data           4  uiframework.o(.data)
    GL_Font                                  0x20000020   Data           1  lcdhal.o(.data)
    GL_FontWidth                             0x20000021   Data           1  lcdhal.o(.data)
    GL_FontHeight                            0x20000022   Data           1  lcdhal.o(.data)
    LCD_Height                               0x20000024   Data           2  lcdhal.o(.data)
    LCD_Width                                0x20000026   Data           2  lcdhal.o(.data)
    LCD_Direction                            0x20000028   Data           1  lcdhal.o(.data)
    TextColor                                0x2000002a   Data           2  lcdhal.o(.data)
    BackColor                                0x2000002c   Data           2  lcdhal.o(.data)
    Cursor                                   0x20000030   Data           4  cursor.o(.data)
    u32_TSXCoordinate                        0x20000044   Data           4  cursor.o(.data)
    u32_TSYCoordinate                        0x20000048   Data           4  cursor.o(.data)
    GL_Font16x24                             0x2000004c   Data           8  gl_fonts.o(.data)
    GL_Font12x12                             0x20000054   Data           8  gl_fonts.o(.data)
    GL_Font8x12                              0x2000005c   Data           8  gl_fonts.o(.data)
    GL_Font8x12_bold                         0x20000064   Data           8  gl_fonts.o(.data)
    GL_Font8x8                               0x2000006c   Data           8  gl_fonts.o(.data)
    GL_Font36x48                             0x20000074   Data           8  gl_fonts.o(.data)
    vu32_gTimeOutCount                       0x200000ac   Data           4  graphicobject.o(.data)
    vu8_gTouchEnable                         0x200000b0   Data           1  graphicobject.o(.data)
    vu8_gSleepState                          0x200000b1   Data           1  graphicobject.o(.data)
    ValidTouchDetected                       0x200000b2   Data           1  graphicobject.o(.data)
    vu8_gPowerSaveOption                     0x200000b3   Data           1  graphicobject.o(.data)
    touch_done                               0x200000b4   Data           1  graphicobject.o(.data)
    joy_done                                 0x200000b5   Data           1  graphicobject.o(.data)
    calibration_done                         0x200000b6   Data           1  graphicobject.o(.data)
    __stdout                                 0x200000bc   Data           4  stm32f4xx_uartstdio.o(.data)
    Font16x24                                0x200000cc   Data           8  fonts.o(.data)
    Font12x12                                0x200000d4   Data           8  fonts.o(.data)
    Font8x12                                 0x200000dc   Data           8  fonts.o(.data)
    Font8x8                                  0x200000e4   Data           8  fonts.o(.data)
    Font36x48                                0x200000ec   Data           8  fonts.o(.data)
    Font8x12_bold                            0x200000f4   Data           8  fonts.o(.data)
    A2                                       0x200000fc   Data           4  stm32f4_discovery_tsc2046.o(.data)
    B2                                       0x20000100   Data           4  stm32f4_discovery_tsc2046.o(.data)
    C2                                       0x20000104   Data           4  stm32f4_discovery_tsc2046.o(.data)
    D2                                       0x20000108   Data           4  stm32f4_discovery_tsc2046.o(.data)
    E2                                       0x2000010c   Data           4  stm32f4_discovery_tsc2046.o(.data)
    F2                                       0x20000110   Data           4  stm32f4_discovery_tsc2046.o(.data)
    XCoordinate                              0x20000114   Data           2  stm32f4_discovery_tsc2046.o(.data)
    YCoordinate                              0x20000116   Data           2  stm32f4_discovery_tsc2046.o(.data)
    tmp                                      0x20000118   Data           4  stm32f4_discovery_tsc2046.o(.data)
    mydata                                   0x2000011c   Data           4  stm32f4_discovery_tsc2046.o(.data)
    display                                  0x20000120   Data           4  stm32f4_discovery_tsc2046.o(.data)
    i                                        0x20000124   Data           4  stm32f4_discovery_tsc2046.o(.data)
    GPIO_PORT                                0x2000012c   Data          16  stm32f4_discovery_user.o(.data)
    BUTTON_PORT                              0x2000013c   Data           4  stm32f4_discovery_user.o(.data)
    COM_USART                                0x20000140   Data           8  stm32f4_discovery_user.o(.data)
    COM_TX_PORT                              0x20000148   Data           8  stm32f4_discovery_user.o(.data)
    COM_RX_PORT                              0x20000150   Data           8  stm32f4_discovery_user.o(.data)
    NVIC_InitStructure                       0x20000158   Data           4  stm32f4_discovery_user.o(.data)
    DMATxDescToSet                           0x2000016c   Data           4  stm32f4x7_eth.o(.data)
    DMARxDescToGet                           0x20000170   Data           4  stm32f4x7_eth.o(.data)
    DMA_RX_FRAME_infos                       0x20000174   Data           4  stm32f4x7_eth.o(.data)
    Frame_Rx_index                           0x20000178   Data           4  stm32f4x7_eth.o(.data)
    s_xSemaphore                             0x20000180   Data           4  ethernetif.o(.data)
    pxCurrentTCB                             0x20000188   Data           4  tasks.o(.data)
    StartScreen                              0x200001e8   Data         164  uiframework.o(.bss)
    SettingsScreen                           0x2000028c   Data         164  uiframework.o(.bss)
    DosingTestStartStartScreen               0x20000330   Data         164  uiframework.o(.bss)
    DosingTestStopStartScreen                0x200003d4   Data         164  uiframework.o(.bss)
    DosingTestStopStopScreen                 0x20000478   Data         164  uiframework.o(.bss)
    DosingTestStartStopScreen                0x2000051c   Data         164  uiframework.o(.bss)
    ParametersScreen                         0x200005c0   Data         164  uiframework.o(.bss)
    ParametersPoolVolumeScreen               0x20000664   Data         164  uiframework.o(.bss)
    PagesList                                0x20000708   Data         200  graphicobject.o(.bss)
    matrix                                   0x200007d0   Data          28  stm32f4_discovery_tsc2046.o(.bss)
    DMARxDscrTab                             0x200007ec   Data         160  stm32f4x7_eth.o(.bss)
    DMATxDscrTab                             0x2000088c   Data         160  stm32f4x7_eth.o(.bss)
    Rx_Buff                                  0x2000092c   Data        7620  stm32f4x7_eth.o(.bss)
    Tx_Buff                                  0x200026f0   Data        7620  stm32f4x7_eth.o(.bss)
    RX_Frame_Descriptor                      0x200044b4   Data          12  stm32f4x7_eth.o(.bss)
    xQueueRegistry                           0x200044c0   Data          64  queue.o(.bss)
    __libspace_start                         0x200095c8   Data          96  libspace.o(.bss)
    __temporary_stack_top$libspace           0x20009628   Data           0  libspace.o(.bss)



==============================================================================

Memory Map of the image

  Image Entry point : 0x08000189

  Load Region LR_IROM1 (Base: 0x08000000, Size: 0x00024310, Max: 0x00080000, ABSOLUTE, COMPRESSED[0x000241d8])

    Execution Region ER_IROM1 (Exec base: 0x08000000, Load base: 0x08000000, Size: 0x00024128, Max: 0x00080000, ABSOLUTE)

    Exec Addr    Load Addr    Size         Type   Attr      Idx    E Section Name        Object

    0x08000000   0x08000000   0x00000188   Data   RO         1838    RESET               startup_stm32f4xx.o
    0x08000188   0x08000188   0x00000008   Code   RO         1968  * !!!main             c_w.l(__main.o)
    0x08000190   0x08000190   0x00000034   Code   RO         2266    !!!scatter          c_w.l(__scatter.o)
    0x080001c4   0x080001c4   0x0000005a   Code   RO         2264    !!dczerorl2         c_w.l(__dczerorl2.o)
    0x0800021e   0x0800021e   0x00000002   PAD
    0x08000220   0x08000220   0x0000001c   Code   RO         2268    !!handler_zi        c_w.l(__scatter_zi.o)
    0x0800023c   0x0800023c   0x00000000   Code   RO         1943    .ARM.Collect$$_printf_percent$$00000000  c_w.l(_printf_percent.o)
    0x0800023c   0x0800023c   0x00000006   Code   RO         1942    .ARM.Collect$$_printf_percent$$00000003  c_w.l(_printf_f.o)
    0x08000242   0x08000242   0x00000006   Code   RO         1940    .ARM.Collect$$_printf_percent$$00000009  c_w.l(_printf_d.o)
    0x08000248   0x08000248   0x00000006   Code   RO         1941    .ARM.Collect$$_printf_percent$$0000000A  c_w.l(_printf_u.o)
    0x0800024e   0x0800024e   0x00000006   Code   RO         1939    .ARM.Collect$$_printf_percent$$00000013  c_w.l(_printf_c.o)
    0x08000254   0x08000254   0x00000004   Code   RO         2038    .ARM.Collect$$_printf_percent$$00000017  c_w.l(_printf_percent_end.o)
    0x08000258   0x08000258   0x00000002   Code   RO         2203    .ARM.Collect$$libinit$$00000000  c_w.l(libinit.o)
    0x0800025a   0x0800025a   0x00000004   Code   RO         2043    .ARM.Collect$$libinit$$00000001  c_w.l(libinit2.o)
    0x0800025e   0x0800025e   0x00000000   Code   RO         2046    .ARM.Collect$$libinit$$00000004  c_w.l(libinit2.o)
    0x0800025e   0x0800025e   0x00000008   Code   RO         2047    .ARM.Collect$$libinit$$00000005  c_w.l(libinit2.o)
    0x08000266   0x08000266   0x00000000   Code   RO         2049    .ARM.Collect$$libinit$$0000000A  c_w.l(libinit2.o)
    0x08000266   0x08000266   0x00000000   Code   RO         2051    .ARM.Collect$$libinit$$0000000C  c_w.l(libinit2.o)
    0x08000266   0x08000266   0x00000000   Code   RO         2053    .ARM.Collect$$libinit$$0000000E  c_w.l(libinit2.o)
    0x08000266   0x08000266   0x00000006   Code   RO         2054    .ARM.Collect$$libinit$$0000000F  c_w.l(libinit2.o)
    0x0800026c   0x0800026c   0x00000000   Code   RO         2056    .ARM.Collect$$libinit$$00000011  c_w.l(libinit2.o)
    0x0800026c   0x0800026c   0x00000000   Code   RO         2058    .ARM.Collect$$libinit$$00000013  c_w.l(libinit2.o)
    0x0800026c   0x0800026c   0x00000000   Code   RO         2060    .ARM.Collect$$libinit$$00000015  c_w.l(libinit2.o)
    0x0800026c   0x0800026c   0x0000000a   Code   RO         2061    .ARM.Collect$$libinit$$00000016  c_w.l(libinit2.o)
    0x08000276   0x08000276   0x00000000   Code   RO         2062    .ARM.Collect$$libinit$$00000017  c_w.l(libinit2.o)
    0x08000276   0x08000276   0x00000000   Code   RO         2064    .ARM.Collect$$libinit$$00000019  c_w.l(libinit2.o)
    0x08000276   0x08000276   0x00000000   Code   RO         2066    .ARM.Collect$$libinit$$0000001B  c_w.l(libinit2.o)
    0x08000276   0x08000276   0x00000000   Code   RO         2068    .ARM.Collect$$libinit$$0000001D  c_w.l(libinit2.o)
    0x08000276   0x08000276   0x00000000   Code   RO         2070    .ARM.Collect$$libinit$$0000001F  c_w.l(libinit2.o)
    0x08000276   0x08000276   0x00000000   Code   RO         2072    .ARM.Collect$$libinit$$00000021  c_w.l(libinit2.o)
    0x08000276   0x08000276   0x00000000   Code   RO         2074    .ARM.Collect$$libinit$$00000023  c_w.l(libinit2.o)
    0x08000276   0x08000276   0x00000000   Code   RO         2076    .ARM.Collect$$libinit$$00000025  c_w.l(libinit2.o)
    0x08000276   0x08000276   0x00000000   Code   RO         2080    .ARM.Collect$$libinit$$0000002C  c_w.l(libinit2.o)
    0x08000276   0x08000276   0x00000000   Code   RO         2082    .ARM.Collect$$libinit$$0000002E  c_w.l(libinit2.o)
    0x08000276   0x08000276   0x00000000   Code   RO         2084    .ARM.Collect$$libinit$$00000030  c_w.l(libinit2.o)
    0x08000276   0x08000276   0x00000000   Code   RO         2086    .ARM.Collect$$libinit$$00000032  c_w.l(libinit2.o)
    0x08000276   0x08000276   0x00000002   Code   RO         2087    .ARM.Collect$$libinit$$00000033  c_w.l(libinit2.o)
    0x08000278   0x08000278   0x00000002   Code   RO         2261    .ARM.Collect$$libshutdown$$00000000  c_w.l(libshutdown.o)
    0x0800027a   0x0800027a   0x00000000   Code   RO         2217    .ARM.Collect$$libshutdown$$00000002  c_w.l(libshutdown2.o)
    0x0800027a   0x0800027a   0x00000000   Code   RO         2219    .ARM.Collect$$libshutdown$$00000004  c_w.l(libshutdown2.o)
    0x0800027a   0x0800027a   0x00000000   Code   RO         2222    .ARM.Collect$$libshutdown$$00000007  c_w.l(libshutdown2.o)
    0x0800027a   0x0800027a   0x00000000   Code   RO         2225    .ARM.Collect$$libshutdown$$0000000A  c_w.l(libshutdown2.o)
    0x0800027a   0x0800027a   0x00000000   Code   RO         2227    .ARM.Collect$$libshutdown$$0000000C  c_w.l(libshutdown2.o)
    0x0800027a   0x0800027a   0x00000000   Code   RO         2230    .ARM.Collect$$libshutdown$$0000000F  c_w.l(libshutdown2.o)
    0x0800027a   0x0800027a   0x00000002   Code   RO         2231    .ARM.Collect$$libshutdown$$00000010  c_w.l(libshutdown2.o)
    0x0800027c   0x0800027c   0x00000000   Code   RO         2002    .ARM.Collect$$rtentry$$00000000  c_w.l(__rtentry.o)
    0x0800027c   0x0800027c   0x00000000   Code   RO         2103    .ARM.Collect$$rtentry$$00000002  c_w.l(__rtentry2.o)
    0x0800027c   0x0800027c   0x00000006   Code   RO         2115    .ARM.Collect$$rtentry$$00000004  c_w.l(__rtentry4.o)
    0x08000282   0x08000282   0x00000000   Code   RO         2105    .ARM.Collect$$rtentry$$00000009  c_w.l(__rtentry2.o)
    0x08000282   0x08000282   0x00000004   Code   RO         2106    .ARM.Collect$$rtentry$$0000000A  c_w.l(__rtentry2.o)
    0x08000286   0x08000286   0x00000000   Code   RO         2108    .ARM.Collect$$rtentry$$0000000C  c_w.l(__rtentry2.o)
    0x08000286   0x08000286   0x00000008   Code   RO         2109    .ARM.Collect$$rtentry$$0000000D  c_w.l(__rtentry2.o)
    0x0800028e   0x0800028e   0x00000002   Code   RO         2206    .ARM.Collect$$rtexit$$00000000  c_w.l(rtexit.o)
    0x08000290   0x08000290   0x00000000   Code   RO         2235    .ARM.Collect$$rtexit$$00000002  c_w.l(rtexit2.o)
    0x08000290   0x08000290   0x00000004   Code   RO         2236    .ARM.Collect$$rtexit$$00000003  c_w.l(rtexit2.o)
    0x08000294   0x08000294   0x00000006   Code   RO         2237    .ARM.Collect$$rtexit$$00000004  c_w.l(rtexit2.o)
    0x0800029a   0x0800029a   0x00000002   PAD
    0x0800029c   0x0800029c   0x000000b6   Code   RO         1791    .emb_text           port.o
    0x08000352   0x08000352   0x00000002   PAD
    0x08000354   0x08000354   0x00000000   Code   RO         2124    .emb_text           c_w.l(maybetermalloc1.o)
    0x08000354   0x08000354   0x000000c8   Code   RO            2    .text               main.o
    0x0800041c   0x0800041c   0x00000210   Code   RO          305    .text               system_stm32f4xx.o
    0x0800062c   0x0800062c   0x00000064   Code   RO          327    .text               stm32f4xx_it.o
    0x08000690   0x08000690   0x00000200   Code   RO          590    .text               uiappuser.o
    0x08000890   0x08000890   0x00001424   Code   RO          609    .text               uiframework.o
    0x08001cb4   0x08001cb4   0x0000077c   Code   RO          643    .text               lcdhal.o
    0x08002430   0x08002430   0x0000029c   Code   RO          684    .text               cursor.o
    0x080026cc   0x080026cc   0x00004b14   Code   RO          727    .text               graphicobject.o
    0x080071e0   0x080071e0   0x000006d4   Code   RO          789    .text               stm32f4xx_uartstdio.o
    0x080078b4   0x080078b4   0x00001268   Code   RO          817    .text               stm32f4_discovery_lcd_ssd1963.o
    0x08008b1c   0x08008b1c   0x00001e6c   Code   RO          848    .text               stm32f4_discovery_tsc2046.o
    0x0800a988   0x0800a988   0x00000490   Code   RO          872    .text               stm32f4_discovery_user.o
    0x0800ae18   0x0800ae18   0x0000041a   Code   RO          892    .text               stm32f4xx_usart.o
    0x0800b232   0x0800b232   0x00000002   PAD
    0x0800b234   0x0800b234   0x000000e0   Code   RO          908    .text               misc.o
    0x0800b314   0x0800b314   0x000003a8   Code   RO          940    .text               stm32f4xx_dma.o
    0x0800b6bc   0x0800b6bc   0x0000011c   Code   RO          956    .text               stm32f4xx_exti.o
    0x0800b7d8   0x0800b7d8   0x00000608   Code   RO          972    .text               stm32f4xx_fsmc.o
    0x0800bde0   0x0800bde0   0x0000025c   Code   RO          988    .text               stm32f4xx_gpio.o
    0x0800c03c   0x0800c03c   0x00000580   Code   RO         1004    .text               stm32f4xx_rcc.o
    0x0800c5bc   0x0800c5bc   0x0000008c   Code   RO         1022    .text               stm32f4xx_syscfg.o
    0x0800c648   0x0800c648   0x000001dc   Code   RO         1038    .text               stm32f4xx_sdio.o
    0x0800c824   0x0800c824   0x000003f8   Code   RO         1070    .text               stm32f4xx_spi.o
    0x0800cc1c   0x0800cc1c   0x000004bc   Code   RO         1086    .text               stm32f4xx_flash.o
    0x0800d0d8   0x0800d0d8   0x00000e64   Code   RO         1102    .text               stm32f4x7_eth.o
    0x0800df3c   0x0800df3c   0x00000094   Code   RO         1723    .text               list.o
    0x0800dfd0   0x0800dfd0   0x00000b98   Code   RO         1735    .text               queue.o
    0x0800eb68   0x0800eb68   0x000017e0   Code   RO         1765    .text               tasks.o
    0x08010348   0x08010348   0x00000300   Code   RO         1792    .text               port.o
    0x08010648   0x08010648   0x00000130   Code   RO         1821    .text               heap_2.o
    0x08010778   0x08010778   0x00000040   Code   RO         1839    .text               startup_stm32f4xx.o
    0x080107b8   0x080107b8   0x0000005e   Code   RO         1849    .text               c_w.l(h1_alloc.o)
    0x08010816   0x08010816   0x0000004e   Code   RO         1851    .text               c_w.l(h1_free.o)
    0x08010864   0x08010864   0x00000028   Code   RO         1909    .text               c_w.l(noretval__2sprintf.o)
    0x0801088c   0x0801088c   0x0000004e   Code   RO         1913    .text               c_w.l(_printf_pad.o)
    0x080108da   0x080108da   0x00000052   Code   RO         1915    .text               c_w.l(_printf_str.o)
    0x0801092c   0x0801092c   0x00000078   Code   RO         1917    .text               c_w.l(_printf_dec.o)
    0x080109a4   0x080109a4   0x0000010e   Code   RO         1927    .text               c_w.l(__printf_wp.o)
    0x08010ab2   0x08010ab2   0x00000048   Code   RO         1946    .text               c_w.l(strcpy.o)
    0x08010afa   0x08010afa   0x0000003e   Code   RO         1948    .text               c_w.l(strlen.o)
    0x08010b38   0x08010b38   0x0000008a   Code   RO         1954    .text               c_w.l(rt_memcpy_v6.o)
    0x08010bc2   0x08010bc2   0x00000010   Code   RO         1956    .text               c_w.l(aeabi_memset.o)
    0x08010bd2   0x08010bd2   0x00000044   Code   RO         1958    .text               c_w.l(rt_memclr.o)
    0x08010c16   0x08010c16   0x0000004e   Code   RO         1960    .text               c_w.l(rt_memclr_w.o)
    0x08010c64   0x08010c64   0x00000056   Code   RO         1962    .text               c_w.l(strncpy.o)
    0x08010cba   0x08010cba   0x00000002   PAD
    0x08010cbc   0x08010cbc   0x00000080   Code   RO         1964    .text               c_w.l(strcmpv7m.o)
    0x08010d3c   0x08010d3c   0x00000006   Code   RO         1966    .text               c_w.l(heapauxi.o)
    0x08010d42   0x08010d42   0x00000002   PAD
    0x08010d44   0x08010d44   0x00000008   Code   RO         2006    .text               c_w.l(rt_heap_descriptor_intlibspace.o)
    0x08010d4c   0x08010d4c   0x00000004   Code   RO         2008    .text               c_w.l(hguard.o)
    0x08010d50   0x08010d50   0x0000008a   Code   RO         2010    .text               c_w.l(init_alloc.o)
    0x08010dda   0x08010dda   0x0000000e   Code   RO         2014    .text               c_w.l(h1_init.o)
    0x08010de8   0x08010de8   0x000000b2   Code   RO         2028    .text               c_w.l(_printf_intcommon.o)
    0x08010e9a   0x08010e9a   0x0000041e   Code   RO         2030    .text               c_w.l(_printf_fp_dec.o)
    0x080112b8   0x080112b8   0x00000030   Code   RO         2032    .text               c_w.l(_printf_char_common.o)
    0x080112e8   0x080112e8   0x0000000a   Code   RO         2034    .text               c_w.l(_sputc.o)
    0x080112f2   0x080112f2   0x0000002c   Code   RO         2036    .text               c_w.l(_printf_char.o)
    0x0801131e   0x0801131e   0x00000064   Code   RO         2039    .text               c_w.l(rt_memcpy_w.o)
    0x08011382   0x08011382   0x00000002   PAD
    0x08011384   0x08011384   0x00000008   Code   RO         2099    .text               c_w.l(libspace.o)
    0x0801138c   0x0801138c   0x00000008   Code   RO         2120    .text               c_w.l(rt_locale_intlibspace.o)
    0x08011394   0x08011394   0x00000034   Code   RO         2126    .text               c_w.l(h1_extend.o)
    0x080113c8   0x080113c8   0x0000008a   Code   RO         2130    .text               c_w.l(lludiv10.o)
    0x08011452   0x08011452   0x00000002   PAD
    0x08011454   0x08011454   0x00000080   Code   RO         2132    .text               c_w.l(_printf_fp_infnan.o)
    0x080114d4   0x080114d4   0x000000e4   Code   RO         2136    .text               c_w.l(bigflt0.o)
    0x080115b8   0x080115b8   0x0000000e   Code   RO         2164    .text               c_w.l(defsig_rtmem_outer.o)
    0x080115c6   0x080115c6   0x00000002   Code   RO         2179    .text               c_w.l(use_no_semi.o)
    0x080115c8   0x080115c8   0x00000000   Code   RO         2181    .text               c_w.l(indicate_semi.o)
    0x080115c8   0x080115c8   0x0000004a   Code   RO         2182    .text               c_w.l(sys_stackheap_outer.o)
    0x08011612   0x08011612   0x00000012   Code   RO         2188    .text               c_w.l(exit.o)
    0x08011624   0x08011624   0x0000000a   Code   RO         2190    .text               c_w.l(defsig_exit.o)
    0x0801162e   0x0801162e   0x00000002   PAD
    0x08011630   0x08011630   0x00000050   Code   RO         2192    .text               c_w.l(defsig_rtmem_inner.o)
    0x08011680   0x08011680   0x0000000c   Code   RO         2204    .text               c_w.l(sys_exit.o)
    0x0801168c   0x0801168c   0x00000032   Code   RO         2214    .text               c_w.l(defsig_general.o)
    0x080116be   0x080116be   0x0000000e   Code   RO         2232    .text               c_w.l(sys_wrch.o)
    0x080116cc   0x080116cc   0x0000003e   Code   RO         2139    CL$$btod_d2e        c_w.l(btod.o)
    0x0801170a   0x0801170a   0x00000046   Code   RO         2141    CL$$btod_d2e_denorm_low  c_w.l(btod.o)
    0x08011750   0x08011750   0x00000060   Code   RO         2140    CL$$btod_d2e_norm_op1  c_w.l(btod.o)
    0x080117b0   0x080117b0   0x00000338   Code   RO         2149    CL$$btod_div_common  c_w.l(btod.o)
    0x08011ae8   0x08011ae8   0x000000dc   Code   RO         2146    CL$$btod_e2e        c_w.l(btod.o)
    0x08011bc4   0x08011bc4   0x0000002a   Code   RO         2143    CL$$btod_ediv       c_w.l(btod.o)
    0x08011bee   0x08011bee   0x0000002a   Code   RO         2142    CL$$btod_emul       c_w.l(btod.o)
    0x08011c18   0x08011c18   0x00000244   Code   RO         2148    CL$$btod_mult_common  c_w.l(btod.o)
    0x08011e5c   0x08011e5c   0x00000030   Code   RO         2177    i.__ARM_fpclassify  m_wm.l(fpclassify.o)
    0x08011e8c   0x08011e8c   0x0000000e   Code   RO         1929    i._is_digit         c_w.l(__printf_wp.o)
    0x08011e9a   0x08011e9a   0x00000002   PAD
    0x08011e9c   0x08011e9c   0x0000002c   Code   RO         2162    locale$$code        c_w.l(lc_numeric_c.o)
    0x08011ec8   0x08011ec8   0x00000062   Code   RO         1970    x$fpl$d2f           fz_wm.l(d2f.o)
    0x08011f2a   0x08011f2a   0x00000002   PAD
    0x08011f2c   0x08011f2c   0x00000150   Code   RO         1972    x$fpl$dadd          fz_wm.l(daddsub_clz.o)
    0x0801207c   0x0801207c   0x00000018   Code   RO         2088    x$fpl$dcmpinf       fz_wm.l(dcmpi.o)
    0x08012094   0x08012094   0x000002b0   Code   RO         1979    x$fpl$ddiv          fz_wm.l(ddiv.o)
    0x08012344   0x08012344   0x0000005a   Code   RO         1982    x$fpl$dfixu         fz_wm.l(dfixu.o)
    0x0801239e   0x0801239e   0x0000002e   Code   RO         1987    x$fpl$dflt          fz_wm.l(dflt_clz.o)
    0x080123cc   0x080123cc   0x00000026   Code   RO         1986    x$fpl$dfltu         fz_wm.l(dflt_clz.o)
    0x080123f2   0x080123f2   0x00000002   PAD
    0x080123f4   0x080123f4   0x00000078   Code   RO         1992    x$fpl$dleqf         fz_wm.l(dleqf.o)
    0x0801246c   0x0801246c   0x00000154   Code   RO         1994    x$fpl$dmul          fz_wm.l(dmul.o)
    0x080125c0   0x080125c0   0x0000009c   Code   RO         2090    x$fpl$dnaninf       fz_wm.l(dnaninf.o)
    0x0801265c   0x0801265c   0x0000000c   Code   RO         2092    x$fpl$dretinf       fz_wm.l(dretinf.o)
    0x08012668   0x08012668   0x0000006c   Code   RO         1996    x$fpl$drleqf        fz_wm.l(drleqf.o)
    0x080126d4   0x080126d4   0x00000016   Code   RO         1973    x$fpl$drsb          fz_wm.l(daddsub_clz.o)
    0x080126ea   0x080126ea   0x00000002   PAD
    0x080126ec   0x080126ec   0x000001d4   Code   RO         1974    x$fpl$dsub          fz_wm.l(daddsub_clz.o)
    0x080128c0   0x080128c0   0x0000000a   Code   RO         2173    x$fpl$fpinit        fz_wm.l(fpinit.o)
    0x080128ca   0x080128ca   0x0000000a   Code   RO         2094    x$fpl$fretinf       fz_wm.l(fretinf.o)
    0x080128d4   0x080128d4   0x00000004   Code   RO         1998    x$fpl$printf1       fz_wm.l(printf1.o)
    0x080128d8   0x080128d8   0x00000000   Code   RO         2096    x$fpl$usenofp       fz_wm.l(usenofp.o)
    0x080128d8   0x080128d8   0x00006f90   Data   RO          713    .constdata          gl_fonts.o
    0x08019868   0x08019868   0x000037f0   Data   RO          773    .constdata          images.o
    0x0801d058   0x0801d058   0x00000004   Data   RO          790    .constdata          stm32f4xx_uartstdio.o
    0x0801d05c   0x0801d05c   0x00006f90   Data   RO          834    .constdata          fonts.o
    0x08023fec   0x08023fec   0x00000058   Data   RO          873    .constdata          stm32f4_discovery_user.o
    0x08024044   0x08024044   0x00000094   Data   RO         2137    .constdata          c_w.l(bigflt0.o)
    0x080240d8   0x080240d8   0x00000011   Data   RO          791    .conststring        stm32f4xx_uartstdio.o
    0x080240e9   0x080240e9   0x00000003   PAD
    0x080240ec   0x080240ec   0x00000020   Data   RO         2262    Region$$Table       anon$$obj.o
    0x0802410c   0x0802410c   0x0000001c   Data   RO         2161    locale$$data        c_w.l(lc_numeric_c.o)


    Execution Region RW_IRAM1 (Exec base: 0x20000000, Load base: 0x08024128, Size: 0x00009e28, Max: 0x00020000, ABSOLUTE, COMPRESSED[0x000000b0])

    Exec Addr    Load Addr    Size         Type   Attr      Idx    E Section Name        Object

    0x20000000   COMPRESSED   0x00000014   Data   RW          306    .data               system_stm32f4xx.o
    0x20000014   COMPRESSED   0x00000003   Data   RW          591    .data               uiappuser.o
    0x20000017   COMPRESSED   0x00000001   PAD
    0x20000018   COMPRESSED   0x00000008   Data   RW          611    .data               uiframework.o
    0x20000020   COMPRESSED   0x00000010   Data   RW          645    .data               lcdhal.o
    0x20000030   COMPRESSED   0x0000001c   Data   RW          685    .data               cursor.o
    0x2000004c   COMPRESSED   0x00000030   Data   RW          714    .data               gl_fonts.o
    0x2000007c   COMPRESSED   0x0000003b   Data   RW          729    .data               graphicobject.o
    0x200000b7   COMPRESSED   0x00000001   PAD
    0x200000b8   COMPRESSED   0x00000009   Data   RW          792    .data               stm32f4xx_uartstdio.o
    0x200000c1   COMPRESSED   0x00000003   PAD
    0x200000c4   COMPRESSED   0x00000008   Data   RW          818    .data               stm32f4_discovery_lcd_ssd1963.o
    0x200000cc   COMPRESSED   0x00000030   Data   RW          835    .data               fonts.o
    0x200000fc   COMPRESSED   0x00000030   Data   RW          850    .data               stm32f4_discovery_tsc2046.o
    0x2000012c   COMPRESSED   0x00000030   Data   RW          874    .data               stm32f4_discovery_user.o
    0x2000015c   COMPRESSED   0x00000010   Data   RW         1005    .data               stm32f4xx_rcc.o
    0x2000016c   COMPRESSED   0x00000010   Data   RW         1104    .data               stm32f4x7_eth.o
    0x2000017c   COMPRESSED   0x0000000c   Data   RW         1675    .data               ethernetif.o
    0x20000188   COMPRESSED   0x0000003c   Data   RW         1767    .data               tasks.o
    0x200001c4   COMPRESSED   0x0000000c   Data   RW         1793    .data               port.o
    0x200001d0   COMPRESSED   0x00000018   Data   RW         1823    .data               heap_2.o
    0x200001e8        -       0x00000520   Zero   RW          610    .bss                uiframework.o
    0x20000708        -       0x000000c8   Zero   RW          728    .bss                graphicobject.o
    0x200007d0        -       0x0000001c   Zero   RW          849    .bss                stm32f4_discovery_tsc2046.o
    0x200007ec        -       0x00003cd4   Zero   RW         1103    .bss                stm32f4x7_eth.o
    0x200044c0        -       0x00000040   Zero   RW         1736    .bss                queue.o
    0x20004500        -       0x000000c8   Zero   RW         1766    .bss                tasks.o
    0x200045c8        -       0x00005000   Zero   RW         1822    .bss                heap_2.o
    0x200095c8        -       0x00000060   Zero   RW         2100    .bss                c_w.l(libspace.o)
    0x20009628        -       0x00000400   Zero   RW         1837    HEAP                startup_stm32f4xx.o
    0x20009a28        -       0x00000400   Zero   RW         1836    STACK               startup_stm32f4xx.o


==============================================================================

Image component sizes


      Code (inc. data)   RO Data    RW Data    ZI Data      Debug   Object Name

       668         18          0         28          0       4038   cursor.o
         0          0          0         12          0       3674   ethernetif.o
         0          0      28560         48          0       1686   fonts.o
         0          0      28560         48          0       1820   gl_fonts.o
     19220       1150          0         59        200      39265   graphicobject.o
       304         22          0         24      20480       3608   heap_2.o
         0          0      14320          0          0       1962   images.o
      1916         86          0         16          0      13138   lcdhal.o
       148          0          0          0          0       2202   list.o
       200         12          0          0          0     355354   main.o
       224         20          0          0          0       2137   misc.o
       950         52          0         12          0       9391   port.o
      2968         16          0          0         64      24505   queue.o
        64         26        392          0       2048        872   startup_stm32f4xx.o
      4712         58          0          8          0      16919   stm32f4_discovery_lcd_ssd1963.o
      7788        264          0         48         28      11963   stm32f4_discovery_tsc2046.o
      1168        114         88         48          0       5231   stm32f4_discovery_user.o
      3684        100          0         16      15572      20572   stm32f4x7_eth.o
       936         32          0          0          0       6717   stm32f4xx_dma.o
       284         10          0          0          0       2643   stm32f4xx_exti.o
      1212         26          0          0          0       7405   stm32f4xx_flash.o
      1544         14          0          0          0       5759   stm32f4xx_fsmc.o
       604         36          0          0          0       4449   stm32f4xx_gpio.o
       100          8          0          0          0       6954   stm32f4xx_it.o
      1408         48          0         16          0      11471   stm32f4xx_rcc.o
       476         16          0          0          0       7740   stm32f4xx_sdio.o
      1016         22          0          0          0       7165   stm32f4xx_spi.o
       140         12          0          0          0       1819   stm32f4xx_syscfg.o
      1748         80         21          9          0       6679   stm32f4xx_uartstdio.o
      1050         26          0          0          0       8180   stm32f4xx_usart.o
       528         46          0         20          0       2043   system_stm32f4xx.o
      6112        342          0         60        200      25673   tasks.o
       512         38          0          3          0       5872   uiappuser.o
      5156        826          0          8       1312       6665   uiframework.o

    ----------------------------------------------------------------------
     66844       3520      71976        488      39904     635571   Object Totals
         0          0         32          0          0          0   (incl. Generated)
         4          0          3          5          0          0   (incl. Padding)

    ----------------------------------------------------------------------

      Code (inc. data)   RO Data    RW Data    ZI Data      Debug   Library Member Name

        90          0          0          0          0          0   __dczerorl2.o
         8          0          0          0          0         68   __main.o
       284          0          0          0          0        156   __printf_wp.o
         0          0          0          0          0          0   __rtentry.o
        12          0          0          0          0          0   __rtentry2.o
         6          0          0          0          0          0   __rtentry4.o
        52          8          0          0          0          0   __scatter.o
        28          0          0          0          0          0   __scatter_zi.o
         6          0          0          0          0          0   _printf_c.o
        44          0          0          0          0        108   _printf_char.o
        48          6          0          0          0         96   _printf_char_common.o
         6          0          0          0          0          0   _printf_d.o
       120         16          0          0          0         92   _printf_dec.o
         6          0          0          0          0          0   _printf_f.o
      1054          0          0          0          0        216   _printf_fp_dec.o
       128         16          0          0          0         84   _printf_fp_infnan.o
       178          0          0          0          0         88   _printf_intcommon.o
        78          0          0          0          0        108   _printf_pad.o
         0          0          0          0          0          0   _printf_percent.o
         4          0          0          0          0          0   _printf_percent_end.o
        82          0          0          0          0         80   _printf_str.o
         6          0          0          0          0          0   _printf_u.o
        10          0          0          0          0         68   _sputc.o
        16          0          0          0          0         68   aeabi_memset.o
       228          4        148          0          0         96   bigflt0.o
      1936        128          0          0          0        672   btod.o
        10          0          0          0          0         68   defsig_exit.o
        50          0          0          0          0         88   defsig_general.o
        80         58          0          0          0         76   defsig_rtmem_inner.o
        14          0          0          0          0         80   defsig_rtmem_outer.o
        18          0          0          0          0         80   exit.o
        94          0          0          0          0         80   h1_alloc.o
        52          0          0          0          0         68   h1_extend.o
        78          0          0          0          0         80   h1_free.o
        14          0          0          0          0         84   h1_init.o
         6          0          0          0          0        152   heapauxi.o
         4          0          0          0          0        136   hguard.o
         0          0          0          0          0          0   indicate_semi.o
       138          0          0          0          0        168   init_alloc.o
        44         10         28          0          0         76   lc_numeric_c.o
         2          0          0          0          0          0   libinit.o
        30          0          0          0          0          0   libinit2.o
         2          0          0          0          0          0   libshutdown.o
         2          0          0          0          0          0   libshutdown2.o
         8          4          0          0         96         68   libspace.o
       138          0          0          0          0         80   lludiv10.o
         0          0          0          0          0          0   maybetermalloc1.o
        40          6          0          0          0         84   noretval__2sprintf.o
         8          4          0          0          0         68   rt_heap_descriptor_intlibspace.o
         8          4          0          0          0         68   rt_locale_intlibspace.o
        68          0          0          0          0         68   rt_memclr.o
        78          0          0          0          0         80   rt_memclr_w.o
       138          0          0          0          0         68   rt_memcpy_v6.o
       100          0          0          0          0         80   rt_memcpy_w.o
         2          0          0          0          0          0   rtexit.o
        10          0          0          0          0          0   rtexit2.o
       128          0          0          0          0         68   strcmpv7m.o
        72          0          0          0          0         80   strcpy.o
        62          0          0          0          0         76   strlen.o
        86          0          0          0          0         76   strncpy.o
        12          4          0          0          0         68   sys_exit.o
        74          0          0          0          0         80   sys_stackheap_outer.o
        14          0          0          0          0         76   sys_wrch.o
         2          0          0          0          0         68   use_no_semi.o
        98          4          0          0          0        140   d2f.o
       826         16          0          0          0        492   daddsub_clz.o
        24          0          0          0          0        116   dcmpi.o
       688        140          0          0          0        256   ddiv.o
        90          4          0          0          0        140   dfixu.o
        84          0          0          0          0        232   dflt_clz.o
       120          4          0          0          0        140   dleqf.o
       340         12          0          0          0        152   dmul.o
       156          4          0          0          0        140   dnaninf.o
        12          0          0          0          0        116   dretinf.o
       108          0          0          0          0        128   drleqf.o
        10          0          0          0          0        116   fpinit.o
        10          0          0          0          0        116   fretinf.o
         4          0          0          0          0        116   printf1.o
         0          0          0          0          0          0   usenofp.o
        48          0          0          0          0        124   fpclassify.o

    ----------------------------------------------------------------------
      8756        452        176          0         96       7016   Library Totals
        22          0          0          0          0          0   (incl. Padding)

    ----------------------------------------------------------------------

      Code (inc. data)   RO Data    RW Data    ZI Data      Debug   Library Name

      6116        268        176          0         96       4492   c_w.l
      2570        184          0          0          0       2400   fz_wm.l
        48          0          0          0          0        124   m_wm.l

    ----------------------------------------------------------------------
      8756        452        176          0         96       7016   Library Totals

    ----------------------------------------------------------------------

==============================================================================


      Code (inc. data)   RO Data    RW Data    ZI Data      Debug   

     75600       3972      72152        488      40000     629387   Grand Totals
     75600       3972      72152        176      40000     629387   ELF Image Totals (compressed)
     75600       3972      72152        176          0          0   ROM Totals

==============================================================================

    Total RO  Size (Code + RO Data)               147752 ( 144.29kB)
    Total RW  Size (RW Data + ZI Data)             40488 (  39.54kB)
    Total ROM Size (Code + RO Data + RW Data)     147928 ( 144.46kB)

==============================================================================

