Component: ARM Compiler 5.06 update 6 (build 750) Tool: armlink [4d35ed]

==============================================================================

Section Cross References

    main.o(.text) refers to stm32f4_discovery_lcd_ssd1963.o(.text) for LCD_SetColors
    main.o(.text) refers to stm32f4_discovery_tsc2046.o(.text) for getTouchPoint
    main.o(.text) refers to graphicobject.o(.text) for ProcessInputData
    main.o(.text) refers to stm32f4_discovery_user.o(.text) for STM_EVAL_LEDInit
    main.o(.text) refers to stm32f4xx_uartstdio.o(.text) for UARTstdio_Configuration
    main.o(.text) refers to lcdhal.o(.text) for GL_SetFont
    main.o(.text) refers to uiframework.o(.text) for Show_StartScreen
    main.o(.text) refers to tasks.o(.text) for xTaskCreate
    main.o(.text) refers to uiframework.o(.data) for Screen
    main.o(.text) refers to fonts.o(.data) for Font12x12
    system_stm32f4xx.o(.text) refers to system_stm32f4xx.o(.data) for SystemCoreClock
    stm32f4xx_it.o(.text) refers to stm32f4x7_eth.o(.text) for ETH_GetDMAFlagStatus
    stm32f4xx_it.o(.text) refers to queue.o(.text) for xQueueGiveFromISR
    stm32f4xx_it.o(.text) refers to ethernetif.o(.data) for s_xSemaphore
    netconf.o(.text) refers to _printf_percent.o(.ARM.Collect$$_printf_percent$$00000000) for _printf_percent
    netconf.o(.text) refers to _printf_d.o(.ARM.Collect$$_printf_percent$$00000009) for _printf_d
    netconf.o(.text) refers to _printf_dec.o(.text) for _printf_int_dec
    netconf.o(.text) refers to tcpip.o(.text) for tcpip_init
    netconf.o(.text) refers to inet.o(.text) for htonl
    netconf.o(.text) refers to noretval__2sprintf.o(.text) for __2sprintf
    netconf.o(.text) refers to netif.o(.text) for netif_add
    netconf.o(.text) refers to ethernetif.o(.text) for ethernetif_init
    netconf.o(.text) refers to netconf.o(.bss) for xnetif
    stm32f4x7_eth_bsp.o(.text) refers to stm32f4xx_rcc.o(.text) for RCC_AHB1PeriphClockCmd
    stm32f4x7_eth_bsp.o(.text) refers to stm32f4x7_eth.o(.text) for ETH_DeInit
    stm32f4x7_eth_bsp.o(.text) refers to misc.o(.text) for NVIC_PriorityGroupConfig
    stm32f4x7_eth_bsp.o(.text) refers to stm32f4xx_syscfg.o(.text) for SYSCFG_ETH_MediaInterfaceConfig
    stm32f4x7_eth_bsp.o(.text) refers to stm32f4xx_gpio.o(.text) for GPIO_Init
    stm32f4x7_eth_bsp.o(.text) refers to stm32f4x7_eth_bsp.o(.data) for EthInitStatus
    fs.o(.text) refers to strcmpv7m.o(.text) for strcmp
    fs.o(.text) refers to rt_memcpy_v6.o(.text) for __aeabi_memcpy
    fs.o(.text) refers to fs.o(.bss) for fs_memory
    fs.o(.text) refers to fs.o(.constdata) for file__STM32F4x7_html
    httpserver-socket.o(.text) refers to _printf_percent.o(.ARM.Collect$$_printf_percent$$00000000) for _printf_percent
    httpserver-socket.o(.text) refers to _printf_d.o(.ARM.Collect$$_printf_percent$$00000009) for _printf_d
    httpserver-socket.o(.text) refers to _printf_dec.o(.text) for _printf_int_dec
    httpserver-socket.o(.text) refers to rt_memclr.o(.text) for __aeabi_memclr
    httpserver-socket.o(.text) refers to noretval__2sprintf.o(.text) for __2sprintf
    httpserver-socket.o(.text) refers to strcat.o(.text) for strcat
    httpserver-socket.o(.text) refers to strlen.o(.text) for strlen
    httpserver-socket.o(.text) refers to tasks.o(.text) for vTaskList
    httpserver-socket.o(.text) refers to sockets.o(.text) for lwip_write
    httpserver-socket.o(.text) refers to strncmp.o(.text) for strncmp
    httpserver-socket.o(.text) refers to fs.o(.text) for fs_open
    httpserver-socket.o(.text) refers to inet.o(.text) for htons
    httpserver-socket.o(.text) refers to sys_arch.o(.text) for sys_thread_new
    httpserver-socket.o(.text) refers to httpserver-socket.o(.bss) for PAGE_BODY
    httpserver-socket.o(.text) refers to httpserver-socket.o(.data) for nPageHits
    httpserver-socket.o(.text) refers to httpserver-socket.o(.constdata) for PAGE_START
    httpclient-socket.o(.text) refers to tasks.o(.text) for vTaskDelay
    httpclient-socket.o(.text) refers to sys_arch.o(.text) for sys_thread_new
    miscellaneous.o(.text) refers to miscellaneous.o(.bss) for buf
    hw_config.o(.text) refers to stm32f4xx_rcc.o(.text) for RCC_AHB1PeriphClockCmd
    hw_config.o(.text) refers to stm32f4xx_exti.o(.text) for EXTI_DeInit
    hw_config.o(.text) refers to stm32f4xx_tim.o(.text) for TIM_TimeBaseInit
    hw_config.o(.text) refers to misc.o(.text) for NVIC_Init
    hw_config.o(.text) refers to stm32f4xx_gpio.o(.text) for GPIO_Init
    hw_config.o(.text) refers to hw_config.o(.data) for counter_delay_ms
    flash_memory_driver.o(.text) refers to stm32f4xx_flash.o(.text) for FLASH_Unlock
    uiappuser.o(.text) refers to graphicobject.o(.text) for DestroyPage
    uiappuser.o(.text) refers to uiframework.o(.text) for Show_SettingsScreen
    uiappuser.o(.text) refers to stm32f4xx_uartstdio.o(.text) for UARTprintf
    uiappuser.o(.text) refers to uiframework.o(.data) for CurrentScreen
[...]
    RCC_PCLK2Config                          0x0800cc0d   Thumb Code    22  stm32f4xx_rcc.o(.text)
    RCC_GetClocksFreq                        0x0800cc23   Thumb Code   214  stm32f4xx_rcc.o(.text)
    RCC_RTCCLKConfig                         0x0800ccf9   Thumb Code    54  stm32f4xx_rcc.o(.text)
    RCC_RTCCLKCmd                            0x0800cd2f   Thumb Code     8  stm32f4xx_rcc.o(.text)
    RCC_BackupResetCmd                       0x0800cd37   Thumb Code     8  stm32f4xx_rcc.o(.text)
    RCC_I2SCLKConfig                         0x0800cd3f   Thumb Code     6  stm32f4xx_rcc.o(.text)
    RCC_AHB1PeriphClockCmd                   0x0800cd45   Thumb Code    34  stm32f4xx_rcc.o(.text)
    RCC_AHB2PeriphClockCmd                   0x0800cd67   Thumb Code    34  stm32f4xx_rcc.o(.text)
    RCC_AHB3PeriphClockCmd                   0x0800cd89   Thumb Code    34  stm32f4xx_rcc.o(.text)
    RCC_APB1PeriphClockCmd                   0x0800cdab   Thumb Code    34  stm32f4xx_rcc.o(.text)
    RCC_APB2PeriphClockCmd                   0x0800cdcd   Thumb Code    34  stm32f4xx_rcc.o(.text)
    RCC_AHB1PeriphResetCmd                   0x0800cdef   Thumb Code    34  stm32f4xx_rcc.o(.text)
    RCC_AHB2PeriphResetCmd                   0x0800ce11   Thumb Code    72  stm32f4xx_rcc.o(.text)
    RCC_AHB3PeriphResetCmd                   0x0800ce59   Thumb Code    34  stm32f4xx_rcc.o(.text)
    RCC_APB1PeriphResetCmd                   0x0800ce7b   Thumb Code    34  stm32f4xx_rcc.o(.text)
    RCC_APB2PeriphResetCmd                   0x0800ce9d   Thumb Code    34  stm32f4xx_rcc.o(.text)
    RCC_AHB1PeriphClockLPModeCmd             0x0800cebf   Thumb Code    34  stm32f4xx_rcc.o(.text)
    RCC_AHB2PeriphClockLPModeCmd             0x0800cee1   Thumb Code    34  stm32f4xx_rcc.o(.text)
    RCC_AHB3PeriphClockLPModeCmd             0x0800cf03   Thumb Code    34  stm32f4xx_rcc.o(.text)
    RCC_APB1PeriphClockLPModeCmd             0x0800cf25   Thumb Code    34  stm32f4xx_rcc.o(.text)
    RCC_APB2PeriphClockLPModeCmd             0x0800cf47   Thumb Code    34  stm32f4xx_rcc.o(.text)
    RCC_ITConfig                             0x0800cf69   Thumb Code    34  stm32f4xx_rcc.o(.text)
    RCC_ClearFlag                            0x0800cf8b   Thumb Code    18  stm32f4xx_rcc.o(.text)
    RCC_GetITStatus                          0x0800cf9d   Thumb Code    22  stm32f4xx_rcc.o(.text)
    RCC_ClearITPendingBit                    0x0800cfb3   Thumb Code     8  stm32f4xx_rcc.o(.text)
    SYSCFG_DeInit                            0x0800cfc1   Thumb Code    22  stm32f4xx_syscfg.o(.text)
    SYSCFG_MemoryRemapConfig                 0x0800cfd7   Thumb Code     6  stm32f4xx_syscfg.o(.text)
    SYSCFG_EXTILineConfig                    0x0800cfdd   Thumb Code    66  stm32f4xx_syscfg.o(.text)
    SYSCFG_ETH_MediaInterfaceConfig          0x0800d01f   Thumb Code     6  stm32f4xx_syscfg.o(.text)
    SYSCFG_CompensationCellCmd               0x0800d025   Thumb Code     6  stm32f4xx_syscfg.o(.text)
    SYSCFG_GetCompensationCellStatus         0x0800d02b   Thumb Code    22  stm32f4xx_syscfg.o(.text)
    SDIO_DeInit                              0x0800d04d   Thumb Code    22  stm32f4xx_sdio.o(.text)
    SDIO_Init                                0x0800d063   Thumb Code    42  stm32f4xx_sdio.o(.text)
    SDIO_StructInit                          0x0800d08d   Thumb Code    16  stm32f4xx_sdio.o(.text)
    SDIO_ClockCmd                            0x0800d09d   Thumb Code     6  stm32f4xx_sdio.o(.text)
    SDIO_SetPowerState                       0x0800d0a3   Thumb Code     8  stm32f4xx_sdio.o(.text)
    SDIO_GetPowerState                       0x0800d0ab   Thumb Code    12  stm32f4xx_sdio.o(.text)
    SDIO_SendCommand                         0x0800d0b7   Thumb Code    42  stm32f4xx_sdio.o(.text)
    SDIO_CmdStructInit                       0x0800d0e1   Thumb Code    14  stm32f4xx_sdio.o(.text)
    SDIO_GetCommandResponse                  0x0800d0ef   Thumb Code    10  stm32f4xx_sdio.o(.text)
    SDIO_GetResponse                         0x0800d0f9   Thumb Code    22  stm32f4xx_sdio.o(.text)
    SDIO_DataConfig                          0x0800d10f   Thumb Code    48  stm32f4xx_sdio.o(.text)
    SDIO_DataStructInit                      0x0800d13f   Thumb Code    20  stm32f4xx_sdio.o(.text)
    SDIO_GetDataCounter                      0x0800d153   Thumb Code     8  stm32f4xx_sdio.o(.text)
    SDIO_ReadData                            0x0800d15b   Thumb Code     8  stm32f4xx_sdio.o(.text)
    SDIO_WriteData                           0x0800d163   Thumb Code     8  stm32f4xx_sdio.o(.text)
    SDIO_GetFIFOCount                        0x0800d16b   Thumb Code     8  stm32f4xx_sdio.o(.text)
    SDIO_StartSDIOReadWait                   0x0800d173   Thumb Code     6  stm32f4xx_sdio.o(.text)
    SDIO_StopSDIOReadWait                    0x0800d179   Thumb Code     8  stm32f4xx_sdio.o(.text)
    SDIO_SetSDIOReadWaitMode                 0x0800d181   Thumb Code     8  stm32f4xx_sdio.o(.text)
    SDIO_SetSDIOOperation                    0x0800d189   Thumb Code     8  stm32f4xx_sdio.o(.text)
    SDIO_SendSDIOSuspendCmd                  0x0800d191   Thumb Code     6  stm32f4xx_sdio.o(.text)
    SDIO_CommandCompletionCmd                0x0800d197   Thumb Code     8  stm32f4xx_sdio.o(.text)
    SDIO_CEATAITCmd                          0x0800d19f   Thumb Code    12  stm32f4xx_sdio.o(.text)
    SDIO_SendCEATACmd                        0x0800d1ab   Thumb Code     8  stm32f4xx_sdio.o(.text)
    SDIO_DMACmd                              0x0800d1b3   Thumb Code     8  stm32f4xx_sdio.o(.text)
    SDIO_ITConfig                            0x0800d1bb   Thumb Code    34  stm32f4xx_sdio.o(.text)
    SDIO_GetFlagStatus                       0x0800d1dd   Thumb Code    22  stm32f4xx_sdio.o(.text)
    SDIO_ClearFlag                           0x0800d1f3   Thumb Code     8  stm32f4xx_sdio.o(.text)
    SDIO_GetITStatus                         0x0800d1fb   Thumb Code    22  stm32f4xx_sdio.o(.text)
    SDIO_ClearITPendingBit                   0x0800d211   Thumb Code     8  stm32f4xx_sdio.o(.text)
    SPI_I2S_DeInit                           0x0800d229   Thumb Code    76  stm32f4xx_spi.o(.text)
    SPI_Init                                 0x0800d275   Thumb Code    60  stm32f4xx_spi.o(.text)
    I2S_Init                                 0x0800d2b1   Thumb Code   350  stm32f4xx_spi.o(.text)
    SPI_StructInit                           0x0800d40f   Thumb Code    24  stm32f4xx_spi.o(.text)
    I2S_StructInit                           0x0800d427   Thumb Code    20  stm32f4xx_spi.o(.text)
    SPI_Cmd                                  0x0800d43b   Thumb Code    24  stm32f4xx_spi.o(.text)
    I2S_Cmd                                  0x0800d453   Thumb Code    24  stm32f4xx_spi.o(.text)
    SPI_DataSizeConfig                       0x0800d46b   Thumb Code    18  stm32f4xx_spi.o(.text)
    SPI_BiDirectionalLineConfig              0x0800d47d   Thumb Code    28  stm32f4xx_spi.o(.text)
    SPI_NSSInternalSoftwareConfig            0x0800d499   Thumb Code    30  stm32f4xx_spi.o(.text)
    SPI_SSOutputCmd                          0x0800d4b7   Thumb Code    24  stm32f4xx_spi.o(.text)
    SPI_TIModeCmd                            0x0800d4cf   Thumb Code    24  stm32f4xx_spi.o(.text)
    I2S_FullDuplexConfig                     0x0800d4e7   Thumb Code    80  stm32f4xx_spi.o(.text)
    SPI_I2S_ReceiveData                      0x0800d537   Thumb Code     6  stm32f4xx_spi.o(.text)
    SPI_I2S_SendData                         0x0800d53d   Thumb Code     4  stm32f4xx_spi.o(.text)
    SPI_CalculateCRC                         0x0800d541   Thumb Code    24  stm32f4xx_spi.o(.text)
    SPI_TransmitCRC                          0x0800d559   Thumb Code    10  stm32f4xx_spi.o(.text)
    SPI_GetCRC                               0x0800d563   Thumb Code    16  stm32f4xx_spi.o(.text)
    SPI_GetCRCPolynomial                     0x0800d573   Thumb Code     6  stm32f4xx_spi.o(.text)
    SPI_I2S_DMACmd                           0x0800d579   Thumb Code    18  stm32f4xx_spi.o(.text)
    SPI_I2S_ITConfig                         0x0800d58b   Thumb Code    32  stm32f4xx_spi.o(.text)
    SPI_I2S_GetFlagStatus                    0x0800d5ab   Thumb Code    18  stm32f4xx_spi.o(.text)
    SPI_I2S_ClearFlag                        0x0800d5bd   Thumb Code     6  stm32f4xx_spi.o(.text)
    SPI_I2S_GetITStatus                      0x0800d5c3   Thumb Code    52  stm32f4xx_spi.o(.text)
    SPI_I2S_ClearITPendingBit                0x0800d5f7   Thumb Code    42  stm32f4xx_spi.o(.text)
    FLASH_SetLatency                         0x0800d621   Thumb Code     6  stm32f4xx_flash.o(.text)
    FLASH_PrefetchBufferCmd                  0x0800d627   Thumb Code    30  stm32f4xx_flash.o(.text)
    FLASH_InstructionCacheCmd                0x0800d645   Thumb Code    30  stm32f4xx_flash.o(.text)
    FLASH_DataCacheCmd                       0x0800d663   Thumb Code    30  stm32f4xx_flash.o(.text)
    FLASH_InstructionCacheReset              0x0800d681   Thumb Code    14  stm32f4xx_flash.o(.text)
    FLASH_DataCacheReset                     0x0800d68f   Thumb Code    14  stm32f4xx_flash.o(.text)
    FLASH_Unlock                             0x0800d69d   Thumb Code    26  stm32f4xx_flash.o(.text)
    FLASH_Lock                               0x0800d6b7   Thumb Code    18  stm32f4xx_flash.o(.text)
    FLASH_GetStatus                          0x0800d6c9   Thumb Code    74  stm32f4xx_flash.o(.text)
    FLASH_WaitForLastOperation               0x0800d713   Thumb Code    34  stm32f4xx_flash.o(.text)
    FLASH_EraseSector                        0x0800d735   Thumb Code   140  stm32f4xx_flash.o(.text)
    FLASH_EraseAllSectors                    0x0800d7c1   Thumb Code   112  stm32f4xx_flash.o(.text)
    FLASH_ProgramDoubleWord                  0x0800d831   Thumb Code    86  stm32f4xx_flash.o(.text)
    FLASH_ProgramWord                        0x0800d887   Thumb Code    82  stm32f4xx_flash.o(.text)
    FLASH_ProgramHalfWord                    0x0800d8d9   Thumb Code    82  stm32f4xx_flash.o(.text)
    FLASH_ProgramByte                        0x0800d92b   Thumb Code    78  stm32f4xx_flash.o(.text)
    FLASH_OB_Unlock                          0x0800d979   Thumb Code    26  stm32f4xx_flash.o(.text)
    FLASH_OB_Lock                            0x0800d993   Thumb Code    18  stm32f4xx_flash.o(.text)
    FLASH_OB_WRPConfig                       0x0800d9a5   Thumb Code    54  stm32f4xx_flash.o(.text)
    FLASH_OB_RDPConfig                       0x0800d9db   Thumb Code    24  stm32f4xx_flash.o(.text)
    FLASH_OB_UserConfig                      0x0800d9f3   Thumb Code    68  stm32f4xx_flash.o(.text)
    FLASH_OB_BORConfig                       0x0800da37   Thumb Code    22  stm32f4xx_flash.o(.text)
    FLASH_OB_Launch                          0x0800da4d   Thumb Code    26  stm32f4xx_flash.o(.text)
    FLASH_OB_GetUser                         0x0800da67   Thumb Code    10  stm32f4xx_flash.o(.text)
    FLASH_OB_GetWRP                          0x0800da71   Thumb Code     8  stm32f4xx_flash.o(.text)
    FLASH_OB_GetRDP                          0x0800da79   Thumb Code    20  stm32f4xx_flash.o(.text)
    FLASH_OB_GetBOR                          0x0800da8d   Thumb Code    10  stm32f4xx_flash.o(.text)
    FLASH_ITConfig                           0x0800da97   Thumb Code    34  stm32f4xx_flash.o(.text)
    FLASH_GetFlagStatus                      0x0800dab9   Thumb Code    22  stm32f4xx_flash.o(.text)
    FLASH_ClearFlag                          0x0800dacf   Thumb Code     8  stm32f4xx_flash.o(.text)
    ETH_DeInit                               0x0800daf9   Thumb Code    22  stm32f4x7_eth.o(.text)
    ETH_StructInit                           0x0800db0f   Thumb Code   178  stm32f4x7_eth.o(.text)
    ETH_WritePHYRegister                     0x0800dbc1   Thumb Code    96  stm32f4x7_eth.o(.text)
    ETH_ReadPHYRegister                      0x0800dc21   Thumb Code    98  stm32f4x7_eth.o(.text)
    ETH_Init                                 0x0800dc83   Thumb Code   650  stm32f4x7_eth.o(.text)
    ETH_DMAReceptionCmd                      0x0800df0d   Thumb Code    30  stm32f4x7_eth.o(.text)
    ETH_DMATransmissionCmd                   0x0800df2b   Thumb Code    30  stm32f4x7_eth.o(.text)
    ETH_MACReceptionCmd                      0x0800df49   Thumb Code    30  stm32f4x7_eth.o(.text)
    ETH_FlushTransmitFIFO                    0x0800df67   Thumb Code    14  stm32f4x7_eth.o(.text)
    ETH_MACTransmissionCmd                   0x0800df75   Thumb Code    30  stm32f4x7_eth.o(.text)
    ETH_Start                                0x0800df93   Thumb Code    78  stm32f4x7_eth.o(.text)
    ETH_GetFlowControlBusyStatus             0x0800dfe1   Thumb Code    20  stm32f4x7_eth.o(.text)
    ETH_InitiatePauseControlFrame            0x0800dff5   Thumb Code    14  stm32f4x7_eth.o(.text)
    ETH_BackPressureActivationCmd            0x0800e003   Thumb Code    30  stm32f4x7_eth.o(.text)
    ETH_GetMACFlagStatus                     0x0800e021   Thumb Code    20  stm32f4x7_eth.o(.text)
    ETH_GetMACITStatus                       0x0800e035   Thumb Code    20  stm32f4x7_eth.o(.text)
    ETH_MACITConfig                          0x0800e049   Thumb Code    26  stm32f4x7_eth.o(.text)
    ETH_MACAddressConfig                     0x0800e063   Thumb Code    46  stm32f4x7_eth.o(.text)
    ETH_GetMACAddress                        0x0800e091   Thumb Code    36  stm32f4x7_eth.o(.text)
    ETH_MACAddressPerfectFilterCmd           0x0800e0b5   Thumb Code    38  stm32f4x7_eth.o(.text)
    ETH_MACAddressFilterConfig               0x0800e0db   Thumb Code    40  stm32f4x7_eth.o(.text)
    ETH_MACAddressMaskBytesFilterConfig      0x0800e103   Thumb Code    32  stm32f4x7_eth.o(.text)
    ETH_Get_Received_Frame                   0x0800e123   Thumb Code    82  stm32f4x7_eth.o(.text)
    ETH_Get_Received_Frame_interrupt         0x0800e175   Thumb Code   268  stm32f4x7_eth.o(.text)
    ETH_Prepare_Transmit_Descriptors         0x0800e281   Thumb Code   222  stm32f4x7_eth.o(.text)
    ETH_DMARxDescChainInit                   0x0800e35f   Thumb Code    82  stm32f4x7_eth.o(.text)
    ETH_CheckFrameReceived                   0x0800e3b1   Thumb Code   216  stm32f4x7_eth.o(.text)
    ETH_DMATxDescChainInit                   0x0800e489   Thumb Code    70  stm32f4x7_eth.o(.text)
    ETH_GetDMATxDescFlagStatus               0x0800e4cf   Thumb Code    18  stm32f4x7_eth.o(.text)
    ETH_GetDMATxDescCollisionCount           0x0800e4e1   Thumb Code    10  stm32f4x7_eth.o(.text)
    ETH_SetDMATxDescOwnBit                   0x0800e4eb   Thumb Code    10  stm32f4x7_eth.o(.text)
    ETH_DMATxDescTransmitITConfig            0x0800e4f5   Thumb Code    22  stm32f4x7_eth.o(.text)
    ETH_DMATxDescFrameSegmentConfig          0x0800e50b   Thumb Code     8  stm32f4x7_eth.o(.text)
    ETH_DMATxDescChecksumInsertionConfig     0x0800e513   Thumb Code     8  stm32f4x7_eth.o(.text)
    ETH_DMATxDescCRCCmd                      0x0800e51b   Thumb Code    22  stm32f4x7_eth.o(.text)
    ETH_DMATxDescSecondAddressChainedCmd     0x0800e531   Thumb Code    22  stm32f4x7_eth.o(.text)
    ETH_DMATxDescShortFramePaddingCmd        0x0800e547   Thumb Code    22  stm32f4x7_eth.o(.text)
    ETH_DMATxDescBufferSizeConfig            0x0800e55d   Thumb Code    14  stm32f4x7_eth.o(.text)
    ETH_GetDMARxDescFlagStatus               0x0800e56b   Thumb Code    18  stm32f4x7_eth.o(.text)
    ETH_GetDMAPTPRxDescExtendedFlagStatus    0x0800e57d   Thumb Code    18  stm32f4x7_eth.o(.text)
    ETH_SetDMARxDescOwnBit                   0x0800e58f   Thumb Code    10  stm32f4x7_eth.o(.text)
    ETH_GetDMARxDescFrameLength              0x0800e599   Thumb Code    10  stm32f4x7_eth.o(.text)
    ETH_DMARxDescReceiveITConfig             0x0800e5a3   Thumb Code    22  stm32f4x7_eth.o(.text)
    ETH_GetDMARxDescBufferSize               0x0800e5b9   Thumb Code    20  stm32f4x7_eth.o(.text)
    ETH_GetRxPktSize                         0x0800e5cd   Thumb Code    42  stm32f4x7_eth.o(.text)
    ETH_EnhancedDescriptorCmd                0x0800e5f7   Thumb Code    30  stm32f4x7_eth.o(.text)
    ETH_SoftwareReset                        0x0800e615   Thumb Code    14  stm32f4x7_eth.o(.text)
    ETH_GetSoftwareResetStatus               0x0800e623   Thumb Code    20  stm32f4x7_eth.o(.text)
    ETH_GetDMAFlagStatus                     0x0800e637   Thumb Code    20  stm32f4x7_eth.o(.text)
    ETH_DMAClearFlag                         0x0800e64b   Thumb Code     6  stm32f4x7_eth.o(.text)
    ETH_DMAITConfig                          0x0800e651   Thumb Code    26  stm32f4x7_eth.o(.text)
    ETH_GetDMAITStatus                       0x0800e66b   Thumb Code    20  stm32f4x7_eth.o(.text)
    ETH_DMAClearITPendingBit                 0x0800e67f   Thumb Code     6  stm32f4x7_eth.o(.text)
    ETH_GetTransmitProcessState              0x0800e685   Thumb Code    10  stm32f4x7_eth.o(.text)
    ETH_GetReceiveProcessState               0x0800e68f   Thumb Code    10  stm32f4x7_eth.o(.text)
    ETH_GetFlushTransmitFIFOStatus           0x0800e699   Thumb Code    20  stm32f4x7_eth.o(.text)
    ETH_GetDMAOverflowStatus                 0x0800e6ad   Thumb Code    20  stm32f4x7_eth.o(.text)
    ETH_GetRxOverflowMissedFrameCounter      0x0800e6c1   Thumb Code    10  stm32f4x7_eth.o(.text)
    ETH_GetBufferUnavailableMissedFrameCounter 0x0800e6cb   Thumb Code     8  stm32f4x7_eth.o(.text)
    ETH_GetCurrentTxDescStartAddress         0x0800e6d3   Thumb Code     6  stm32f4x7_eth.o(.text)
    ETH_GetCurrentRxDescStartAddress         0x0800e6d9   Thumb Code     6  stm32f4x7_eth.o(.text)
    ETH_GetCurrentTxBufferAddress            0x0800e6df   Thumb Code     6  stm32f4x7_eth.o(.text)
    ETH_GetCurrentRxBufferAddress            0x0800e6e5   Thumb Code     6  stm32f4x7_eth.o(.text)
    ETH_ResumeDMATransmission                0x0800e6eb   Thumb Code     8  stm32f4x7_eth.o(.text)
    ETH_ResumeDMAReception                   0x0800e6f3   Thumb Code     8  stm32f4x7_eth.o(.text)
    ETH_SetReceiveWatchdogTimer              0x0800e6fb   Thumb Code     6  stm32f4x7_eth.o(.text)
    ETH_PHYLoopBackCmd                       0x0800e701   Thumb Code    52  stm32f4x7_eth.o(.text)
    ETH_ResetWakeUpFrameFilterRegisterPointer 0x0800e735   Thumb Code    14  stm32f4x7_eth.o(.text)
    ETH_SetWakeUpFrameFilterRegister         0x0800e743   Thumb Code    24  stm32f4x7_eth.o(.text)
    ETH_GlobalUnicastWakeUpCmd               0x0800e75b   Thumb Code    30  stm32f4x7_eth.o(.text)
    ETH_GetPMTFlagStatus                     0x0800e779   Thumb Code    20  stm32f4x7_eth.o(.text)
    ETH_WakeUpFrameDetectionCmd              0x0800e78d   Thumb Code    30  stm32f4x7_eth.o(.text)
    ETH_MagicPacketDetectionCmd              0x0800e7ab   Thumb Code    30  stm32f4x7_eth.o(.text)
    ETH_PowerDownCmd                         0x0800e7c9   Thumb Code    50  stm32f4x7_eth.o(.text)
    ETH_MMCCounterFullPreset                 0x0800e7fb   Thumb Code    16  stm32f4x7_eth.o(.text)
    ETH_MMCCounterHalfPreset                 0x0800e80b   Thumb Code    30  stm32f4x7_eth.o(.text)
    ETH_MMCCounterFreezeCmd                  0x0800e829   Thumb Code    34  stm32f4x7_eth.o(.text)
    ETH_MMCResetOnReadCmd                    0x0800e84b   Thumb Code    34  stm32f4x7_eth.o(.text)
    ETH_MMCCounterRolloverCmd                0x0800e86d   Thumb Code    34  stm32f4x7_eth.o(.text)
    ETH_MMCCountersReset                     0x0800e88f   Thumb Code    16  stm32f4x7_eth.o(.text)
    ETH_MMCITConfig                          0x0800e89f   Thumb Code    78  stm32f4x7_eth.o(.text)
    ETH_GetMMCITStatus                       0x0800e8ed   Thumb Code    66  stm32f4x7_eth.o(.text)
    ETH_GetMMCRegister                       0x0800e92f   Thumb Code     8  stm32f4x7_eth.o(.text)
    vListInitialise                          0x0800e941   Thumb Code    26  list.o(.text)
    vListInitialiseItem                      0x0800e95b   Thumb Code     6  list.o(.text)
    vListInsertEnd                           0x0800e961   Thumb Code    24  list.o(.text)
    vListInsert                              0x0800e979   Thumb Code    52  list.o(.text)
    uxListRemove                             0x0800e9ad   Thumb Code    40  list.o(.text)
    xQueueGenericReset                       0x0800e9d5   Thumb Code   146  queue.o(.text)
    xQueueGenericCreate                      0x0800ea91   Thumb Code    88  queue.o(.text)
    xQueueGenericSend                        0x0800ec01   Thumb Code   380  queue.o(.text)
    xQueueCreateMutex                        0x0800ed99   Thumb Code    34  queue.o(.text)
    xQueueGiveMutexRecursive                 0x0800edbb   Thumb Code    72  queue.o(.text)
    xQueueGenericReceive                     0x0800ee4b   Thumb Code   406  queue.o(.text)
    xQueueTakeMutexRecursive                 0x0800efe1   Thumb Code    82  queue.o(.text)
    xQueueCreateCountingSemaphore            0x0800f033   Thumb Code    92  queue.o(.text)
    xQueueGenericSendFromISR                 0x0800f08f   Thumb Code   248  queue.o(.text)
    xQueueGiveFromISR                        0x0800f187   Thumb Code   224  queue.o(.text)
    xQueueReceiveFromISR                     0x0800f267   Thumb Code   210  queue.o(.text)
    xQueuePeekFromISR                        0x0800f339   Thumb Code   176  queue.o(.text)
    uxQueueMessagesWaiting                   0x0800f3e9   Thumb Code    42  queue.o(.text)
    uxQueueSpacesAvailable                   0x0800f413   Thumb Code    48  queue.o(.text)
    uxQueueMessagesWaitingFromISR            0x0800f443   Thumb Code    30  queue.o(.text)
    vQueueUnregisterQueue                    0x0800f461   Thumb Code    44  queue.o(.text)
    vQueueDelete                             0x0800f48d   Thumb Code    44  queue.o(.text)
    uxQueueGetQueueNumber                    0x0800f4b9   Thumb Code     6  queue.o(.text)
    vQueueSetQueueNumber                     0x0800f4bf   Thumb Code     4  queue.o(.text)
    ucQueueGetQueueType                      0x0800f4c3   Thumb Code     8  queue.o(.text)
    xQueueIsQueueEmptyFromISR                0x0800f4cb   Thumb Code    38  queue.o(.text)
    xQueueIsQueueFullFromISR                 0x0800f4f1   Thumb Code    42  queue.o(.text)
    vQueueAddToRegistry                      0x0800f51b   Thumb Code    38  queue.o(.text)
    pcQueueGetName                           0x0800f541   Thumb Code    38  queue.o(.text)
    xTaskCreate                              0x0800f703   Thumb Code    96  tasks.o(.text)
    vTaskDelete                              0x0800f79f   Thumb Code   202  tasks.o(.text)
    xTaskIncrementTick                       0x0800f869   Thumb Code   380  tasks.o(.text)
    xTaskResumeAll                           0x0800f9e5   Thumb Code   224  tasks.o(.text)
    vTaskSuspendAll                          0x0800fb41   Thumb Code    12  tasks.o(.text)
    vTaskDelay                               0x0800fb4d   Thumb Code    82  tasks.o(.text)
    eTaskGetState                            0x0800fb9f   Thumb Code   112  tasks.o(.text)
    uxTaskPriorityGet                        0x0800fc0f   Thumb Code    30  tasks.o(.text)
    uxTaskPriorityGetFromISR                 0x0800fc2d   Thumb Code    62  tasks.o(.text)
    vTaskPrioritySet                         0x0800fc6b   Thumb Code   260  tasks.o(.text)
    vTaskSwitchContext                       0x0800fd6f   Thumb Code   236  tasks.o(.text)
    vTaskSuspend                             0x0800fe5b   Thumb Code   196  tasks.o(.text)
    vTaskResume                              0x0800ff6f   Thumb Code   128  tasks.o(.text)
    xTaskResumeFromISR                       0x0800ffef   Thumb Code   158  tasks.o(.text)
    vTaskStartScheduler                      0x08010103   Thumb Code   108  tasks.o(.text)
    vTaskEndScheduler                        0x0801016f   Thumb Code    32  tasks.o(.text)
    xTaskGetTickCount                        0x0801018f   Thumb Code     6  tasks.o(.text)
    xTaskGetTickCountFromISR                 0x08010195   Thumb Code    16  tasks.o(.text)
    uxTaskGetNumberOfTasks                   0x080101a5   Thumb Code     6  tasks.o(.text)
    pcTaskGetName                            0x080101ab   Thumb Code    44  tasks.o(.text)
    vTaskGetInfo                             0x08010231   Thumb Code   114  tasks.o(.text)
    uxTaskGetSystemState                     0x0801030d   Thumb Code   152  tasks.o(.text)
    vTaskPlaceOnEventList                    0x080103a5   Thumb Code    52  tasks.o(.text)
    vTaskPlaceOnUnorderedEventList           0x080103d9   Thumb Code   100  tasks.o(.text)
    xTaskRemoveFromEventList                 0x0801043d   Thumb Code   128  tasks.o(.text)
    xTaskRemoveFromUnorderedEventList        0x080104bd   Thumb Code   154  tasks.o(.text)
    vTaskSetTimeOutState                     0x08010557   Thumb Code    38  tasks.o(.text)
    xTaskCheckForTimeOut                     0x0801057d   Thumb Code   132  tasks.o(.text)
    vTaskMissedYield                         0x08010601   Thumb Code     8  tasks.o(.text)
    uxTaskGetTaskNumber                      0x08010609   Thumb Code    14  tasks.o(.text)
    vTaskSetTaskNumber                       0x08010617   Thumb Code    62  tasks.o(.text)
    xTaskGetCurrentTaskHandle                0x08010655   Thumb Code     6  tasks.o(.text)
    vTaskPriorityInherit                     0x0801065b   Thumb Code   164  tasks.o(.text)
    xTaskPriorityDisinherit                  0x080106ff   Thumb Code   188  tasks.o(.text)
    vTaskList                                0x080107e5   Thumb Code   204  tasks.o(.text)
    uxTaskResetEventItemValue                0x080108b1   Thumb Code    24  tasks.o(.text)
    pvTaskIncrementMutexHeldCount            0x080108c9   Thumb Code    26  tasks.o(.text)
    ulTaskNotifyTake                         0x080108e3   Thumb Code   108  tasks.o(.text)
    xTaskNotifyWait                          0x0801094f   Thumb Code   150  tasks.o(.text)
    xTaskGenericNotify                       0x080109e5   Thumb Code   280  tasks.o(.text)
    xTaskGenericNotifyFromISR                0x08010afd   Thumb Code   298  tasks.o(.text)
    vTaskNotifyGiveFromISR                   0x08010c27   Thumb Code   216  tasks.o(.text)
    xTaskNotifyStateClear                    0x08010cff   Thumb Code    48  tasks.o(.text)
    pxPortInitialiseStack                    0x08010d89   Thumb Code    38  port.o(.text)
    vPortSetupTimerInterrupt                 0x08010daf   Thumb Code    14  port.o(.text)
    xPortStartScheduler                      0x08010dbd   Thumb Code   288  port.o(.text)
    vPortEndScheduler                        0x08010edd   Thumb Code    42  port.o(.text)
    vPortEnterCritical                       0x08010f07   Thumb Code    78  port.o(.text)
    vPortExitCritical                        0x08010f55   Thumb Code    56  port.o(.text)
    SysTick_Handler                          0x08010f8d   Thumb Code    48  port.o(.text)
    vPortValidateInterruptPriority           0x08010fbd   Thumb Code   108  port.o(.text)
    pvPortMalloc                             0x08011077   Thumb Code   176  heap_2.o(.text)
    vPortFree                                0x08011127   Thumb Code    56  heap_2.o(.text)
    xPortGetFreeHeapSize                     0x0801115f   Thumb Code     6  heap_2.o(.text)
    vPortInitialiseBlocks                    0x08011165   Thumb Code     2  heap_2.o(.text)
    Reset_Handler                            0x0801117d   Thumb Code     8  startup_stm32f4xx.o(.text)
    ADC_IRQHandler                           0x08011197   Thumb Code     0  startup_stm32f4xx.o(.text)
    CAN1_RX0_IRQHandler                      0x08011197   Thumb Code     0  startup_stm32f4xx.o(.text)
    CAN1_RX1_IRQHandler                      0x08011197   Thumb Code     0  startup_stm32f4xx.o(.text)
    CAN1_SCE_IRQHandler                      0x08011197   Thumb Code     0  startup_stm32f4xx.o(.text)
    CAN1_TX_IRQHandler                       0x08011197   Thumb Code     0  startup_stm32f4xx.o(.text)
    CAN2_RX0_IRQHandler                      0x08011197   Thumb Code     0  startup_stm32f4xx.o(.text)
    CAN2_RX1_IRQHandler                      0x08011197   Thumb Code     0  startup_stm32f4xx.o(.text)
    CAN2_SCE_IRQHandler                      0x08011197   Thumb Code     0  startup_stm32f4xx.o(.text)
    CAN2_TX_IRQHandler                       0x08011197   Thumb Code     0  startup_stm32f4xx.o(.text)
    CRYP_IRQHandler                          0x08011197   Thumb Code     0  startup_stm32f4xx.o(.text)
    DCMI_IRQHandler                          0x08011197   Thumb Code     0  startup_stm32f4xx.o(.text)
    DMA1_Stream0_IRQHandler                  0x08011197   Thumb Code     0  startup_stm32f4xx.o(.text)
    DMA1_Stream1_IRQHandler                  0x08011197   Thumb Code     0  startup_stm32f4xx.o(.text)
    DMA1_Stream2_IRQHandler                  0x08011197   Thumb Code     0  startup_stm32f4xx.o(.text)
    DMA1_Stream3_IRQHandler                  0x08011197   Thumb Code     0  startup_stm32f4xx.o(.text)
    DMA1_Stream4_IRQHandler                  0x08011197   Thumb Code     0  startup_stm32f4xx.o(.text)
    DMA1_Stream5_IRQHandler                  0x08011197   Thumb Code     0  startup_stm32f4xx.o(.text)
    DMA1_Stream6_IRQHandler                  0x08011197   Thumb Code     0  startup_stm32f4xx.o(.text)
    DMA1_Stream7_IRQHandler                  0x08011197   Thumb Code     0  startup_stm32f4xx.o(.text)
    DMA2_Stream0_IRQHandler                  0x08011197   Thumb Code     0  startup_stm32f4xx.o(.text)
    DMA2_Stream1_IRQHandler                  0x08011197   Thumb Code     0  startup_stm32f4xx.o(.text)
    DMA2_Stream2_IRQHandler                  0x08011197   Thumb Code     0  startup_stm32f4xx.o(.text)
    DMA2_Stream3_IRQHandler                  0x08011197   Thumb Code     0  startup_stm32f4xx.o(.text)
    DMA2_Stream4_IRQHandler                  0x08011197   Thumb Code     0  startup_stm32f4xx.o(.text)
    DMA2_Stream5_IRQHandler                  0x08011197   Thumb Code     0  startup_stm32f4xx.o(.text)
    DMA2_Stream6_IRQHandler                  0x08011197   Thumb Code     0  startup_stm32f4xx.o(.text)
    DMA2_Stream7_IRQHandler                  0x08011197   Thumb Code     0  startup_stm32f4xx.o(.text)
    ETH_WKUP_IRQHandler                      0x08011197   Thumb Code     0  startup_stm32f4xx.o(.text)
    EXTI0_IRQHandler                         0x08011197   Thumb Code     0  startup_stm32f4xx.o(.text)
    EXTI15_10_IRQHandler                     0x08011197   Thumb Code     0  startup_stm32f4xx.o(.text)
    EXTI1_IRQHandler                         0x08011197   Thumb Code     0  startup_stm32f4xx.o(.text)
    EXTI2_IRQHandler                         0x08011197   Thumb Code     0  startup_stm32f4xx.o(.text)
    EXTI3_IRQHandler                         0x08011197   Thumb Code     0  startup_stm32f4xx.o(.text)
    EXTI4_IRQHandler                         0x08011197   Thumb Code     0  startup_stm32f4xx.o(.text)
    EXTI9_5_IRQHandler                       0x08011197   Thumb Code     0  startup_stm32f4xx.o(.text)
    FLASH_IRQHandler                         0x08011197   Thumb Code     0  startup_stm32f4xx.o(.text)
    FPU_IRQHandler                           0x08011197   Thumb Code     0  startup_stm32f4xx.o(.text)
    FSMC_IRQHandler                          0x08011197   Thumb Code     0  startup_stm32f4xx.o(.text)
    HASH_RNG_IRQHandler                      0x08011197   Thumb Code     0  startup_stm32f4xx.o(.text)
    I2C1_ER_IRQHandler                       0x08011197   Thumb Code     0  startup_stm32f4xx.o(.text)
    I2C1_EV_IRQHandler                       0x08011197   Thumb Code     0  startup_stm32f4xx.o(.text)
    I2C2_ER_IRQHandler                       0x08011197   Thumb Code     0  startup_stm32f4xx.o(.text)
    I2C2_EV_IRQHandler                       0x08011197   Thumb Code     0  startup_stm32f4xx.o(.text)
    I2C3_ER_IRQHandler                       0x08011197   Thumb Code     0  startup_stm32f4xx.o(.text)
    I2C3_EV_IRQHandler                       0x08011197   Thumb Code     0  startup_stm32f4xx.o(.text)
    OTG_FS_IRQHandler                        0x08011197   Thumb Code     0  startup_stm32f4xx.o(.text)
    OTG_FS_WKUP_IRQHandler                   0x08011197   Thumb Code     0  startup_stm32f4xx.o(.text)
    OTG_HS_EP1_IN_IRQHandler                 0x08011197   Thumb Code     0  startup_stm32f4xx.o(.text)
    OTG_HS_EP1_OUT_IRQHandler                0x08011197   Thumb Code     0  startup_stm32f4xx.o(.text)
    OTG_HS_IRQHandler                        0x08011197   Thumb Code     0  startup_stm32f4xx.o(.text)
    OTG_HS_WKUP_IRQHandler                   0x08011197   Thumb Code     0  startup_stm32f4xx.o(.text)
    PVD_IRQHandler                           0x08011197   Thumb Code     0  startup_stm32f4xx.o(.text)
    RCC_IRQHandler                           0x08011197   Thumb Code     0  startup_stm32f4xx.o(.text)
    RTC_Alarm_IRQHandler                     0x08011197   Thumb Code     0  startup_stm32f4xx.o(.text)
    RTC_WKUP_IRQHandler                      0x08011197   Thumb Code     0  startup_stm32f4xx.o(.text)
    SDIO_IRQHandler                          0x08011197   Thumb Code     0  startup_stm32f4xx.o(.text)
    SPI1_IRQHandler                          0x08011197   Thumb Code     0  startup_stm32f4xx.o(.text)
    SPI2_IRQHandler                          0x08011197   Thumb Code     0  startup_stm32f4xx.o(.text)
    SPI3_IRQHandler                          0x08011197   Thumb Code     0  startup_stm32f4xx.o(.text)
    TAMP_STAMP_IRQHandler                    0x08011197   Thumb Code     0  startup_stm32f4xx.o(.text)
    TIM1_BRK_TIM9_IRQHandler                 0x08011197   Thumb Code     0  startup_stm32f4xx.o(.text)
    TIM1_CC_IRQHandler                       0x08011197   Thumb Code     0  startup_stm32f4xx.o(.text)
    TIM1_TRG_COM_TIM11_IRQHandler            0x08011197   Thumb Code     0  startup_stm32f4xx.o(.text)
    TIM1_UP_TIM10_IRQHandler                 0x08011197   Thumb Code     0  startup_stm32f4xx.o(.text)
    TIM5_IRQHandler                          0x08011197   Thumb Code     0  startup_stm32f4xx.o(.text)
    TIM6_DAC_IRQHandler                      0x08011197   Thumb Code     0  startup_stm32f4xx.o(.text)
    TIM7_IRQHandler                          0x08011197   Thumb Code     0  startup_stm32f4xx.o(.text)
    TIM8_BRK_TIM12_IRQHandler                0x08011197   Thumb Code     0  startup_stm32f4xx.o(.text)
    TIM8_CC_IRQHandler                       0x08011197   Thumb Code     0  startup_stm32f4xx.o(.text)
    TIM8_TRG_COM_TIM14_IRQHandler            0x08011197   Thumb Code     0  startup_stm32f4xx.o(.text)
    TIM8_UP_TIM13_IRQHandler                 0x08011197   Thumb Code     0  startup_stm32f4xx.o(.text)
    UART4_IRQHandler                         0x08011197   Thumb Code     0  startup_stm32f4xx.o(.text)
    UART5_IRQHandler                         0x08011197   Thumb Code     0  startup_stm32f4xx.o(.text)
    USART1_IRQHandler                        0x08011197   Thumb Code     0  startup_stm32f4xx.o(.text)
    USART2_IRQHandler                        0x08011197   Thumb Code     0  startup_stm32f4xx.o(.text)
    USART3_IRQHandler                        0x08011197   Thumb Code     0  startup_stm32f4xx.o(.text)
    USART6_IRQHandler                        0x08011197   Thumb Code     0  startup_stm32f4xx.o(.text)
    WWDG_IRQHandler                          0x08011197   Thumb Code     0  startup_stm32f4xx.o(.text)
    __user_initial_stackheap                 0x08011199   Thumb Code     0  startup_stm32f4xx.o(.text)
    malloc                                   0x080111bd   Thumb Code    94  h1_alloc.o(.text)
    free                                     0x0801121b   Thumb Code    78  h1_free.o(.text)
    __2sprintf                               0x08011269   Thumb Code    34  noretval__2sprintf.o(.text)
    _printf_pre_padding                      0x08011291   Thumb Code    44  _printf_pad.o(.text)
    _printf_post_padding                     0x080112bd   Thumb Code    34  _printf_pad.o(.text)
    _printf_str                              0x080112df   Thumb Code    82  _printf_str.o(.text)
    _printf_int_dec                          0x08011331   Thumb Code   104  _printf_dec.o(.text)
    __printf                                 0x080113a9   Thumb Code   270  __printf_wp.o(.text)
    strcpy                                   0x080114b7   Thumb Code    72  strcpy.o(.text)
    strlen                                   0x080114ff   Thumb Code    62  strlen.o(.text)
    __aeabi_memcpy                           0x0801153d   Thumb Code     0  rt_memcpy_v6.o(.text)
    __rt_memcpy                              0x0801153d   Thumb Code   138  rt_memcpy_v6.o(.text)
    _memcpy_lastbytes                        0x080115a3   Thumb Code     0  rt_memcpy_v6.o(.text)
    __aeabi_memset                           0x080115c7   Thumb Code    16  aeabi_memset.o(.text)
    __aeabi_memclr                           0x080115d7   Thumb Code     0  rt_memclr.o(.text)
    __rt_memclr                              0x080115d7   Thumb Code    68  rt_memclr.o(.text)
    _memset                                  0x080115db   Thumb Code     0  rt_memclr.o(.text)
    __aeabi_memclr4                          0x0801161b   Thumb Code     0  rt_memclr_w.o(.text)
    __aeabi_memclr8                          0x0801161b   Thumb Code     0  rt_memclr_w.o(.text)
    __rt_memclr_w                            0x0801161b   Thumb Code    78  rt_memclr_w.o(.text)
    _memset_w                                0x0801161f   Thumb Code     0  rt_memclr_w.o(.text)
    strncpy                                  0x08011669   Thumb Code    86  strncpy.o(.text)
    strcmp                                   0x080116c1   Thumb Code   128  strcmpv7m.o(.text)
    __use_two_region_memory                  0x08011741   Thumb Code     2  heapauxi.o(.text)
    __rt_heap_escrow                         0x08011743   Thumb Code     2  heapauxi.o(.text)
    __rt_heap_expand                         0x08011745   Thumb Code     2  heapauxi.o(.text)
    __rt_heap_descriptor                     0x08011749   Thumb Code     8  rt_heap_descriptor_intlibspace.o(.text)
    __use_no_heap                            0x08011751   Thumb Code     2  hguard.o(.text)
    __heap$guard                             0x08011753   Thumb Code     2  hguard.o(.text)
    _terminate_user_alloc                    0x08011755   Thumb Code     2  init_alloc.o(.text)
    _init_user_alloc                         0x08011757   Thumb Code     2  init_alloc.o(.text)
    __Heap_Full                              0x08011759   Thumb Code    34  init_alloc.o(.text)
    __Heap_Broken                            0x0801177b   Thumb Code     6  init_alloc.o(.text)
    _init_alloc                              0x08011781   Thumb Code    94  init_alloc.o(.text)
    __Heap_Initialize                        0x080117df   Thumb Code    10  h1_init.o(.text)
    __Heap_DescSize                          0x080117e9   Thumb Code     4  h1_init.o(.text)
    _printf_int_common                       0x080117ed   Thumb Code   178  _printf_intcommon.o(.text)
    __lib_sel_fp_printf                      0x0801189f   Thumb Code     2  _printf_fp_dec.o(.text)
    _printf_fp_dec_real                      0x08011a51   Thumb Code   620  _printf_fp_dec.o(.text)
    _printf_char_common                      0x08011cc7   Thumb Code    32  _printf_char_common.o(.text)
    _sputc                                   0x08011ced   Thumb Code    10  _sputc.o(.text)
    _printf_cs_common                        0x08011cf7   Thumb Code    20  _printf_char.o(.text)
    _printf_char                             0x08011d0b   Thumb Code    16  _printf_char.o(.text)
    _printf_string                           0x08011d1b   Thumb Code     8  _printf_char.o(.text)
    __aeabi_memcpy4                          0x08011d23   Thumb Code     0  rt_memcpy_w.o(.text)
    __aeabi_memcpy8                          0x08011d23   Thumb Code     0  rt_memcpy_w.o(.text)
    __rt_memcpy_w                            0x08011d23   Thumb Code   100  rt_memcpy_w.o(.text)
    _memcpy_lastbytes_aligned                0x08011d6b   Thumb Code     0  rt_memcpy_w.o(.text)
    __user_libspace                          0x08011d89   Thumb Code     8  libspace.o(.text)
    __user_perproc_libspace                  0x08011d89   Thumb Code     0  libspace.o(.text)
    __user_perthread_libspace                0x08011d89   Thumb Code     0  libspace.o(.text)
    __rt_locale                              0x08011d91   Thumb Code     8  rt_locale_intlibspace.o(.text)
    __Heap_ProvideMemory                     0x08011d99   Thumb Code    52  h1_extend.o(.text)
    _ll_udiv10                               0x08011dcd   Thumb Code   138  lludiv10.o(.text)
    _printf_fp_infnan                        0x08011e59   Thumb Code   112  _printf_fp_infnan.o(.text)
    _btod_etento                             0x08011ed9   Thumb Code   224  bigflt0.o(.text)
    __rt_SIGRTMEM                            0x08011fbd   Thumb Code    14  defsig_rtmem_outer.o(.text)
    __I$use$semihosting                      0x08011fcb   Thumb Code     0  use_no_semi.o(.text)
    __use_no_semihosting_swi                 0x08011fcb   Thumb Code     2  use_no_semi.o(.text)
    __semihosting_library_function           0x08011fcd   Thumb Code     0  indicate_semi.o(.text)
    __user_setup_stackheap                   0x08011fcd   Thumb Code    74  sys_stackheap_outer.o(.text)
    exit                                     0x08012017   Thumb Code    18  exit.o(.text)
    __sig_exit                               0x08012029   Thumb Code    10  defsig_exit.o(.text)
    __rt_SIGRTMEM_inner                      0x08012035   Thumb Code    22  defsig_rtmem_inner.o(.text)
    _sys_exit                                0x08012085   Thumb Code     8  sys_exit.o(.text)
    __default_signal_display                 0x08012091   Thumb Code    50  defsig_general.o(.text)
    _ttywrch                                 0x080120c3   Thumb Code    14  sys_wrch.o(.text)
    _btod_d2e                                0x080120d1   Thumb Code    62  btod.o(CL$$btod_d2e)
    _d2e_denorm_low                          0x0801210f   Thumb Code    70  btod.o(CL$$btod_d2e_denorm_low)
    _d2e_norm_op1                            0x08012155   Thumb Code    96  btod.o(CL$$btod_d2e_norm_op1)
    __btod_div_common                        0x080121b5   Thumb Code   696  btod.o(CL$$btod_div_common)
    _e2e                                     0x080124ed   Thumb Code   220  btod.o(CL$$btod_e2e)
    _btod_ediv                               0x080125c9   Thumb Code    42  btod.o(CL$$btod_ediv)
    _btod_emul                               0x080125f3   Thumb Code    42  btod.o(CL$$btod_emul)
    __btod_mult_common                       0x0801261d   Thumb Code   580  btod.o(CL$$btod_mult_common)
    __ARM_fpclassify                         0x08012861   Thumb Code    48  fpclassify.o(i.__ARM_fpclassify)
    _is_digit                                0x08012891   Thumb Code    14  __printf_wp.o(i._is_digit)
    _get_lc_numeric                          0x080128a1   Thumb Code    44  lc_numeric_c.o(locale$$code)
    __aeabi_d2f                              0x080128cd   Thumb Code     0  d2f.o(x$fpl$d2f)
    _d2f                                     0x080128cd   Thumb Code    98  d2f.o(x$fpl$d2f)
    __aeabi_dadd                             0x08012931   Thumb Code     0  daddsub_clz.o(x$fpl$dadd)
    _dadd                                    0x08012931   Thumb Code   332  daddsub_clz.o(x$fpl$dadd)
    __fpl_dcmp_Inf                           0x08012a81   Thumb Code    24  dcmpi.o(x$fpl$dcmpinf)
    __aeabi_ddiv                             0x08012a99   Thumb Code     0  ddiv.o(x$fpl$ddiv)
    _ddiv                                    0x08012a99   Thumb Code   552  ddiv.o(x$fpl$ddiv)
    __aeabi_d2uiz                            0x08012d49   Thumb Code     0  dfixu.o(x$fpl$dfixu)
    _dfixu                                   0x08012d49   Thumb Code    90  dfixu.o(x$fpl$dfixu)
    __aeabi_i2d                              0x08012da3   Thumb Code     0  dflt_clz.o(x$fpl$dflt)
    _dflt                                    0x08012da3   Thumb Code    46  dflt_clz.o(x$fpl$dflt)
    __aeabi_ui2d                             0x08012dd1   Thumb Code     0  dflt_clz.o(x$fpl$dfltu)
    _dfltu                                   0x08012dd1   Thumb Code    38  dflt_clz.o(x$fpl$dfltu)
    __aeabi_cdcmple                          0x08012df9   Thumb Code     0  dleqf.o(x$fpl$dleqf)
    _dcmple                                  0x08012df9   Thumb Code   120  dleqf.o(x$fpl$dleqf)
    __fpl_dcmple_InfNaN                      0x08012e5b   Thumb Code     0  dleqf.o(x$fpl$dleqf)
    __aeabi_dmul                             0x08012e71   Thumb Code     0  dmul.o(x$fpl$dmul)
    _dmul                                    0x08012e71   Thumb Code   332  dmul.o(x$fpl$dmul)
    __fpl_dnaninf                            0x08012fc5   Thumb Code   156  dnaninf.o(x$fpl$dnaninf)
    __fpl_dretinf                            0x08013061   Thumb Code    12  dretinf.o(x$fpl$dretinf)
    __aeabi_cdrcmple                         0x0801306d   Thumb Code     0  drleqf.o(x$fpl$drleqf)
    _drcmple                                 0x0801306d   Thumb Code   108  drleqf.o(x$fpl$drleqf)
    __aeabi_drsub                            0x080130d9   Thumb Code     0  daddsub_clz.o(x$fpl$drsb)
    _drsb                                    0x080130d9   Thumb Code    22  daddsub_clz.o(x$fpl$drsb)
    __aeabi_dsub                             0x080130f1   Thumb Code     0  daddsub_clz.o(x$fpl$dsub)
    _dsub                                    0x080130f1   Thumb Code   464  daddsub_clz.o(x$fpl$dsub)
    _fp_init                                 0x080132c5   Thumb Code    10  fpinit.o(x$fpl$fpinit)
    __fplib_config_fpu_vfp                   0x080132cd   Thumb Code     0  fpinit.o(x$fpl$fpinit)
    __fplib_config_pureend_doubles           0x080132cd   Thumb Code     0  fpinit.o(x$fpl$fpinit)
    __fpl_fretinf                            0x080132cf   Thumb Code    10  fretinf.o(x$fpl$fretinf)
    _printf_fp_dec                           0x080132d9   Thumb Code     4  printf1.o(x$fpl$printf1)
    GL_ASCII16x24_Table                      0x080132dc   Data        4560  gl_fonts.o(.constdata)
    __I$use$fp                               0x080132dc   Number         0  usenofp.o(x$fpl$usenofp)
    GL_ASCII12x12_Table                      0x080144ac   Data        2304  gl_fonts.o(.constdata)
    GL_ASCII8x12_Table                       0x08014dac   Data        2304  gl_fonts.o(.constdata)
    GL_ASCII8x8_Table                        0x080156ac   Data        1536  gl_fonts.o(.constdata)
    GL_ASCII8x12_bold_Table                  0x08015cac   Data        5376  gl_fonts.o(.constdata)
    GL_ASCII36x48                            0x080171ac   Data       12480  gl_fonts.o(.constdata)
    RButtonA                                 0x0801a26c   Data         866  images.o(.constdata)
    RButtonB                                 0x0801a5ce   Data         866  images.o(.constdata)
    CheckBox1                                0x0801a930   Data         866  images.o(.constdata)
    CheckBox2                                0x0801ac92   Data         866  images.o(.constdata)
    ArrowUpUntouched                         0x0801aff4   Data        1034  images.o(.constdata)
    ArrowUpTouched                           0x0801b3fe   Data        1034  images.o(.constdata)
    ArrowDownUntouched                       0x0801b808   Data        1034  images.o(.constdata)
    ArrowDownTouched                         0x0801bc12   Data        1034  images.o(.constdata)
    BtnNormalLeft                            0x0801c01c   Data         482  images.o(.constdata)
    BtnNormalRight                           0x0801c1fe   Data         482  images.o(.constdata)
    BtnNormal                                0x0801c3e0   Data         482  images.o(.constdata)
    BtnPressedLeft                           0x0801c5c2   Data         482  images.o(.constdata)
    BtnPressedRight                          0x0801c7a4   Data         482  images.o(.constdata)
    BtnPressed                               0x0801c986   Data         482  images.o(.constdata)
    SwitchNormalLeft                         0x0801cb68   Data         482  images.o(.constdata)
    SwitchNormalRight                        0x0801cd4a   Data         482  images.o(.constdata)
    SwitchNormal                             0x0801cf2c   Data         482  images.o(.constdata)
    SwitchPressedLeft                        0x0801d10e   Data         482  images.o(.constdata)
    SwitchPressedRight                       0x0801d2f0   Data         482  images.o(.constdata)
    SwitchPressed                            0x0801d4d2   Data         482  images.o(.constdata)
    SlidebarLeft                             0x0801d6b4   Data         210  images.o(.constdata)
    SlidebarRight                            0x0801d786   Data         210  images.o(.constdata)
    SlidebarCentral                          0x0801d858   Data         210  images.o(.constdata)
    SlidebarCursor                           0x0801d92a   Data         306  images.o(.constdata)
    ASCII16x24_Table                         0x0801da60   Data        4560  fonts.o(.constdata)
    ASCII12x12_Table                         0x0801ec30   Data        2304  fonts.o(.constdata)
    ASCII8x12_Table                          0x0801f530   Data        2304  fonts.o(.constdata)
    ASCII8x8_Table                           0x0801fe30   Data        1536  fonts.o(.constdata)
    ASCII36x48_Table                         0x08020430   Data       12480  fonts.o(.constdata)
    ASCII8x12_bold_Table                     0x080234f0   Data        5376  fonts.o(.constdata)
    GPIO_PIN                                 0x080249f0   Data           8  stm32f4_discovery_user.o(.constdata)
    GPIO_CLK                                 0x080249f8   Data          16  stm32f4_discovery_user.o(.constdata)
    BUTTON_PIN                               0x08024a08   Data           2  stm32f4_discovery_user.o(.constdata)
    BUTTON_CLK                               0x08024a0c   Data           4  stm32f4_discovery_user.o(.constdata)
    BUTTON_EXTI_LINE                         0x08024a10   Data           2  stm32f4_discovery_user.o(.constdata)
    BUTTON_PORT_SOURCE                       0x08024a12   Data           1  stm32f4_discovery_user.o(.constdata)
    BUTTON_PIN_SOURCE                        0x08024a13   Data           1  stm32f4_discovery_user.o(.constdata)
    BUTTON_IRQn                              0x08024a14   Data           1  stm32f4_discovery_user.o(.constdata)
    COM_USART_CLK                            0x08024a18   Data           8  stm32f4_discovery_user.o(.constdata)
    COM_TX_PORT_CLK                          0x08024a20   Data           8  stm32f4_discovery_user.o(.constdata)
    COM_RX_PORT_CLK                          0x08024a28   Data           8  stm32f4_discovery_user.o(.constdata)
    COM_TX_PIN                               0x08024a30   Data           4  stm32f4_discovery_user.o(.constdata)
    COM_RX_PIN                               0x08024a34   Data           4  stm32f4_discovery_user.o(.constdata)
    COM_TX_PIN_SOURCE                        0x08024a38   Data           4  stm32f4_discovery_user.o(.constdata)
    COM_RX_PIN_SOURCE                        0x08024a3c   Data           4  stm32f4_discovery_user.o(.constdata)
    COM_TX_AF                                0x08024a40   Data           4  stm32f4_discovery_user.o(.constdata)
    COM_RX_AF                                0x08024a44   Data           4  stm32f4_discovery_user.o(.constdata)
    Region$$Table$$Base                      0x08024af0   Number         0  anon$$obj.o(Region$$Table)
    Region$$Table$$Limit                     0x08024b10   Number         0  anon$$obj.o(Region$$Table)
    SystemCoreClock                          0x20000000   Data           4  system_stm32f4xx.o(.data)
    AHBPrescTable                            0x20000004   Data          16  system_stm32f4xx.o(.data)
    DosingTest_Flag                          0x20000016   Data           1  uiappuser.o(.data)
    CurrentScreen                            0x2000001c   Data           4  uiframework.o(.data)
    Screen                                   0x20000020   Data           2  uiframework.o(.data)
    GL_Font                                  0x20000022   Data           1  lcdhal.o(.data)
    GL_FontWidth                             0x20000023   Data           1  lcdhal.o(.data)
    GL_FontHeight                            0x20000024   Data           1  lcdhal.o(.data)
    LCD_Height                               0x20000026   Data           2  lcdhal.o(.data)
    LCD_Width                                0x20000028   Data           2  lcdhal.o(.data)
    LCD_Direction                            0x2000002a   Data           1  lcdhal.o(.data)
    TextColor                                0x2000002c   Data           2  lcdhal.o(.data)
    BackColor                                0x2000002e   Data           2  lcdhal.o(.data)
    Cursor                                   0x20000034   Data           4  cursor.o(.data)
    u32_TSXCoordinate                        0x20000048   Data           4  cursor.o(.data)
    u32_TSYCoordinate                        0x2000004c   Data           4  cursor.o(.data)
    GL_Font16x24                             0x20000050   Data           8  gl_fonts.o(.data)
    GL_Font12x12                             0x20000058   Data           8  gl_fonts.o(.data)
    GL_Font8x12                              0x20000060   Data           8  gl_fonts.o(.data)
    GL_Font8x12_bold                         0x20000068   Data           8  gl_fonts.o(.data)
    GL_Font8x8                               0x20000070   Data           8  gl_fonts.o(.data)
    GL_Font36x48                             0x20000078   Data           8  gl_fonts.o(.data)
    vu32_gTimeOutCount                       0x200000b0   Data           4  graphicobject.o(.data)
    vu8_gTouchEnable                         0x200000b4   Data           1  graphicobject.o(.data)
    vu8_gSleepState                          0x200000b5   Data           1  graphicobject.o(.data)
    ValidTouchDetected                       0x200000b6   Data           1  graphicobject.o(.data)
    vu8_gPowerSaveOption                     0x200000b7   Data           1  graphicobject.o(.data)
    touch_done                               0x200000b8   Data           1  graphicobject.o(.data)
    joy_done                                 0x200000b9   Data           1  graphicobject.o(.data)
    calibration_done                         0x200000ba   Data           1  graphicobject.o(.data)
    __stdout                                 0x200000c0   Data           4  stm32f4xx_uartstdio.o(.data)
    Font16x24                                0x200000d0   Data           8  fonts.o(.data)
    Font12x12                                0x200000d8   Data           8  fonts.o(.data)
    Font8x12                                 0x200000e0   Data           8  fonts.o(.data)
    Font8x8                                  0x200000e8   Data           8  fonts.o(.data)
    Font36x48                                0x200000f0   Data           8  fonts.o(.data)
    Font8x12_bold                            0x200000f8   Data           8  fonts.o(.data)
    A2                                       0x20000100   Data           4  stm32f4_discovery_tsc2046.o(.data)
    B2                                       0x20000104   Data           4  stm32f4_discovery_tsc2046.o(.data)
    C2                                       0x20000108   Data           4  stm32f4_discovery_tsc2046.o(.data)
    D2                                       0x2000010c   Data           4  stm32f4_discovery_tsc2046.o(.data)
    E2                                       0x20000110   Data           4  stm32f4_discovery_tsc2046.o(.data)
    F2                                       0x20000114   Data           4  stm32f4_discovery_tsc2046.o(.data)
    XCoordinate                              0x20000118   Data           2  stm32f4_discovery_tsc2046.o(.data)
    YCoordinate                              0x2000011a   Data           2  stm32f4_discovery_tsc2046.o(.data)
    tmp                                      0x2000011c   Data           4  stm32f4_discovery_tsc2046.o(.data)
    mydata                                   0x20000120   Data           4  stm32f4_discovery_tsc2046.o(.data)
    display                                  0x20000124   Data           4  stm32f4_discovery_tsc2046.o(.data)
    i                                        0x20000128   Data           4  stm32f4_discovery_tsc2046.o(.data)
    GPIO_PORT                                0x20000130   Data          16  stm32f4_discovery_user.o(.data)
    BUTTON_PORT                              0x20000140   Data           4  stm32f4_discovery_user.o(.data)
    COM_USART                                0x20000144   Data           8  stm32f4_discovery_user.o(.data)
    COM_TX_PORT                              0x2000014c   Data           8  stm32f4_discovery_user.o(.data)
    COM_RX_PORT                              0x20000154   Data           8  stm32f4_discovery_user.o(.data)
    NVIC_InitStructure                       0x2000015c   Data           4  stm32f4_discovery_user.o(.data)
    DMATxDescToSet                           0x20000170   Data           4  stm32f4x7_eth.o(.data)
    DMARxDescToGet                           0x20000174   Data           4  stm32f4x7_eth.o(.data)
    DMA_RX_FRAME_infos                       0x20000178   Data           4  stm32f4x7_eth.o(.data)
    Frame_Rx_index                           0x2000017c   Data           4  stm32f4x7_eth.o(.data)
    s_xSemaphore                             0x20000184   Data           4  ethernetif.o(.data)
    pxCurrentTCB                             0x2000018c   Data           4  tasks.o(.data)
    StartScreen                              0x200001ec   Data         164  uiframework.o(.bss)
    SettingsScreen                           0x20000290   Data         164  uiframework.o(.bss)
    DosingTestStartStartScreen               0x20000334   Data         164  uiframework.o(.bss)
    DosingTestStopStartScreen                0x200003d8   Data         164  uiframework.o(.bss)
    DosingTestStopStopScreen                 0x2000047c   Data         164  uiframework.o(.bss)
    DosingTestStartStopScreen                0x20000520   Data         164  uiframework.o(.bss)
    ParametersScreen                         0x200005c4   Data         164  uiframework.o(.bss)
    ParametersPoolVolumeScreen               0x20000668   Data         164  uiframework.o(.bss)
    ParametersFitrationPeriodScreen          0x2000070c   Data         164  uiframework.o(.bss)
    ParametersWaterScreen                    0x200007b0   Data         164  uiframework.o(.bss)
    PagesList                                0x20000854   Data         200  graphicobject.o(.bss)
    matrix                                   0x2000091c   Data          28  stm32f4_discovery_tsc2046.o(.bss)
    DMARxDscrTab                             0x20000938   Data         160  stm32f4x7_eth.o(.bss)
    DMATxDscrTab                             0x200009d8   Data         160  stm32f4x7_eth.o(.bss)
    Rx_Buff                                  0x20000a78   Data        7620  stm32f4x7_eth.o(.bss)
    Tx_Buff                                  0x2000283c   Data        7620  stm32f4x7_eth.o(.bss)
    RX_Frame_Descriptor                      0x20004600   Data          12  stm32f4x7_eth.o(.bss)
    xQueueRegistry                           0x2000460c   Data          64  queue.o(.bss)
    __libspace_start                         0x20009714   Data          96  libspace.o(.bss)
    __temporary_stack_top$libspace           0x20009774   Data           0  libspace.o(.bss)



==============================================================================

Memory Map of the image

  Image Entry point : 0x08000189

  Load Region LR_IROM1 (Base: 0x08000000, Size: 0x00024d18, Max: 0x00080000, ABSOLUTE, COMPRESSED[0x00024bdc])

    Execution Region ER_IROM1 (Exec base: 0x08000000, Load base: 0x08000000, Size: 0x00024b2c, Max: 0x00080000, ABSOLUTE)

    Exec Addr    Load Addr    Size         Type   Attr      Idx    E Section Name        Object

    0x08000000   0x08000000   0x00000188   Data   RO         1860    RESET               startup_stm32f4xx.o
    0x08000188   0x08000188   0x00000008   Code   RO         1990  * !!!main             c_w.l(__main.o)
    0x08000190   0x08000190   0x00000034   Code   RO         2288    !!!scatter          c_w.l(__scatter.o)
    0x080001c4   0x080001c4   0x0000005a   Code   RO         2286    !!dczerorl2         c_w.l(__dczerorl2.o)
    0x0800021e   0x0800021e   0x00000002   PAD
    0x08000220   0x08000220   0x0000001c   Code   RO         2290    !!handler_zi        c_w.l(__scatter_zi.o)
    0x0800023c   0x0800023c   0x00000000   Code   RO         1965    .ARM.Collect$$_printf_percent$$00000000  c_w.l(_printf_percent.o)
    0x0800023c   0x0800023c   0x00000006   Code   RO         1964    .ARM.Collect$$_printf_percent$$00000003  c_w.l(_printf_f.o)
    0x08000242   0x08000242   0x00000006   Code   RO         1962    .ARM.Collect$$_printf_percent$$00000009  c_w.l(_printf_d.o)
    0x08000248   0x08000248   0x00000006   Code   RO         1963    .ARM.Collect$$_printf_percent$$0000000A  c_w.l(_printf_u.o)
    0x0800024e   0x0800024e   0x00000006   Code   RO         1961    .ARM.Collect$$_printf_percent$$00000013  c_w.l(_printf_c.o)
    0x08000254   0x08000254   0x00000004   Code   RO         2060    .ARM.Collect$$_printf_percent$$00000017  c_w.l(_printf_percent_end.o)
    0x08000258   0x08000258   0x00000002   Code   RO         2225    .ARM.Collect$$libinit$$00000000  c_w.l(libinit.o)
    0x0800025a   0x0800025a   0x00000004   Code   RO         2065    .ARM.Collect$$libinit$$00000001  c_w.l(libinit2.o)
    0x0800025e   0x0800025e   0x00000000   Code   RO         2068    .ARM.Collect$$libinit$$00000004  c_w.l(libinit2.o)
    0x0800025e   0x0800025e   0x00000008   Code   RO         2069    .ARM.Collect$$libinit$$00000005  c_w.l(libinit2.o)
    0x08000266   0x08000266   0x00000000   Code   RO         2071    .ARM.Collect$$libinit$$0000000A  c_w.l(libinit2.o)
    0x08000266   0x08000266   0x00000000   Code   RO         2073    .ARM.Collect$$libinit$$0000000C  c_w.l(libinit2.o)
    0x08000266   0x08000266   0x00000000   Code   RO         2075    .ARM.Collect$$libinit$$0000000E  c_w.l(libinit2.o)
    0x08000266   0x08000266   0x00000006   Code   RO         2076    .ARM.Collect$$libinit$$0000000F  c_w.l(libinit2.o)
    0x0800026c   0x0800026c   0x00000000   Code   RO         2078    .ARM.Collect$$libinit$$00000011  c_w.l(libinit2.o)
    0x0800026c   0x0800026c   0x00000000   Code   RO         2080    .ARM.Collect$$libinit$$00000013  c_w.l(libinit2.o)
    0x0800026c   0x0800026c   0x00000000   Code   RO         2082    .ARM.Collect$$libinit$$00000015  c_w.l(libinit2.o)
    0x0800026c   0x0800026c   0x0000000a   Code   RO         2083    .ARM.Collect$$libinit$$00000016  c_w.l(libinit2.o)
    0x08000276   0x08000276   0x00000000   Code   RO         2084    .ARM.Collect$$libinit$$00000017  c_w.l(libinit2.o)
    0x08000276   0x08000276   0x00000000   Code   RO         2086    .ARM.Collect$$libinit$$00000019  c_w.l(libinit2.o)
    0x08000276   0x08000276   0x00000000   Code   RO         2088    .ARM.Collect$$libinit$$0000001B  c_w.l(libinit2.o)
    0x08000276   0x08000276   0x00000000   Code   RO         2090    .ARM.Collect$$libinit$$0000001D  c_w.l(libinit2.o)
    0x08000276   0x08000276   0x00000000   Code   RO         2092    .ARM.Collect$$libinit$$0000001F  c_w.l(libinit2.o)
    0x08000276   0x08000276   0x00000000   Code   RO         2094    .ARM.Collect$$libinit$$00000021  c_w.l(libinit2.o)
    0x08000276   0x08000276   0x00000000   Code   RO         2096    .ARM.Collect$$libinit$$00000023  c_w.l(libinit2.o)
    0x08000276   0x08000276   0x00000000   Code   RO         2098    .ARM.Collect$$libinit$$00000025  c_w.l(libinit2.o)
    0x08000276   0x08000276   0x00000000   Code   RO         2102    .ARM.Collect$$libinit$$0000002C  c_w.l(libinit2.o)
    0x08000276   0x08000276   0x00000000   Code   RO         2104    .ARM.Collect$$libinit$$0000002E  c_w.l(libinit2.o)
    0x08000276   0x08000276   0x00000000   Code   RO         2106    .ARM.Collect$$libinit$$00000030  c_w.l(libinit2.o)
    0x08000276   0x08000276   0x00000000   Code   RO         2108    .ARM.Collect$$libinit$$00000032  c_w.l(libinit2.o)
    0x08000276   0x08000276   0x00000002   Code   RO         2109    .ARM.Collect$$libinit$$00000033  c_w.l(libinit2.o)
    0x08000278   0x08000278   0x00000002   Code   RO         2283    .ARM.Collect$$libshutdown$$00000000  c_w.l(libshutdown.o)
    0x0800027a   0x0800027a   0x00000000   Code   RO         2239    .ARM.Collect$$libshutdown$$00000002  c_w.l(libshutdown2.o)
    0x0800027a   0x0800027a   0x00000000   Code   RO         2241    .ARM.Collect$$libshutdown$$00000004  c_w.l(libshutdown2.o)
    0x0800027a   0x0800027a   0x00000000   Code   RO         2244    .ARM.Collect$$libshutdown$$00000007  c_w.l(libshutdown2.o)
    0x0800027a   0x0800027a   0x00000000   Code   RO         2247    .ARM.Collect$$libshutdown$$0000000A  c_w.l(libshutdown2.o)
    0x0800027a   0x0800027a   0x00000000   Code   RO         2249    .ARM.Collect$$libshutdown$$0000000C  c_w.l(libshutdown2.o)
    0x0800027a   0x0800027a   0x00000000   Code   RO         2252    .ARM.Collect$$libshutdown$$0000000F  c_w.l(libshutdown2.o)
    0x0800027a   0x0800027a   0x00000002   Code   RO         2253    .ARM.Collect$$libshutdown$$00000010  c_w.l(libshutdown2.o)
    0x0800027c   0x0800027c   0x00000000   Code   RO         2024    .ARM.Collect$$rtentry$$00000000  c_w.l(__rtentry.o)
    0x0800027c   0x0800027c   0x00000000   Code   RO         2125    .ARM.Collect$$rtentry$$00000002  c_w.l(__rtentry2.o)
    0x0800027c   0x0800027c   0x00000006   Code   RO         2137    .ARM.Collect$$rtentry$$00000004  c_w.l(__rtentry4.o)
    0x08000282   0x08000282   0x00000000   Code   RO         2127    .ARM.Collect$$rtentry$$00000009  c_w.l(__rtentry2.o)
    0x08000282   0x08000282   0x00000004   Code   RO         2128    .ARM.Collect$$rtentry$$0000000A  c_w.l(__rtentry2.o)
    0x08000286   0x08000286   0x00000000   Code   RO         2130    .ARM.Collect$$rtentry$$0000000C  c_w.l(__rtentry2.o)
    0x08000286   0x08000286   0x00000008   Code   RO         2131    .ARM.Collect$$rtentry$$0000000D  c_w.l(__rtentry2.o)
    0x0800028e   0x0800028e   0x00000002   Code   RO         2228    .ARM.Collect$$rtexit$$00000000  c_w.l(rtexit.o)
    0x08000290   0x08000290   0x00000000   Code   RO         2257    .ARM.Collect$$rtexit$$00000002  c_w.l(rtexit2.o)
    0x08000290   0x08000290   0x00000004   Code   RO         2258    .ARM.Collect$$rtexit$$00000003  c_w.l(rtexit2.o)
    0x08000294   0x08000294   0x00000006   Code   RO         2259    .ARM.Collect$$rtexit$$00000004  c_w.l(rtexit2.o)
    0x0800029a   0x0800029a   0x00000002   PAD
    0x0800029c   0x0800029c   0x000000b6   Code   RO         1813    .emb_text           port.o
    0x08000352   0x08000352   0x00000002   PAD
    0x08000354   0x08000354   0x00000000   Code   RO         2146    .emb_text           c_w.l(maybetermalloc1.o)
    0x08000354   0x08000354   0x00000268   Code   RO            2    .text               main.o
    0x080005bc   0x080005bc   0x00000210   Code   RO          309    .text               system_stm32f4xx.o
    0x080007cc   0x080007cc   0x00000064   Code   RO          331    .text               stm32f4xx_it.o
    0x08000830   0x08000830   0x00000424   Code   RO          613    .text               uiappuser.o
    0x08000c54   0x08000c54   0x00001a70   Code   RO          632    .text               uiframework.o
    0x080026c4   0x080026c4   0x0000077c   Code   RO          665    .text               lcdhal.o
    0x08002e40   0x08002e40   0x0000029c   Code   RO          706    .text               cursor.o
    0x080030dc   0x080030dc   0x00004b08   Code   RO          749    .text               graphicobject.o
    0x08007be4   0x08007be4   0x000006d4   Code   RO          811    .text               stm32f4xx_uartstdio.o
    0x080082b8   0x080082b8   0x00001268   Code   RO          839    .text               stm32f4_discovery_lcd_ssd1963.o
    0x08009520   0x08009520   0x00001e6c   Code   RO          870    .text               stm32f4_discovery_tsc2046.o
    0x0800b38c   0x0800b38c   0x00000490   Code   RO          894    .text               stm32f4_discovery_user.o
    0x0800b81c   0x0800b81c   0x0000041a   Code   RO          914    .text               stm32f4xx_usart.o
    0x0800bc36   0x0800bc36   0x00000002   PAD
    0x0800bc38   0x0800bc38   0x000000e0   Code   RO          930    .text               misc.o
    0x0800bd18   0x0800bd18   0x000003a8   Code   RO          962    .text               stm32f4xx_dma.o
    0x0800c0c0   0x0800c0c0   0x0000011c   Code   RO          978    .text               stm32f4xx_exti.o
    0x0800c1dc   0x0800c1dc   0x00000608   Code   RO          994    .text               stm32f4xx_fsmc.o
    0x0800c7e4   0x0800c7e4   0x0000025c   Code   RO         1010    .text               stm32f4xx_gpio.o
    0x0800ca40   0x0800ca40   0x00000580   Code   RO         1026    .text               stm32f4xx_rcc.o
    0x0800cfc0   0x0800cfc0   0x0000008c   Code   RO         1044    .text               stm32f4xx_syscfg.o
    0x0800d04c   0x0800d04c   0x000001dc   Code   RO         1060    .text               stm32f4xx_sdio.o
    0x0800d228   0x0800d228   0x000003f8   Code   RO         1092    .text               stm32f4xx_spi.o
    0x0800d620   0x0800d620   0x000004bc   Code   RO         1108    .text               stm32f4xx_flash.o
    0x0800dadc   0x0800dadc   0x00000e64   Code   RO         1124    .text               stm32f4x7_eth.o
    0x0800e940   0x0800e940   0x00000094   Code   RO         1745    .text               list.o
    0x0800e9d4   0x0800e9d4   0x00000b98   Code   RO         1757    .text               queue.o
    0x0800f56c   0x0800f56c   0x000017e0   Code   RO         1787    .text               tasks.o
    0x08010d4c   0x08010d4c   0x00000300   Code   RO         1814    .text               port.o
    0x0801104c   0x0801104c   0x00000130   Code   RO         1843    .text               heap_2.o
    0x0801117c   0x0801117c   0x00000040   Code   RO         1861    .text               startup_stm32f4xx.o
    0x080111bc   0x080111bc   0x0000005e   Code   RO         1871    .text               c_w.l(h1_alloc.o)
    0x0801121a   0x0801121a   0x0000004e   Code   RO         1873    .text               c_w.l(h1_free.o)
    0x08011268   0x08011268   0x00000028   Code   RO         1931    .text               c_w.l(noretval__2sprintf.o)
    0x08011290   0x08011290   0x0000004e   Code   RO         1935    .text               c_w.l(_printf_pad.o)
    0x080112de   0x080112de   0x00000052   Code   RO         1937    .text               c_w.l(_printf_str.o)
    0x08011330   0x08011330   0x00000078   Code   RO         1939    .text               c_w.l(_printf_dec.o)
    0x080113a8   0x080113a8   0x0000010e   Code   RO         1949    .text               c_w.l(__printf_wp.o)
    0x080114b6   0x080114b6   0x00000048   Code   RO         1968    .text               c_w.l(strcpy.o)
    0x080114fe   0x080114fe   0x0000003e   Code   RO         1970    .text               c_w.l(strlen.o)
    0x0801153c   0x0801153c   0x0000008a   Code   RO         1976    .text               c_w.l(rt_memcpy_v6.o)
    0x080115c6   0x080115c6   0x00000010   Code   RO         1978    .text               c_w.l(aeabi_memset.o)
    0x080115d6   0x080115d6   0x00000044   Code   RO         1980    .text               c_w.l(rt_memclr.o)
    0x0801161a   0x0801161a   0x0000004e   Code   RO         1982    .text               c_w.l(rt_memclr_w.o)
    0x08011668   0x08011668   0x00000056   Code   RO         1984    .text               c_w.l(strncpy.o)
    0x080116be   0x080116be   0x00000002   PAD
    0x080116c0   0x080116c0   0x00000080   Code   RO         1986    .text               c_w.l(strcmpv7m.o)
    0x08011740   0x08011740   0x00000006   Code   RO         1988    .text               c_w.l(heapauxi.o)
    0x08011746   0x08011746   0x00000002   PAD
    0x08011748   0x08011748   0x00000008   Code   RO         2028    .text               c_w.l(rt_heap_descriptor_intlibspace.o)
    0x08011750   0x08011750   0x00000004   Code   RO         2030    .text               c_w.l(hguard.o)
    0x08011754   0x08011754   0x0000008a   Code   RO         2032    .text               c_w.l(init_alloc.o)
    0x080117de   0x080117de   0x0000000e   Code   RO         2036    .text               c_w.l(h1_init.o)
    0x080117ec   0x080117ec   0x000000b2   Code   RO         2050    .text               c_w.l(_printf_intcommon.o)
    0x0801189e   0x0801189e   0x0000041e   Code   RO         2052    .text               c_w.l(_printf_fp_dec.o)
    0x08011cbc   0x08011cbc   0x00000030   Code   RO         2054    .text               c_w.l(_printf_char_common.o)
    0x08011cec   0x08011cec   0x0000000a   Code   RO         2056    .text               c_w.l(_sputc.o)
    0x08011cf6   0x08011cf6   0x0000002c   Code   RO         2058    .text               c_w.l(_printf_char.o)
    0x08011d22   0x08011d22   0x00000064   Code   RO         2061    .text               c_w.l(rt_memcpy_w.o)
    0x08011d86   0x08011d86   0x00000002   PAD
    0x08011d88   0x08011d88   0x00000008   Code   RO         2121    .text               c_w.l(libspace.o)
    0x08011d90   0x08011d90   0x00000008   Code   RO         2142    .text               c_w.l(rt_locale_intlibspace.o)
    0x08011d98   0x08011d98   0x00000034   Code   RO         2148    .text               c_w.l(h1_extend.o)
    0x08011dcc   0x08011dcc   0x0000008a   Code   RO         2152    .text               c_w.l(lludiv10.o)
    0x08011e56   0x08011e56   0x00000002   PAD
    0x08011e58   0x08011e58   0x00000080   Code   RO         2154    .text               c_w.l(_printf_fp_infnan.o)
    0x08011ed8   0x08011ed8   0x000000e4   Code   RO         2158    .text               c_w.l(bigflt0.o)
    0x08011fbc   0x08011fbc   0x0000000e   Code   RO         2186    .text               c_w.l(defsig_rtmem_outer.o)
    0x08011fca   0x08011fca   0x00000002   Code   RO         2201    .text               c_w.l(use_no_semi.o)
    0x08011fcc   0x08011fcc   0x00000000   Code   RO         2203    .text               c_w.l(indicate_semi.o)
    0x08011fcc   0x08011fcc   0x0000004a   Code   RO         2204    .text               c_w.l(sys_stackheap_outer.o)
    0x08012016   0x08012016   0x00000012   Code   RO         2210    .text               c_w.l(exit.o)
    0x08012028   0x08012028   0x0000000a   Code   RO         2212    .text               c_w.l(defsig_exit.o)
    0x08012032   0x08012032   0x00000002   PAD
    0x08012034   0x08012034   0x00000050   Code   RO         2214    .text               c_w.l(defsig_rtmem_inner.o)
    0x08012084   0x08012084   0x0000000c   Code   RO         2226    .text               c_w.l(sys_exit.o)
    0x08012090   0x08012090   0x00000032   Code   RO         2236    .text               c_w.l(defsig_general.o)
    0x080120c2   0x080120c2   0x0000000e   Code   RO         2254    .text               c_w.l(sys_wrch.o)
    0x080120d0   0x080120d0   0x0000003e   Code   RO         2161    CL$$btod_d2e        c_w.l(btod.o)
    0x0801210e   0x0801210e   0x00000046   Code   RO         2163    CL$$btod_d2e_denorm_low  c_w.l(btod.o)
    0x08012154   0x08012154   0x00000060   Code   RO         2162    CL$$btod_d2e_norm_op1  c_w.l(btod.o)
    0x080121b4   0x080121b4   0x00000338   Code   RO         2171    CL$$btod_div_common  c_w.l(btod.o)
    0x080124ec   0x080124ec   0x000000dc   Code   RO         2168    CL$$btod_e2e        c_w.l(btod.o)
    0x080125c8   0x080125c8   0x0000002a   Code   RO         2165    CL$$btod_ediv       c_w.l(btod.o)
    0x080125f2   0x080125f2   0x0000002a   Code   RO         2164    CL$$btod_emul       c_w.l(btod.o)
    0x0801261c   0x0801261c   0x00000244   Code   RO         2170    CL$$btod_mult_common  c_w.l(btod.o)
    0x08012860   0x08012860   0x00000030   Code   RO         2199    i.__ARM_fpclassify  m_wm.l(fpclassify.o)
    0x08012890   0x08012890   0x0000000e   Code   RO         1951    i._is_digit         c_w.l(__printf_wp.o)
    0x0801289e   0x0801289e   0x00000002   PAD
    0x080128a0   0x080128a0   0x0000002c   Code   RO         2184    locale$$code        c_w.l(lc_numeric_c.o)
    0x080128cc   0x080128cc   0x00000062   Code   RO         1992    x$fpl$d2f           fz_wm.l(d2f.o)
    0x0801292e   0x0801292e   0x00000002   PAD
    0x08012930   0x08012930   0x00000150   Code   RO         1994    x$fpl$dadd          fz_wm.l(daddsub_clz.o)
    0x08012a80   0x08012a80   0x00000018   Code   RO         2110    x$fpl$dcmpinf       fz_wm.l(dcmpi.o)
    0x08012a98   0x08012a98   0x000002b0   Code   RO         2001    x$fpl$ddiv          fz_wm.l(ddiv.o)
    0x08012d48   0x08012d48   0x0000005a   Code   RO         2004    x$fpl$dfixu         fz_wm.l(dfixu.o)
    0x08012da2   0x08012da2   0x0000002e   Code   RO         2009    x$fpl$dflt          fz_wm.l(dflt_clz.o)
    0x08012dd0   0x08012dd0   0x00000026   Code   RO         2008    x$fpl$dfltu         fz_wm.l(dflt_clz.o)
    0x08012df6   0x08012df6   0x00000002   PAD
    0x08012df8   0x08012df8   0x00000078   Code   RO         2014    x$fpl$dleqf         fz_wm.l(dleqf.o)
    0x08012e70   0x08012e70   0x00000154   Code   RO         2016    x$fpl$dmul          fz_wm.l(dmul.o)
    0x08012fc4   0x08012fc4   0x0000009c   Code   RO         2112    x$fpl$dnaninf       fz_wm.l(dnaninf.o)
    0x08013060   0x08013060   0x0000000c   Code   RO         2114    x$fpl$dretinf       fz_wm.l(dretinf.o)
    0x0801306c   0x0801306c   0x0000006c   Code   RO         2018    x$fpl$drleqf        fz_wm.l(drleqf.o)
    0x080130d8   0x080130d8   0x00000016   Code   RO         1995    x$fpl$drsb          fz_wm.l(daddsub_clz.o)
    0x080130ee   0x080130ee   0x00000002   PAD
    0x080130f0   0x080130f0   0x000001d4   Code   RO         1996    x$fpl$dsub          fz_wm.l(daddsub_clz.o)
    0x080132c4   0x080132c4   0x0000000a   Code   RO         2195    x$fpl$fpinit        fz_wm.l(fpinit.o)
    0x080132ce   0x080132ce   0x0000000a   Code   RO         2116    x$fpl$fretinf       fz_wm.l(fretinf.o)
    0x080132d8   0x080132d8   0x00000004   Code   RO         2020    x$fpl$printf1       fz_wm.l(printf1.o)
    0x080132dc   0x080132dc   0x00000000   Code   RO         2118    x$fpl$usenofp       fz_wm.l(usenofp.o)
    0x080132dc   0x080132dc   0x00006f90   Data   RO          735    .constdata          gl_fonts.o
    0x0801a26c   0x0801a26c   0x000037f0   Data   RO          795    .constdata          images.o
    0x0801da5c   0x0801da5c   0x00000004   Data   RO          812    .constdata          stm32f4xx_uartstdio.o
    0x0801da60   0x0801da60   0x00006f90   Data   RO          856    .constdata          fonts.o
    0x080249f0   0x080249f0   0x00000058   Data   RO          895    .constdata          stm32f4_discovery_user.o
    0x08024a48   0x08024a48   0x00000094   Data   RO         2159    .constdata          c_w.l(bigflt0.o)
    0x08024adc   0x08024adc   0x00000011   Data   RO          813    .conststring        stm32f4xx_uartstdio.o
    0x08024aed   0x08024aed   0x00000003   PAD
    0x08024af0   0x08024af0   0x00000020   Data   RO         2284    Region$$Table       anon$$obj.o
    0x08024b10   0x08024b10   0x0000001c   Data   RO         2183    locale$$data        c_w.l(lc_numeric_c.o)


    Execution Region RW_IRAM1 (Exec base: 0x20000000, Load base: 0x08024b2c, Size: 0x00009f78, Max: 0x00020000, ABSOLUTE, COMPRESSED[0x000000b0])

    Exec Addr    Load Addr    Size         Type   Attr      Idx    E Section Name        Object

    0x20000000   COMPRESSED   0x00000014   Data   RW          310    .data               system_stm32f4xx.o
    0x20000014   COMPRESSED   0x00000003   Data   RW          614    .data               uiappuser.o
    0x20000017   COMPRESSED   0x00000001   PAD
    0x20000018   COMPRESSED   0x0000000a   Data   RW          634    .data               uiframework.o
    0x20000022   COMPRESSED   0x00000010   Data   RW          667    .data               lcdhal.o
    0x20000032   COMPRESSED   0x00000002   PAD
    0x20000034   COMPRESSED   0x0000001c   Data   RW          707    .data               cursor.o
    0x20000050   COMPRESSED   0x00000030   Data   RW          736    .data               gl_fonts.o
    0x20000080   COMPRESSED   0x0000003b   Data   RW          751    .data               graphicobject.o
    0x200000bb   COMPRESSED   0x00000001   PAD
    0x200000bc   COMPRESSED   0x00000009   Data   RW          814    .data               stm32f4xx_uartstdio.o
    0x200000c5   COMPRESSED   0x00000003   PAD
    0x200000c8   COMPRESSED   0x00000008   Data   RW          840    .data               stm32f4_discovery_lcd_ssd1963.o
    0x200000d0   COMPRESSED   0x00000030   Data   RW          857    .data               fonts.o
    0x20000100   COMPRESSED   0x00000030   Data   RW          872    .data               stm32f4_discovery_tsc2046.o
    0x20000130   COMPRESSED   0x00000030   Data   RW          896    .data               stm32f4_discovery_user.o
    0x20000160   COMPRESSED   0x00000010   Data   RW         1027    .data               stm32f4xx_rcc.o
    0x20000170   COMPRESSED   0x00000010   Data   RW         1126    .data               stm32f4x7_eth.o
    0x20000180   COMPRESSED   0x0000000c   Data   RW         1697    .data               ethernetif.o
    0x2000018c   COMPRESSED   0x0000003c   Data   RW         1789    .data               tasks.o
    0x200001c8   COMPRESSED   0x0000000c   Data   RW         1815    .data               port.o
    0x200001d4   COMPRESSED   0x00000018   Data   RW         1845    .data               heap_2.o
    0x200001ec        -       0x00000668   Zero   RW          633    .bss                uiframework.o
    0x20000854        -       0x000000c8   Zero   RW          750    .bss                graphicobject.o
    0x2000091c        -       0x0000001c   Zero   RW          871    .bss                stm32f4_discovery_tsc2046.o
    0x20000938        -       0x00003cd4   Zero   RW         1125    .bss                stm32f4x7_eth.o
    0x2000460c        -       0x00000040   Zero   RW         1758    .bss                queue.o
    0x2000464c        -       0x000000c8   Zero   RW         1788    .bss                tasks.o
    0x20004714        -       0x00005000   Zero   RW         1844    .bss                heap_2.o
    0x20009714        -       0x00000060   Zero   RW         2122    .bss                c_w.l(libspace.o)
    0x20009774   COMPRESSED   0x00000004   PAD
    0x20009778        -       0x00000400   Zero   RW         1859    HEAP                startup_stm32f4xx.o
    0x20009b78        -       0x00000400   Zero   RW         1858    STACK               startup_stm32f4xx.o


==============================================================================

Image component sizes


      Code (inc. data)   RO Data    RW Data    ZI Data      Debug   Object Name

       668         18          0         28          0       4038   cursor.o
         0          0          0         12          0       3674   ethernetif.o
         0          0      28560         48          0       1686   fonts.o
         0          0      28560         48          0       1820   gl_fonts.o
     19208       1150          0         59        200      39257   graphicobject.o
       304         22          0         24      20480       3608   heap_2.o
         0          0      14320          0          0       1962   images.o
      1916         86          0         16          0      13138   lcdhal.o
       148          0          0          0          0       2202   list.o
       616         88          0          0          0     355542   main.o
       224         20          0          0          0       2137   misc.o
       950         52          0         12          0       9391   port.o
      2968         16          0          0         64      24505   queue.o
        64         26        392          0       2048        872   startup_stm32f4xx.o
      4712         58          0          8          0      16919   stm32f4_discovery_lcd_ssd1963.o
      7788        264          0         48         28      11963   stm32f4_discovery_tsc2046.o
      1168        114         88         48          0       5231   stm32f4_discovery_user.o
      3684        100          0         16      15572      20572   stm32f4x7_eth.o
       936         32          0          0          0       6717   stm32f4xx_dma.o
       284         10          0          0          0       2643   stm32f4xx_exti.o
      1212         26          0          0          0       7405   stm32f4xx_flash.o
      1544         14          0          0          0       5759   stm32f4xx_fsmc.o
       604         36          0          0          0       4449   stm32f4xx_gpio.o
       100          8          0          0          0       6954   stm32f4xx_it.o
      1408         48          0         16          0      11471   stm32f4xx_rcc.o
       476         16          0          0          0       7740   stm32f4xx_sdio.o
      1016         22          0          0          0       7165   stm32f4xx_spi.o
       140         12          0          0          0       1819   stm32f4xx_syscfg.o
      1748         80         21          9          0       6679   stm32f4xx_uartstdio.o
      1050         26          0          0          0       8180   stm32f4xx_usart.o
       528         46          0         20          0       2043   system_stm32f4xx.o
      6112        342          0         60        200      25673   tasks.o
      1060        326          0          3          0       8561   uiappuser.o
      6768       1160          0         10       1640       8530   uiframework.o

    ----------------------------------------------------------------------
     69408       4218      71976        492      40232     640305   Object Totals
         0          0         32          0          0          0   (incl. Generated)
         4          0          3          7          0          0   (incl. Padding)

    ----------------------------------------------------------------------

      Code (inc. data)   RO Data    RW Data    ZI Data      Debug   Library Member Name

        90          0          0          0          0          0   __dczerorl2.o
         8          0          0          0          0         68   __main.o
       284          0          0          0          0        156   __printf_wp.o
         0          0          0          0          0          0   __rtentry.o
        12          0          0          0          0          0   __rtentry2.o
         6          0          0          0          0          0   __rtentry4.o
        52          8          0          0          0          0   __scatter.o
        28          0          0          0          0          0   __scatter_zi.o
         6          0          0          0          0          0   _printf_c.o
        44          0          0          0          0        108   _printf_char.o
        48          6          0          0          0         96   _printf_char_common.o
         6          0          0          0          0          0   _printf_d.o
       120         16          0          0          0         92   _printf_dec.o
         6          0          0          0          0          0   _printf_f.o
      1054          0          0          0          0        216   _printf_fp_dec.o
       128         16          0          0          0         84   _printf_fp_infnan.o
       178          0          0          0          0         88   _printf_intcommon.o
        78          0          0          0          0        108   _printf_pad.o
         0          0          0          0          0          0   _printf_percent.o
         4          0          0          0          0          0   _printf_percent_end.o
        82          0          0          0          0         80   _printf_str.o
         6          0          0          0          0          0   _printf_u.o
        10          0          0          0          0         68   _sputc.o
        16          0          0          0          0         68   aeabi_memset.o
       228          4        148          0          0         96   bigflt0.o
      1936        128          0          0          0        672   btod.o
        10          0          0          0          0         68   defsig_exit.o
        50          0          0          0          0         88   defsig_general.o
        80         58          0          0          0         76   defsig_rtmem_inner.o
        14          0          0          0          0         80   defsig_rtmem_outer.o
        18          0          0          0          0         80   exit.o
        94          0          0          0          0         80   h1_alloc.o
        52          0          0          0          0         68   h1_extend.o
        78          0          0          0          0         80   h1_free.o
        14          0          0          0          0         84   h1_init.o
         6          0          0          0          0        152   heapauxi.o
         4          0          0          0          0        136   hguard.o
         0          0          0          0          0          0   indicate_semi.o
       138          0          0          0          0        168   init_alloc.o
        44         10         28          0          0         76   lc_numeric_c.o
         2          0          0          0          0          0   libinit.o
        30          0          0          0          0          0   libinit2.o
         2          0          0          0          0          0   libshutdown.o
         2          0          0          0          0          0   libshutdown2.o
         8          4          0          0         96         68   libspace.o
       138          0          0          0          0         80   lludiv10.o
         0          0          0          0          0          0   maybetermalloc1.o
        40          6          0          0          0         84   noretval__2sprintf.o
         8          4          0          0          0         68   rt_heap_descriptor_intlibspace.o
         8          4          0          0          0         68   rt_locale_intlibspace.o
        68          0          0          0          0         68   rt_memclr.o
        78          0          0          0          0         80   rt_memclr_w.o
       138          0          0          0          0         68   rt_memcpy_v6.o
       100          0          0          0          0         80   rt_memcpy_w.o
         2          0          0          0          0          0   rtexit.o
        10          0          0          0          0          0   rtexit2.o
       128          0          0          0          0         68   strcmpv7m.o
        72          0          0          0          0         80   strcpy.o
        62          0          0          0          0         76   strlen.o
        86          0          0          0          0         76   strncpy.o
        12          4          0          0          0         68   sys_exit.o
        74          0          0          0          0         80   sys_stackheap_outer.o
        14          0          0          0          0         76   sys_wrch.o
         2          0          0          0          0         68   use_no_semi.o
        98          4          0          0          0        140   d2f.o
       826         16          0          0          0        492   daddsub_clz.o
        24          0          0          0          0        116   dcmpi.o
       688        140          0          0          0        256   ddiv.o
        90          4          0          0          0        140   dfixu.o
        84          0          0          0          0        232   dflt_clz.o
       120          4          0          0          0        140   dleqf.o
       340         12          0          0          0        152   dmul.o
       156          4          0          0          0        140   dnaninf.o
        12          0          0          0          0        116   dretinf.o
       108          0          0          0          0        128   drleqf.o
        10          0          0          0          0        116   fpinit.o
        10          0          0          0          0        116   fretinf.o
         4          0          0          0          0        116   printf1.o
         0          0          0          0          0          0   usenofp.o
        48          0          0          0          0        124   fpclassify.o

    ----------------------------------------------------------------------
      8756        452        176          0        100       7016   Library Totals
        22          0          0          0          4          0   (incl. Padding)

    ----------------------------------------------------------------------

      Code (inc. data)   RO Data    RW Data    ZI Data      Debug   Library Name

      6116        268        176          0         96       4492   c_w.l
      2570        184          0          0          0       2400   fz_wm.l
        48          0          0          0          0        124   m_wm.l

    ----------------------------------------------------------------------
      8756        452        176          0        100       7016   Library Totals

    ----------------------------------------------------------------------

==============================================================================


      Code (inc. data)   RO Data    RW Data    ZI Data      Debug   

     78164       4670      72152        492      40332     634121   Grand Totals
     78164       4670      72152        176      40332     634121   ELF Image Totals (compressed)
     78164       4670      72152        176          0          0   ROM Totals

==============================================================================

    Total RO  Size (Code + RO Data)               150316 ( 146.79kB)
    Total RW  Size (RW Data + ZI Data)             40824 (  39.87kB)
    Total ROM Size (Code + RO Data + RW Data)     150492 ( 146.96kB)

==============================================================================

