<!doctype html public "-//w3c//dtd html 4.0 transitional//en">
<html><head>
<title>Static Call Graph - [.\Discover-More\Project.axf]</title></head>
<body><HR>
<H1>Static Call Graph for image .\Discover-More\Project.axf</H1><HR>
<BR><P>#&#060CALLGRAPH&#062# ARM Linker, 5060750: Last Updated: Wed Nov 21 17:09:42 2018
<BR><P>
<H3>Maximum Stack Usage =        712 bytes + Unknown(Functions without stacksize, Cycles, Untraceable Function Pointers)</H3><H3>
Call chain for Maximum Stack Depth:</H3>
__rt_entry_main &rArr; main &rArr; readCalibrationValue &rArr; TouchPanel_Calibrate &rArr; waitPenRelease &rArr; Read_tsc2046 &rArr; TP_GetAdXY &rArr; Read_Y &rArr; RD_AD &rArr; DelayUS
<P>
<H3>
Functions with no stack information
</H3><UL>
 <LI><a href="#[259]">__user_initial_stackheap</a>
</UL>
</UL>
<P>
<H3>
Mutually Recursive functions
</H3> <LI><a href="#[f0]">AddPageControlObj</a>&nbsp;&nbsp;&nbsp;&rArr;&nbsp;&nbsp;&nbsp;<a href="#[f0]">AddPageControlObj</a><BR>
 <LI><a href="#[24]">ADC_IRQHandler</a>&nbsp;&nbsp;&nbsp;&rArr;&nbsp;&nbsp;&nbsp;<a href="#[24]">ADC_IRQHandler</a><BR>
</UL>
<P>
<H3>
Function Pointers
</H3><UL>
 <LI><a href="#[24]">ADC_IRQHandler</a> from startup_stm32f4xx.o(.text) referenced from startup_stm32f4xx.o(RESET)
 <LI><a href="#[13a]">AddComboOption</a> from graphicobject.o(.text) referenced from graphicobject.o(.text)
 <LI><a href="#[137]">AddRadioOption</a> from graphicobject.o(.text) referenced from graphicobject.o(.text)
 <LI><a href="#[c]">BusFault_Handler</a> from stm32f4xx_it.o(.text) referenced from startup_stm32f4xx.o(RESET)
 <LI><a href="#[26]">CAN1_RX0_IRQHandler</a> from startup_stm32f4xx.o(.text) referenced from startup_stm32f4xx.o(RESET)
 <LI><a href="#[27]">CAN1_RX1_IRQHandler</a> from startup_stm32f4xx.o(.text) referenced from startup_stm32f4xx.o(RESET)
 <LI><a href="#[28]">CAN1_SCE_IRQHandler</a> from startup_stm32f4xx.o(.text) referenced from startup_stm32f4xx.o(RESET)
 <LI><a href="#[25]">CAN1_TX_IRQHandler</a> from startup_stm32f4xx.o(.text) referenced from startup_stm32f4xx.o(RESET)
 <LI><a href="#[52]">CAN2_RX0_IRQHandler</a> from startup_stm32f4xx.o(.text) referenced from startup_stm32f4xx.o(RESET)
 <LI><a href="#[53]">CAN2_RX1_IRQHandler</a> from startup_stm32f4xx.o(.text) referenced from startup_stm32f4xx.o(RESET)
 <LI><a href="#[54]">CAN2_SCE_IRQHandler</a> from startup_stm32f4xx.o(.text) referenced from startup_stm32f4xx.o(RESET)
 <LI><a href="#[51]">CAN2_TX_IRQHandler</a> from startup_stm32f4xx.o(.text) referenced from startup_stm32f4xx.o(RESET)
 <LI><a href="#[61]">CRYP_IRQHandler</a> from startup_stm32f4xx.o(.text) referenced from startup_stm32f4xx.o(RESET)
 <LI><a href="#[60]">DCMI_IRQHandler</a> from startup_stm32f4xx.o(.text) referenced from startup_stm32f4xx.o(RESET)
 <LI><a href="#[1d]">DMA1_Stream0_IRQHandler</a> from startup_stm32f4xx.o(.text) referenced from startup_stm32f4xx.o(RESET)
 <LI><a href="#[1e]">DMA1_Stream1_IRQHandler</a> from startup_stm32f4xx.o(.text) referenced from startup_stm32f4xx.o(RESET)
 <LI><a href="#[1f]">DMA1_Stream2_IRQHandler</a> from startup_stm32f4xx.o(.text) referenced from startup_stm32f4xx.o(RESET)
 <LI><a href="#[20]">DMA1_Stream3_IRQHandler</a> from startup_stm32f4xx.o(.text) referenced from startup_stm32f4xx.o(RESET)
 <LI><a href="#[21]">DMA1_Stream4_IRQHandler</a> from startup_stm32f4xx.o(.text) referenced from startup_stm32f4xx.o(RESET)
 <LI><a href="#[22]">DMA1_Stream5_IRQHandler</a> from startup_stm32f4xx.o(.text) referenced from startup_stm32f4xx.o(RESET)
 <LI><a href="#[23]">DMA1_Stream6_IRQHandler</a> from startup_stm32f4xx.o(.text) referenced from startup_stm32f4xx.o(RESET)
 <LI><a href="#[41]">DMA1_Stream7_IRQHandler</a> from startup_stm32f4xx.o(.text) referenced from startup_stm32f4xx.o(RESET)
 <LI><a href="#[4a]">DMA2_Stream0_IRQHandler</a> from startup_stm32f4xx.o(.text) referenced from startup_stm32f4xx.o(RESET)
 <LI><a href="#[4b]">DMA2_Stream1_IRQHandler</a> from startup_stm32f4xx.o(.text) referenced from startup_stm32f4xx.o(RESET)
 <LI><a href="#[4c]">DMA2_Stream2_IRQHandler</a> from startup_stm32f4xx.o(.text) referenced from startup_stm32f4xx.o(RESET)
 <LI><a href="#[4d]">DMA2_Stream3_IRQHandler</a> from startup_stm32f4xx.o(.text) referenced from startup_stm32f4xx.o(RESET)
 <LI><a href="#[4e]">DMA2_Stream4_IRQHandler</a> from startup_stm32f4xx.o(.text) referenced from startup_stm32f4xx.o(RESET)
 <LI><a href="#[56]">DMA2_Stream5_IRQHandler</a> from startup_stm32f4xx.o(.text) referenced from startup_stm32f4xx.o(RESET)
 <LI><a href="#[57]">DMA2_Stream6_IRQHandler</a> from startup_stm32f4xx.o(.text) referenced from startup_stm32f4xx.o(RESET)
 <LI><a href="#[58]">DMA2_Stream7_IRQHandler</a> from startup_stm32f4xx.o(.text) referenced from startup_stm32f4xx.o(RESET)
 <LI><a href="#[f]">DebugMon_Handler</a> from stm32f4xx_it.o(.text) referenced from startup_stm32f4xx.o(RESET)
 <LI><a href="#[6b]">DosingTestStartStartScreen_Back</a> from uiappuser.o(.text) referenced from uiframework.o(.text)
 <LI><a href="#[6c]">DosingTestStartStartScreen_BackToStart</a> from uiappuser.o(.text) referenced from uiframework.o(.text)
 <LI><a href="#[6d]">DosingTestStartStartScreen_StartDisinf</a> from uiappuser.o(.text) referenced from uiframework.o(.text)
 <LI><a href="#[6e]">DosingTestStartStartScreen_StartPh</a> from uiappuser.o(.text) referenced from uiframework.o(.text)
 <LI><a href="#[77]">DosingTestStartStopScreen_Back</a> from uiappuser.o(.text) referenced from uiframework.o(.text)
 <LI><a href="#[78]">DosingTestStartStopScreen_BackToStart</a> from uiappuser.o(.text) referenced from uiframework.o(.text)
 <LI><a href="#[79]">DosingTestStartStopScreen_StartDisinf</a> from uiappuser.o(.text) referenced from uiframework.o(.text)
 <LI><a href="#[7a]">DosingTestStartStopScreen_StopPh</a> from uiappuser.o(.text) referenced from uiframework.o(.text)
 <LI><a href="#[6f]">DosingTestStopStartScreen_Back</a> from uiappuser.o(.text) referenced from uiframework.o(.text)
 <LI><a href="#[70]">DosingTestStopStartScreen_BackToStart</a> from uiappuser.o(.text) referenced from uiframework.o(.text)
 <LI><a href="#[72]">DosingTestStopStartScreen_StartPh</a> from uiappuser.o(.text) referenced from uiframework.o(.text)
 <LI><a href="#[71]">DosingTestStopStartScreen_StopDisinf</a> from uiappuser.o(.text) referenced from uiframework.o(.text)
 <LI><a href="#[73]">DosingTestStopStopScreen_Back</a> from uiappuser.o(.text) referenced from uiframework.o(.text)
 <LI><a href="#[74]">DosingTestStopStopScreen_BackToStart</a> from uiappuser.o(.text) referenced from uiframework.o(.text)
 <LI><a href="#[75]">DosingTestStopStopScreen_StopDisinf</a> from uiappuser.o(.text) referenced from uiframework.o(.text)
 <LI><a href="#[76]">DosingTestStopStopScreen_StopPh</a> from uiappuser.o(.text) referenced from uiframework.o(.text)
 <LI><a href="#[4f]">ETH_IRQHandler</a> from stm32f4xx_it.o(.text) referenced from startup_stm32f4xx.o(RESET)
 <LI><a href="#[50]">ETH_WKUP_IRQHandler</a> from startup_stm32f4xx.o(.text) referenced from startup_stm32f4xx.o(RESET)
 <LI><a href="#[18]">EXTI0_IRQHandler</a> from startup_stm32f4xx.o(.text) referenced from startup_stm32f4xx.o(RESET)
 <LI><a href="#[3a]">EXTI15_10_IRQHandler</a> from startup_stm32f4xx.o(.text) referenced from startup_stm32f4xx.o(RESET)
 <LI><a href="#[19]">EXTI1_IRQHandler</a> from startup_stm32f4xx.o(.text) referenced from startup_stm32f4xx.o(RESET)
 <LI><a href="#[1a]">EXTI2_IRQHandler</a> from startup_stm32f4xx.o(.text) referenced from startup_stm32f4xx.o(RESET)
 <LI><a href="#[1b]">EXTI3_IRQHandler</a> from startup_stm32f4xx.o(.text) referenced from startup_stm32f4xx.o(RESET)
 <LI><a href="#[1c]">EXTI4_IRQHandler</a> from startup_stm32f4xx.o(.text) referenced from startup_stm32f4xx.o(RESET)
 <LI><a href="#[29]">EXTI9_5_IRQHandler</a> from startup_stm32f4xx.o(.text) referenced from startup_stm32f4xx.o(RESET)
 <LI><a href="#[16]">FLASH_IRQHandler</a> from startup_stm32f4xx.o(.text) referenced from startup_stm32f4xx.o(RESET)
 <LI><a href="#[63]">FPU_IRQHandler</a> from startup_stm32f4xx.o(.text) referenced from startup_stm32f4xx.o(RESET)
 <LI><a href="#[42]">FSMC_IRQHandler</a> from startup_stm32f4xx.o(.text) referenced from startup_stm32f4xx.o(RESET)
 <LI><a href="#[a2]">GetObjCoordinates</a> from graphicobject.o(.text) referenced from graphicobject.o(.text)
 <LI><a href="#[159]">GetObjStatus</a> from graphicobject.o(.text) referenced from graphicobject.o(.text)
 <LI><a href="#[62]">HASH_RNG_IRQHandler</a> from startup_stm32f4xx.o(.text) referenced from startup_stm32f4xx.o(RESET)
 <LI><a href="#[a]">HardFault_Handler</a> from stm32f4xx_it.o(.text) referenced from startup_stm32f4xx.o(RESET)
 <LI><a href="#[32]">I2C1_ER_IRQHandler</a> from startup_stm32f4xx.o(.text) referenced from startup_stm32f4xx.o(RESET)
 <LI><a href="#[31]">I2C1_EV_IRQHandler</a> from startup_stm32f4xx.o(.text) referenced from startup_stm32f4xx.o(RESET)
 <LI><a href="#[34]">I2C2_ER_IRQHandler</a> from startup_stm32f4xx.o(.text) referenced from startup_stm32f4xx.o(RESET)
 <LI><a href="#[33]">I2C2_EV_IRQHandler</a> from startup_stm32f4xx.o(.text) referenced from startup_stm32f4xx.o(RESET)
 <LI><a href="#[5b]">I2C3_ER_IRQHandler</a> from startup_stm32f4xx.o(.text) referenced from startup_stm32f4xx.o(RESET)
 <LI><a href="#[5a]">I2C3_EV_IRQHandler</a> from startup_stm32f4xx.o(.text) referenced from startup_stm32f4xx.o(RESET)
 <LI><a href="#[b]">MemManage_Handler</a> from stm32f4xx_it.o(.text) referenced from startup_stm32f4xx.o(RESET)
 <LI><a href="#[c8]">MyTask</a> from main.o(.text) referenced from main.o(.text)
 <LI><a href="#[9]">NMI_Handler</a> from stm32f4xx_it.o(.text) referenced from startup_stm32f4xx.o(RESET)
 <LI><a href="#[55]">OTG_FS_IRQHandler</a> from startup_stm32f4xx.o(.text) referenced from startup_stm32f4xx.o(RESET)
 <LI><a href="#[3c]">OTG_FS_WKUP_IRQHandler</a> from startup_stm32f4xx.o(.text) referenced from startup_stm32f4xx.o(RESET)
 <LI><a href="#[5d]">OTG_HS_EP1_IN_IRQHandler</a> from startup_stm32f4xx.o(.text) referenced from startup_stm32f4xx.o(RESET)
 <LI><a href="#[5c]">OTG_HS_EP1_OUT_IRQHandler</a> from startup_stm32f4xx.o(.text) referenced from startup_stm32f4xx.o(RESET)
 <LI><a href="#[5f]">OTG_HS_IRQHandler</a> from startup_stm32f4xx.o(.text) referenced from startup_stm32f4xx.o(RESET)
 <LI><a href="#[5e]">OTG_HS_WKUP_IRQHandler</a> from startup_stm32f4xx.o(.text) referenced from startup_stm32f4xx.o(RESET)
 <LI><a href="#[13]">PVD_IRQHandler</a> from startup_stm32f4xx.o(.text) referenced from startup_stm32f4xx.o(RESET)
 <LI><a href="#[85]">ParametersFitrationPeriodScreen_Back</a> from uiappuser.o(.text) referenced from uiframework.o(.text)
 <LI><a href="#[86]">ParametersFitrationPeriodScreen_BackToStart</a> from uiappuser.o(.text) referenced from uiframework.o(.text)
 <LI><a href="#[89]">ParametersFitrationPeriodScreen_OK</a> from uiappuser.o(.text) referenced from uiframework.o(.text)
 <LI><a href="#[8a]">ParametersFitrationPeriodScreen_PoolVolume</a> from uiappuser.o(.text) referenced from uiframework.o(.text)
 <LI><a href="#[88]">ParametersFitrationPeriodScreen_dec</a> from uiappuser.o(.text) referenced from uiframework.o(.text)
 <LI><a href="#[87]">ParametersFitrationPeriodScreen_inc</a> from uiappuser.o(.text) referenced from uiframework.o(.text)
 <LI><a href="#[7f]">ParametersPoolVolumeScreen_Back</a> from uiappuser.o(.text) referenced from uiframework.o(.text)
 <LI><a href="#[80]">ParametersPoolVolumeScreen_BackToStart</a> from uiappuser.o(.text) referenced from uiframework.o(.text)
 <LI><a href="#[84]">ParametersPoolVolumeScreen_FiltrationPeriod</a> from uiappuser.o(.text) referenced from uiframework.o(.text)
 <LI><a href="#[83]">ParametersPoolVolumeScreen_OK</a> from uiappuser.o(.text) referenced from uiframework.o(.text)
 <LI><a href="#[82]">ParametersPoolVolumeScreen_dec</a> from uiappuser.o(.text) referenced from uiframework.o(.text)
 <LI><a href="#[81]">ParametersPoolVolumeScreen_inc</a> from uiappuser.o(.text) referenced from uiframework.o(.text)
 <LI><a href="#[7b]">ParametersScreen_Back</a> from uiappuser.o(.text) referenced from uiframework.o(.text)
 <LI><a href="#[7c]">ParametersScreen_BackToStart</a> from uiappuser.o(.text) referenced from uiframework.o(.text)
 <LI><a href="#[7d]">ParametersScreen_Pool</a> from uiappuser.o(.text) referenced from uiframework.o(.text)
 <LI><a href="#[7e]">ParametersScreen_Water</a> from uiappuser.o(.text) referenced from uiframework.o(.text)
 <LI><a href="#[91]">ParametersWaterScreen_20oC_30oC</a> from uiappuser.o(.text) referenced from uiframework.o(.text)
 <LI><a href="#[8b]">ParametersWaterScreen_Back</a> from uiappuser.o(.text) referenced from uiframework.o(.text)
 <LI><a href="#[8c]">ParametersWaterScreen_BackToStart</a> from uiappuser.o(.text) referenced from uiframework.o(.text)
 <LI><a href="#[8f]">ParametersWaterScreen_ExtremeCondition</a> from uiappuser.o(.text) referenced from uiframework.o(.text)
 <LI><a href="#[94]">ParametersWaterScreen_Hard</a> from uiappuser.o(.text) referenced from uiframework.o(.text)
 <LI><a href="#[8d]">ParametersWaterScreen_Indoor</a> from uiappuser.o(.text) referenced from uiframework.o(.text)
 <LI><a href="#[90]">ParametersWaterScreen_Less20oC</a> from uiappuser.o(.text) referenced from uiframework.o(.text)
 <LI><a href="#[92]">ParametersWaterScreen_More30oC</a> from uiappuser.o(.text) referenced from uiframework.o(.text)
 <LI><a href="#[8e]">ParametersWaterScreen_Outdoor</a> from uiappuser.o(.text) referenced from uiframework.o(.text)
 <LI><a href="#[93]">ParametersWaterScreen_Soft</a> from uiappuser.o(.text) referenced from uiframework.o(.text)
 <LI><a href="#[95]">ParametersWaterScreen_VeryHard</a> from uiappuser.o(.text) referenced from uiframework.o(.text)
 <LI><a href="#[10]">PendSV_Handler</a> from port.o(.emb_text) referenced from startup_stm32f4xx.o(RESET)
 <LI><a href="#[17]">RCC_IRQHandler</a> from startup_stm32f4xx.o(.text) referenced from startup_stm32f4xx.o(RESET)
 <LI><a href="#[3b]">RTC_Alarm_IRQHandler</a> from startup_stm32f4xx.o(.text) referenced from startup_stm32f4xx.o(RESET)
 <LI><a href="#[15]">RTC_WKUP_IRQHandler</a> from startup_stm32f4xx.o(.text) referenced from startup_stm32f4xx.o(RESET)
 <LI><a href="#[8]">Reset_Handler</a> from startup_stm32f4xx.o(.text) referenced from startup_stm32f4xx.o(RESET)
 <LI><a href="#[43]">SDIO_IRQHandler</a> from startup_stm32f4xx.o(.text) referenced from startup_stm32f4xx.o(RESET)
 <LI><a href="#[35]">SPI1_IRQHandler</a> from startup_stm32f4xx.o(.text) referenced from startup_stm32f4xx.o(RESET)
 <LI><a href="#[36]">SPI2_IRQHandler</a> from startup_stm32f4xx.o(.text) referenced from startup_stm32f4xx.o(RESET)
 <LI><a href="#[45]">SPI3_IRQHandler</a> from startup_stm32f4xx.o(.text) referenced from startup_stm32f4xx.o(RESET)
 <LI><a href="#[e]">SVC_Handler</a> from port.o(.emb_text) referenced from startup_stm32f4xx.o(RESET)
 <LI><a href="#[98]">SetButtonVisible</a> from graphicobject.o(.text) referenced from graphicobject.o(.text)
 <LI><a href="#[9b]">SetCheckboxVisible</a> from graphicobject.o(.text) referenced from graphicobject.o(.text)
 <LI><a href="#[97]">SetComboBoxVisible</a> from graphicobject.o(.text) referenced from graphicobject.o(.text)
 <LI><a href="#[9f]">SetGraphChartVisible</a> from graphicobject.o(.text) referenced from graphicobject.o(.text)
 <LI><a href="#[9e]">SetHistogramVisible</a> from graphicobject.o(.text) referenced from graphicobject.o(.text)
 <LI><a href="#[9c]">SetIconVisible</a> from graphicobject.o(.text) referenced from graphicobject.o(.text)
 <LI><a href="#[96]">SetLabelVisible</a> from graphicobject.o(.text) referenced from graphicobject.o(.text)
 <LI><a href="#[a0]">SetNewRectControlVisible</a> from graphicobject.o(.text) referenced from graphicobject.o(.text)
 <LI><a href="#[a1]">SetPage</a> from graphicobject.o(.text) referenced from graphicobject.o(.text)
 <LI><a href="#[9a]">SetRadioButtonVisible</a> from graphicobject.o(.text) referenced from graphicobject.o(.text)
 <LI><a href="#[9d]">SetSlidebarVisible</a> from graphicobject.o(.text) referenced from graphicobject.o(.text)
 <LI><a href="#[99]">SetSwitchVisible</a> from graphicobject.o(.text) referenced from graphicobject.o(.text)
 <LI><a href="#[66]">SettingsScreen_BackToStart</a> from uiappuser.o(.text) referenced from uiframework.o(.text)
 <LI><a href="#[68]">SettingsScreen_Calibration</a> from uiappuser.o(.text) referenced from uiframework.o(.text)
 <LI><a href="#[69]">SettingsScreen_DosingTest</a> from uiappuser.o(.text) referenced from uiframework.o(.text)
 <LI><a href="#[65]">SettingsScreen_Language</a> from uiappuser.o(.text) referenced from uiframework.o(.text)
 <LI><a href="#[67]">SettingsScreen_Parameters</a> from uiappuser.o(.text) referenced from uiframework.o(.text)
 <LI><a href="#[6a]">SettingsScreen_TypeOfProbe</a> from uiappuser.o(.text) referenced from uiframework.o(.text)
 <LI><a href="#[158]">ShowPage</a> from graphicobject.o(.text) referenced from graphicobject.o(.text)
 <LI><a href="#[64]">StartScreen_Setting</a> from uiappuser.o(.text) referenced from uiframework.o(.text)
 <LI><a href="#[11]">SysTick_Handler</a> from port.o(.text) referenced from startup_stm32f4xx.o(RESET)
 <LI><a href="#[a5]">SystemInit</a> from system_stm32f4xx.o(.text) referenced from startup_stm32f4xx.o(.text)
 <LI><a href="#[14]">TAMP_STAMP_IRQHandler</a> from startup_stm32f4xx.o(.text) referenced from startup_stm32f4xx.o(RESET)
 <LI><a href="#[2a]">TIM1_BRK_TIM9_IRQHandler</a> from startup_stm32f4xx.o(.text) referenced from startup_stm32f4xx.o(RESET)
 <LI><a href="#[2d]">TIM1_CC_IRQHandler</a> from startup_stm32f4xx.o(.text) referenced from startup_stm32f4xx.o(RESET)
 <LI><a href="#[2c]">TIM1_TRG_COM_TIM11_IRQHandler</a> from startup_stm32f4xx.o(.text) referenced from startup_stm32f4xx.o(RESET)
 <LI><a href="#[2b]">TIM1_UP_TIM10_IRQHandler</a> from startup_stm32f4xx.o(.text) referenced from startup_stm32f4xx.o(RESET)
 <LI><a href="#[2e]">TIM2_IRQHandler</a> from stm32f4xx_it.o(.text) referenced from startup_stm32f4xx.o(RESET)
 <LI><a href="#[2f]">TIM3_IRQHandler</a> from stm32f4xx_it.o(.text) referenced from startup_stm32f4xx.o(RESET)
 <LI><a href="#[30]">TIM4_IRQHandler</a> from stm32f4xx_it.o(.text) referenced from startup_stm32f4xx.o(RESET)
 <LI><a href="#[44]">TIM5_IRQHandler</a> from startup_stm32f4xx.o(.text) referenced from startup_stm32f4xx.o(RESET)
 <LI><a href="#[48]">TIM6_DAC_IRQHandler</a> from startup_stm32f4xx.o(.text) referenced from startup_stm32f4xx.o(RESET)
 <LI><a href="#[49]">TIM7_IRQHandler</a> from startup_stm32f4xx.o(.text) referenced from startup_stm32f4xx.o(RESET)
 <LI><a href="#[3d]">TIM8_BRK_TIM12_IRQHandler</a> from startup_stm32f4xx.o(.text) referenced from startup_stm32f4xx.o(RESET)
 <LI><a href="#[40]">TIM8_CC_IRQHandler</a> from startup_stm32f4xx.o(.text) referenced from startup_stm32f4xx.o(RESET)
 <LI><a href="#[3f]">TIM8_TRG_COM_TIM14_IRQHandler</a> from startup_stm32f4xx.o(.text) referenced from startup_stm32f4xx.o(RESET)
 <LI><a href="#[3e]">TIM8_UP_TIM13_IRQHandler</a> from startup_stm32f4xx.o(.text) referenced from startup_stm32f4xx.o(RESET)
 <LI><a href="#[46]">UART4_IRQHandler</a> from startup_stm32f4xx.o(.text) referenced from startup_stm32f4xx.o(RESET)
 <LI><a href="#[47]">UART5_IRQHandler</a> from startup_stm32f4xx.o(.text) referenced from startup_stm32f4xx.o(RESET)
 <LI><a href="#[37]">USART1_IRQHandler</a> from startup_stm32f4xx.o(.text) referenced from startup_stm32f4xx.o(RESET)
 <LI><a href="#[38]">USART2_IRQHandler</a> from startup_stm32f4xx.o(.text) referenced from startup_stm32f4xx.o(RESET)
 <LI><a href="#[39]">USART3_IRQHandler</a> from startup_stm32f4xx.o(.text) referenced from startup_stm32f4xx.o(RESET)
 <LI><a href="#[59]">USART6_IRQHandler</a> from startup_stm32f4xx.o(.text) referenced from startup_stm32f4xx.o(RESET)
 <LI><a href="#[d]">UsageFault_Handler</a> from stm32f4xx_it.o(.text) referenced from startup_stm32f4xx.o(RESET)
 <LI><a href="#[12]">WWDG_IRQHandler</a> from startup_stm32f4xx.o(.text) referenced from startup_stm32f4xx.o(RESET)
 <LI><a href="#[a9]">__main</a> from __main.o(!!!main) referenced from startup_stm32f4xx.o(.text)
 <LI><a href="#[a8]">_printf_input_char</a> from _printf_char_common.o(.text) referenced from _printf_char_common.o(.text)
 <LI><a href="#[a7]">_sputc</a> from _sputc.o(.text) referenced from noretval__2sprintf.o(.text)
 <LI><a href="#[a3]">prvIdleTask</a> from tasks.o(.text) referenced from tasks.o(.text)
 <LI><a href="#[a4]">prvTaskExitError</a> from port.o(.text) referenced from port.o(.text)
</UL>
<P>
<H3>
Global Symbols
</H3>
<P><STRONG><a name="[a9]"></a>__main</STRONG> (Thumb, 8 bytes, Stack size 0 bytes, __main.o(!!!main))
<BR><BR>[Calls]<UL><LI><a href="#[ab]">&gt;&gt;</a>&nbsp;&nbsp;&nbsp;__rt_entry
<LI><a href="#[aa]">&gt;&gt;</a>&nbsp;&nbsp;&nbsp;__scatterload
</UL>

<P><STRONG><a name="[aa]"></a>__scatterload</STRONG> (Thumb, 0 bytes, Stack size unknown bytes, __scatter.o(!!!scatter))
<BR><BR>[Called By]<UL><LI><a href="#[a9]">&gt;&gt;</a>&nbsp;&nbsp;&nbsp;__main
</UL>

<P><STRONG><a name="[ac]"></a>__scatterload_rt2</STRONG> (Thumb, 44 bytes, Stack size unknown bytes, __scatter.o(!!!scatter), UNUSED)
<BR><BR>[Calls]<UL><LI><a href="#[ab]">&gt;&gt;</a>&nbsp;&nbsp;&nbsp;__rt_entry
</UL>

<P><STRONG><a name="[273]"></a>__scatterload_rt2_thumb_only</STRONG> (Thumb, 0 bytes, Stack size unknown bytes, __scatter.o(!!!scatter), UNUSED)

<P><STRONG><a name="[274]"></a>__scatterload_null</STRONG> (Thumb, 0 bytes, Stack size unknown bytes, __scatter.o(!!!scatter), UNUSED)

<P><STRONG><a name="[275]"></a>__decompress</STRONG> (Thumb, 90 bytes, Stack size unknown bytes, __dczerorl2.o(!!dczerorl2), UNUSED)

<P><STRONG><a name="[276]"></a>__decompress1</STRONG> (Thumb, 0 bytes, Stack size unknown bytes, __dczerorl2.o(!!dczerorl2), UNUSED)

<P><STRONG><a name="[277]"></a>__scatterload_zeroinit</STRONG> (Thumb, 28 bytes, Stack size unknown bytes, __scatter_zi.o(!!handler_zi), UNUSED)

<P><STRONG><a name="[ad]"></a>_printf_f</STRONG> (Thumb, 0 bytes, Stack size unknown bytes, _printf_f.o(.ARM.Collect$$_printf_percent$$00000003))
<BR><BR>[Stack]<UL><LI>Max Depth = 324 + Unknown Stack Size
<LI>Call Chain = _printf_f &rArr; _printf_fp_dec &rArr; _printf_fp_dec_real &rArr; _fp_digits &rArr; _btod_etento &rArr; _btod_emul &rArr; _e2e
</UL>
<BR>[Calls]<UL><LI><a href="#[ae]">&gt;&gt;</a>&nbsp;&nbsp;&nbsp;_printf_fp_dec
</UL>

<P><STRONG><a name="[241]"></a>_printf_percent</STRONG> (Thumb, 0 bytes, Stack size unknown bytes, _printf_percent.o(.ARM.Collect$$_printf_percent$$00000000))
<BR><BR>[Called By]<UL><LI><a href="#[23f]">&gt;&gt;</a>&nbsp;&nbsp;&nbsp;__printf
</UL>

<P><STRONG><a name="[af]"></a>_printf_d</STRONG> (Thumb, 0 bytes, Stack size unknown bytes, _printf_d.o(.ARM.Collect$$_printf_percent$$00000009))
<BR><BR>[Stack]<UL><LI>Max Depth = 72 + Unknown Stack Size
<LI>Call Chain = _printf_d &rArr; _printf_int_dec &rArr; _printf_int_common &rArr; _printf_post_padding
</UL>
<BR>[Calls]<UL><LI><a href="#[b0]">&gt;&gt;</a>&nbsp;&nbsp;&nbsp;_printf_int_dec
</UL>

<P><STRONG><a name="[b1]"></a>_printf_u</STRONG> (Thumb, 0 bytes, Stack size unknown bytes, _printf_u.o(.ARM.Collect$$_printf_percent$$0000000A))
<BR><BR>[Stack]<UL><LI>Max Depth = 72 + Unknown Stack Size
<LI>Call Chain = _printf_u &rArr; _printf_int_dec &rArr; _printf_int_common &rArr; _printf_post_padding
</UL>
<BR>[Calls]<UL><LI><a href="#[b0]">&gt;&gt;</a>&nbsp;&nbsp;&nbsp;_printf_int_dec
</UL>

<P><STRONG><a name="[b2]"></a>_printf_c</STRONG> (Thumb, 0 bytes, Stack size unknown bytes, _printf_c.o(.ARM.Collect$$_printf_percent$$00000013))
<BR><BR>[Stack]<UL><LI>Max Depth = 40 + Unknown Stack Size
<LI>Call Chain = _printf_c &rArr; _printf_char &rArr; _printf_cs_common &rArr; _printf_str &rArr; _printf_post_padding
</UL>
<BR>[Calls]<UL><LI><a href="#[b3]">&gt;&gt;</a>&nbsp;&nbsp;&nbsp;_printf_char
</UL>

<P><STRONG><a name="[278]"></a>_printf_percent_end</STRONG> (Thumb, 0 bytes, Stack size unknown bytes, _printf_percent_end.o(.ARM.Collect$$_printf_percent$$00000017))

<P><STRONG><a name="[bf]"></a>__rt_lib_init</STRONG> (Thumb, 0 bytes, Stack size unknown bytes, libinit.o(.ARM.Collect$$libinit$$00000000))
<BR><BR>[Called By]<UL><LI><a href="#[be]">&gt;&gt;</a>&nbsp;&nbsp;&nbsp;__rt_entry_li
</UL>

<P><STRONG><a name="[b4]"></a>__rt_lib_init_fp_1</STRONG> (Thumb, 0 bytes, Stack size unknown bytes, libinit2.o(.ARM.Collect$$libinit$$00000001))
<BR><BR>[Calls]<UL><LI><a href="#[b5]">&gt;&gt;</a>&nbsp;&nbsp;&nbsp;_fp_init
</UL>

<P><STRONG><a name="[b6]"></a>__rt_lib_init_heap_2</STRONG> (Thumb, 0 bytes, Stack size unknown bytes, libinit2.o(.ARM.Collect$$libinit$$00000005))
<BR><BR>[Stack]<UL><LI>Max Depth = 64 + Unknown Stack Size
<LI>Call Chain = __rt_lib_init_heap_2 &rArr; _init_alloc &rArr; __rt_SIGRTMEM &rArr; __rt_SIGRTMEM_inner &rArr; __default_signal_display &rArr; _ttywrch
</UL>
<BR>[Calls]<UL><LI><a href="#[b7]">&gt;&gt;</a>&nbsp;&nbsp;&nbsp;_init_alloc
</UL>

<P><STRONG><a name="[279]"></a>__rt_lib_init_preinit_1</STRONG> (Thumb, 0 bytes, Stack size unknown bytes, libinit2.o(.ARM.Collect$$libinit$$00000004))

<P><STRONG><a name="[27a]"></a>__rt_lib_init_heap_1</STRONG> (Thumb, 0 bytes, Stack size unknown bytes, libinit2.o(.ARM.Collect$$libinit$$0000000A))

<P><STRONG><a name="[b8]"></a>__rt_lib_init_lc_common</STRONG> (Thumb, 0 bytes, Stack size unknown bytes, libinit2.o(.ARM.Collect$$libinit$$0000000F))
<BR><BR>[Calls]<UL><LI><a href="#[b9]">&gt;&gt;</a>&nbsp;&nbsp;&nbsp;__rt_locale
</UL>

<P><STRONG><a name="[27b]"></a>__rt_lib_init_rand_1</STRONG> (Thumb, 0 bytes, Stack size unknown bytes, libinit2.o(.ARM.Collect$$libinit$$0000000E))

<P><STRONG><a name="[27c]"></a>__rt_lib_init_user_alloc_1</STRONG> (Thumb, 0 bytes, Stack size unknown bytes, libinit2.o(.ARM.Collect$$libinit$$0000000C))

<P><STRONG><a name="[27d]"></a>__rt_lib_init_lc_collate_1</STRONG> (Thumb, 0 bytes, Stack size unknown bytes, libinit2.o(.ARM.Collect$$libinit$$00000011))

<P><STRONG><a name="[27e]"></a>__rt_lib_init_lc_ctype_1</STRONG> (Thumb, 0 bytes, Stack size unknown bytes, libinit2.o(.ARM.Collect$$libinit$$00000013))

<P><STRONG><a name="[27f]"></a>__rt_lib_init_lc_monetary_1</STRONG> (Thumb, 0 bytes, Stack size unknown bytes, libinit2.o(.ARM.Collect$$libinit$$00000015))

<P><STRONG><a name="[ba]"></a>__rt_lib_init_lc_numeric_2</STRONG> (Thumb, 0 bytes, Stack size unknown bytes, libinit2.o(.ARM.Collect$$libinit$$00000016))
<BR><BR>[Stack]<UL><LI>Max Depth = 8 + Unknown Stack Size
<LI>Call Chain = __rt_lib_init_lc_numeric_2 &rArr; _get_lc_numeric
</UL>
<BR>[Calls]<UL><LI><a href="#[bb]">&gt;&gt;</a>&nbsp;&nbsp;&nbsp;_get_lc_numeric
</UL>

<P><STRONG><a name="[280]"></a>__rt_lib_init_alloca_1</STRONG> (Thumb, 0 bytes, Stack size unknown bytes, libinit2.o(.ARM.Collect$$libinit$$0000002E))

<P><STRONG><a name="[281]"></a>__rt_lib_init_argv_1</STRONG> (Thumb, 0 bytes, Stack size unknown bytes, libinit2.o(.ARM.Collect$$libinit$$0000002C))

<P><STRONG><a name="[282]"></a>__rt_lib_init_atexit_1</STRONG> (Thumb, 0 bytes, Stack size unknown bytes, libinit2.o(.ARM.Collect$$libinit$$0000001B))

<P><STRONG><a name="[283]"></a>__rt_lib_init_clock_1</STRONG> (Thumb, 0 bytes, Stack size unknown bytes, libinit2.o(.ARM.Collect$$libinit$$00000021))

<P><STRONG><a name="[284]"></a>__rt_lib_init_cpp_1</STRONG> (Thumb, 0 bytes, Stack size unknown bytes, libinit2.o(.ARM.Collect$$libinit$$00000032))

<P><STRONG><a name="[285]"></a>__rt_lib_init_exceptions_1</STRONG> (Thumb, 0 bytes, Stack size unknown bytes, libinit2.o(.ARM.Collect$$libinit$$00000030))

<P><STRONG><a name="[286]"></a>__rt_lib_init_fp_trap_1</STRONG> (Thumb, 0 bytes, Stack size unknown bytes, libinit2.o(.ARM.Collect$$libinit$$0000001F))

<P><STRONG><a name="[287]"></a>__rt_lib_init_getenv_1</STRONG> (Thumb, 0 bytes, Stack size unknown bytes, libinit2.o(.ARM.Collect$$libinit$$00000023))

<P><STRONG><a name="[288]"></a>__rt_lib_init_lc_numeric_1</STRONG> (Thumb, 0 bytes, Stack size unknown bytes, libinit2.o(.ARM.Collect$$libinit$$00000017))

<P><STRONG><a name="[289]"></a>__rt_lib_init_lc_time_1</STRONG> (Thumb, 0 bytes, Stack size unknown bytes, libinit2.o(.ARM.Collect$$libinit$$00000019))

<P><STRONG><a name="[28a]"></a>__rt_lib_init_return</STRONG> (Thumb, 0 bytes, Stack size unknown bytes, libinit2.o(.ARM.Collect$$libinit$$00000033))

<P><STRONG><a name="[28b]"></a>__rt_lib_init_signal_1</STRONG> (Thumb, 0 bytes, Stack size unknown bytes, libinit2.o(.ARM.Collect$$libinit$$0000001D))

<P><STRONG><a name="[28c]"></a>__rt_lib_init_stdio_1</STRONG> (Thumb, 0 bytes, Stack size unknown bytes, libinit2.o(.ARM.Collect$$libinit$$00000025))

<P><STRONG><a name="[c4]"></a>__rt_lib_shutdown</STRONG> (Thumb, 0 bytes, Stack size unknown bytes, libshutdown.o(.ARM.Collect$$libshutdown$$00000000))
<BR><BR>[Called By]<UL><LI><a href="#[c3]">&gt;&gt;</a>&nbsp;&nbsp;&nbsp;__rt_exit_ls
</UL>

<P><STRONG><a name="[28d]"></a>__rt_lib_shutdown_cpp_1</STRONG> (Thumb, 0 bytes, Stack size unknown bytes, libshutdown2.o(.ARM.Collect$$libshutdown$$00000002))

<P><STRONG><a name="[28e]"></a>__rt_lib_shutdown_fp_trap_1</STRONG> (Thumb, 0 bytes, Stack size unknown bytes, libshutdown2.o(.ARM.Collect$$libshutdown$$00000007))

<P><STRONG><a name="[28f]"></a>__rt_lib_shutdown_heap_1</STRONG> (Thumb, 0 bytes, Stack size unknown bytes, libshutdown2.o(.ARM.Collect$$libshutdown$$0000000F))

<P><STRONG><a name="[290]"></a>__rt_lib_shutdown_return</STRONG> (Thumb, 0 bytes, Stack size unknown bytes, libshutdown2.o(.ARM.Collect$$libshutdown$$00000010))

<P><STRONG><a name="[291]"></a>__rt_lib_shutdown_signal_1</STRONG> (Thumb, 0 bytes, Stack size unknown bytes, libshutdown2.o(.ARM.Collect$$libshutdown$$0000000A))

<P><STRONG><a name="[292]"></a>__rt_lib_shutdown_stdio_1</STRONG> (Thumb, 0 bytes, Stack size unknown bytes, libshutdown2.o(.ARM.Collect$$libshutdown$$00000004))

<P><STRONG><a name="[293]"></a>__rt_lib_shutdown_user_alloc_1</STRONG> (Thumb, 0 bytes, Stack size unknown bytes, libshutdown2.o(.ARM.Collect$$libshutdown$$0000000C))

<P><STRONG><a name="[ab]"></a>__rt_entry</STRONG> (Thumb, 0 bytes, Stack size unknown bytes, __rtentry.o(.ARM.Collect$$rtentry$$00000000))
<BR><BR>[Called By]<UL><LI><a href="#[a9]">&gt;&gt;</a>&nbsp;&nbsp;&nbsp;__main
<LI><a href="#[ac]">&gt;&gt;</a>&nbsp;&nbsp;&nbsp;__scatterload_rt2
</UL>

<P><STRONG><a name="[294]"></a>__rt_entry_presh_1</STRONG> (Thumb, 0 bytes, Stack size unknown bytes, __rtentry2.o(.ARM.Collect$$rtentry$$00000002))

<P><STRONG><a name="[bc]"></a>__rt_entry_sh</STRONG> (Thumb, 0 bytes, Stack size unknown bytes, __rtentry4.o(.ARM.Collect$$rtentry$$00000004))
<BR><BR>[Stack]<UL><LI>Max Depth = 8 + Unknown Stack Size
<LI>Call Chain = __rt_entry_sh &rArr; __user_setup_stackheap
</UL>
<BR>[Calls]<UL><LI><a href="#[bd]">&gt;&gt;</a>&nbsp;&nbsp;&nbsp;__user_setup_stackheap
</UL>

<P><STRONG><a name="[be]"></a>__rt_entry_li</STRONG> (Thumb, 0 bytes, Stack size unknown bytes, __rtentry2.o(.ARM.Collect$$rtentry$$0000000A))
<BR><BR>[Calls]<UL><LI><a href="#[bf]">&gt;&gt;</a>&nbsp;&nbsp;&nbsp;__rt_lib_init
</UL>

<P><STRONG><a name="[295]"></a>__rt_entry_postsh_1</STRONG> (Thumb, 0 bytes, Stack size unknown bytes, __rtentry2.o(.ARM.Collect$$rtentry$$00000009))

<P><STRONG><a name="[c0]"></a>__rt_entry_main</STRONG> (Thumb, 0 bytes, Stack size unknown bytes, __rtentry2.o(.ARM.Collect$$rtentry$$0000000D))
<BR><BR>[Stack]<UL><LI>Max Depth = 712 + Unknown Stack Size
<LI>Call Chain = __rt_entry_main &rArr; main &rArr; readCalibrationValue &rArr; TouchPanel_Calibrate &rArr; waitPenRelease &rArr; Read_tsc2046 &rArr; TP_GetAdXY &rArr; Read_Y &rArr; RD_AD &rArr; DelayUS
</UL>
<BR>[Calls]<UL><LI><a href="#[c1]">&gt;&gt;</a>&nbsp;&nbsp;&nbsp;main
<LI><a href="#[c2]">&gt;&gt;</a>&nbsp;&nbsp;&nbsp;exit
</UL>

<P><STRONG><a name="[296]"></a>__rt_entry_postli_1</STRONG> (Thumb, 0 bytes, Stack size unknown bytes, __rtentry2.o(.ARM.Collect$$rtentry$$0000000C))

<P><STRONG><a name="[25a]"></a>__rt_exit</STRONG> (Thumb, 0 bytes, Stack size unknown bytes, rtexit.o(.ARM.Collect$$rtexit$$00000000))
<BR><BR>[Called By]<UL><LI><a href="#[c2]">&gt;&gt;</a>&nbsp;&nbsp;&nbsp;exit
</UL>

<P><STRONG><a name="[c3]"></a>__rt_exit_ls</STRONG> (Thumb, 0 bytes, Stack size unknown bytes, rtexit2.o(.ARM.Collect$$rtexit$$00000003))
<BR><BR>[Calls]<UL><LI><a href="#[c4]">&gt;&gt;</a>&nbsp;&nbsp;&nbsp;__rt_lib_shutdown
</UL>

<P><STRONG><a name="[297]"></a>__rt_exit_prels_1</STRONG> (Thumb, 0 bytes, Stack size unknown bytes, rtexit2.o(.ARM.Collect$$rtexit$$00000002))

<P><STRONG><a name="[c5]"></a>__rt_exit_exit</STRONG> (Thumb, 0 bytes, Stack size unknown bytes, rtexit2.o(.ARM.Collect$$rtexit$$00000004))
<BR><BR>[Calls]<UL><LI><a href="#[c6]">&gt;&gt;</a>&nbsp;&nbsp;&nbsp;_sys_exit
</UL>

<P><STRONG><a name="[e]"></a>SVC_Handler</STRONG> (Thumb, 28 bytes, Stack size 0 bytes, port.o(.emb_text))
<BR>[Address Reference Count : 1]<UL><LI> startup_stm32f4xx.o(RESET)
</UL>
<P><STRONG><a name="[234]"></a>__asm___6_port_c_39a90d8d__prvStartFirstTask</STRONG> (Thumb, 28 bytes, Stack size 0 bytes, port.o(.emb_text))
<BR><BR>[Called By]<UL><LI><a href="#[21f]">&gt;&gt;</a>&nbsp;&nbsp;&nbsp;xPortStartScheduler
</UL>

<P><STRONG><a name="[233]"></a>__asm___6_port_c_39a90d8d__prvEnableVFP</STRONG> (Thumb, 16 bytes, Stack size 0 bytes, port.o(.emb_text))
<BR><BR>[Called By]<UL><LI><a href="#[21f]">&gt;&gt;</a>&nbsp;&nbsp;&nbsp;xPortStartScheduler
</UL>

<P><STRONG><a name="[10]"></a>PendSV_Handler</STRONG> (Thumb, 88 bytes, Stack size 0 bytes, port.o(.emb_text))
<BR><BR>[Stack]<UL><LI>Max Depth = 16<LI>Call Chain = PendSV_Handler &rArr; vTaskSwitchContext
</UL>
<BR>[Calls]<UL><LI><a href="#[c7]">&gt;&gt;</a>&nbsp;&nbsp;&nbsp;vTaskSwitchContext
</UL>
<BR>[Address Reference Count : 1]<UL><LI> startup_stm32f4xx.o(RESET)
</UL>
<P><STRONG><a name="[235]"></a>vPortGetIPSR</STRONG> (Thumb, 6 bytes, Stack size 0 bytes, port.o(.emb_text))
<BR><BR>[Called By]<UL><LI><a href="#[1ff]">&gt;&gt;</a>&nbsp;&nbsp;&nbsp;vPortValidateInterruptPriority
</UL>

<P><STRONG><a name="[c8]"></a>MyTask</STRONG> (Thumb, 16 bytes, Stack size 0 bytes, main.o(.text))
<BR><BR>[Stack]<UL><LI>Max Depth = 208<LI>Call Chain = MyTask &rArr; ProcessInputData &rArr; CallPreEvents &rArr; UARTprintf &rArr; __aeabi_d2f
</UL>
<BR>[Calls]<UL><LI><a href="#[c9]">&gt;&gt;</a>&nbsp;&nbsp;&nbsp;getTouchPoint
<LI><a href="#[cb]">&gt;&gt;</a>&nbsp;&nbsp;&nbsp;TimeOutCalculate
<LI><a href="#[ca]">&gt;&gt;</a>&nbsp;&nbsp;&nbsp;ProcessInputData
</UL>
<BR>[Address Reference Count : 1]<UL><LI> main.o(.text)
</UL>
<P><STRONG><a name="[298]"></a>_maybe_terminate_alloc</STRONG> (Thumb, 0 bytes, Stack size 0 bytes, maybetermalloc1.o(.emb_text), UNUSED)

<P><STRONG><a name="[cc]"></a>GPIO_Config</STRONG> (Thumb, 28 bytes, Stack size 8 bytes, main.o(.text))
<BR><BR>[Stack]<UL><LI>Max Depth = 44<LI>Call Chain = GPIO_Config &rArr; STM_EVAL_LEDInit &rArr; GPIO_Init
</UL>
<BR>[Calls]<UL><LI><a href="#[cd]">&gt;&gt;</a>&nbsp;&nbsp;&nbsp;STM_EVAL_LEDInit
</UL>
<BR>[Called By]<UL><LI><a href="#[c1]">&gt;&gt;</a>&nbsp;&nbsp;&nbsp;main
</UL>

<P><STRONG><a name="[c1]"></a>main</STRONG> (Thumb, 84 bytes, Stack size 16 bytes, main.o(.text))
<BR><BR>[Stack]<UL><LI>Max Depth = 712 + Unknown Stack Size
<LI>Call Chain = main &rArr; readCalibrationValue &rArr; TouchPanel_Calibrate &rArr; waitPenRelease &rArr; Read_tsc2046 &rArr; TP_GetAdXY &rArr; Read_Y &rArr; RD_AD &rArr; DelayUS
</UL>
<BR>[Calls]<UL><LI><a href="#[d6]">&gt;&gt;</a>&nbsp;&nbsp;&nbsp;xTaskCreate
<LI><a href="#[d7]">&gt;&gt;</a>&nbsp;&nbsp;&nbsp;vTaskStartScheduler
<LI><a href="#[d2]">&gt;&gt;</a>&nbsp;&nbsp;&nbsp;readCalibrationValue
<LI><a href="#[ce]">&gt;&gt;</a>&nbsp;&nbsp;&nbsp;UARTstdio_Configuration
<LI><a href="#[d1]">&gt;&gt;</a>&nbsp;&nbsp;&nbsp;TP_Init
<LI><a href="#[d5]">&gt;&gt;</a>&nbsp;&nbsp;&nbsp;Show_StartScreen
<LI><a href="#[cf]">&gt;&gt;</a>&nbsp;&nbsp;&nbsp;STM324xG_LCD_Init
<LI><a href="#[d3]">&gt;&gt;</a>&nbsp;&nbsp;&nbsp;GL_SetTextColor
<LI><a href="#[d0]">&gt;&gt;</a>&nbsp;&nbsp;&nbsp;GL_SetFont
<LI><a href="#[d4]">&gt;&gt;</a>&nbsp;&nbsp;&nbsp;GL_SetBackColor
<LI><a href="#[cc]">&gt;&gt;</a>&nbsp;&nbsp;&nbsp;GPIO_Config
</UL>
<BR>[Called By]<UL><LI><a href="#[c0]">&gt;&gt;</a>&nbsp;&nbsp;&nbsp;__rt_entry_main
</UL>

<P><STRONG><a name="[d8]"></a>CreateTask1</STRONG> (Thumb, 20 bytes, Stack size 0 bytes, main.o(.text), UNUSED)
<BR><BR>[Calls]<UL><LI><a href="#[da]">&gt;&gt;</a>&nbsp;&nbsp;&nbsp;vTaskDelay
<LI><a href="#[d9]">&gt;&gt;</a>&nbsp;&nbsp;&nbsp;USART_SendData
</UL>

<P><STRONG><a name="[299]"></a>CreateTask2</STRONG> (Thumb, 4 bytes, Stack size 0 bytes, main.o(.text), UNUSED)

<P><STRONG><a name="[237]"></a>vApplicationMallocFailedHook</STRONG> (Thumb, 22 bytes, Stack size 0 bytes, main.o(.text))
<BR><BR>[Called By]<UL><LI><a href="#[1e7]">&gt;&gt;</a>&nbsp;&nbsp;&nbsp;pvPortMalloc
</UL>

<P><STRONG><a name="[219]"></a>vApplicationStackOverflowHook</STRONG> (Thumb, 2 bytes, Stack size 0 bytes, main.o(.text))
<BR><BR>[Called By]<UL><LI><a href="#[c7]">&gt;&gt;</a>&nbsp;&nbsp;&nbsp;vTaskSwitchContext
</UL>

<P><STRONG><a name="[db]"></a>vApplicationTickHook</STRONG> (Thumb, 12 bytes, Stack size 8 bytes, main.o(.text))
<BR><BR>[Stack]<UL><LI>Max Depth = 8<LI>Call Chain = vApplicationTickHook
</UL>
<BR>[Calls]<UL><LI><a href="#[dc]">&gt;&gt;</a>&nbsp;&nbsp;&nbsp;TimingDelay_Decrement
<LI><a href="#[dd]">&gt;&gt;</a>&nbsp;&nbsp;&nbsp;DelayScreen_Decrement
</UL>
<BR>[Called By]<UL><LI><a href="#[212]">&gt;&gt;</a>&nbsp;&nbsp;&nbsp;xTaskIncrementTick
</UL>

<P><STRONG><a name="[a5]"></a>SystemInit</STRONG> (Thumb, 88 bytes, Stack size 8 bytes, system_stm32f4xx.o(.text))
<BR><BR>[Stack]<UL><LI>Max Depth = 20<LI>Call Chain = SystemInit &rArr; SetSysClock
</UL>
<BR>[Calls]<UL><LI><a href="#[de]">&gt;&gt;</a>&nbsp;&nbsp;&nbsp;SetSysClock
</UL>
<BR>[Address Reference Count : 1]<UL><LI> startup_stm32f4xx.o(.text)
</UL>
<P><STRONG><a name="[29a]"></a>SystemCoreClockUpdate</STRONG> (Thumb, 174 bytes, Stack size 16 bytes, system_stm32f4xx.o(.text), UNUSED)

<P><STRONG><a name="[9]"></a>NMI_Handler</STRONG> (Thumb, 2 bytes, Stack size 0 bytes, stm32f4xx_it.o(.text))
<BR>[Address Reference Count : 1]<UL><LI> startup_stm32f4xx.o(RESET)
</UL>
<P><STRONG><a name="[a]"></a>HardFault_Handler</STRONG> (Thumb, 4 bytes, Stack size 0 bytes, stm32f4xx_it.o(.text))
<BR>[Address Reference Count : 1]<UL><LI> startup_stm32f4xx.o(RESET)
</UL>
<P><STRONG><a name="[b]"></a>MemManage_Handler</STRONG> (Thumb, 4 bytes, Stack size 0 bytes, stm32f4xx_it.o(.text))
<BR>[Address Reference Count : 1]<UL><LI> startup_stm32f4xx.o(RESET)
</UL>
<P><STRONG><a name="[c]"></a>BusFault_Handler</STRONG> (Thumb, 4 bytes, Stack size 0 bytes, stm32f4xx_it.o(.text))
<BR>[Address Reference Count : 1]<UL><LI> startup_stm32f4xx.o(RESET)
</UL>
<P><STRONG><a name="[d]"></a>UsageFault_Handler</STRONG> (Thumb, 4 bytes, Stack size 0 bytes, stm32f4xx_it.o(.text))
<BR>[Address Reference Count : 1]<UL><LI> startup_stm32f4xx.o(RESET)
</UL>
<P><STRONG><a name="[f]"></a>DebugMon_Handler</STRONG> (Thumb, 2 bytes, Stack size 0 bytes, stm32f4xx_it.o(.text))
<BR>[Address Reference Count : 1]<UL><LI> startup_stm32f4xx.o(RESET)
</UL>
<P><STRONG><a name="[4f]"></a>ETH_IRQHandler</STRONG> (Thumb, 66 bytes, Stack size 8 bytes, stm32f4xx_it.o(.text))
<BR><BR>[Stack]<UL><LI>Max Depth = 56<LI>Call Chain = ETH_IRQHandler &rArr; xQueueGiveFromISR &rArr; xTaskRemoveFromEventList
</UL>
<BR>[Calls]<UL><LI><a href="#[e0]">&gt;&gt;</a>&nbsp;&nbsp;&nbsp;xQueueGiveFromISR
<LI><a href="#[df]">&gt;&gt;</a>&nbsp;&nbsp;&nbsp;ETH_GetDMAFlagStatus
<LI><a href="#[e1]">&gt;&gt;</a>&nbsp;&nbsp;&nbsp;ETH_DMAClearITPendingBit
</UL>
<BR>[Address Reference Count : 1]<UL><LI> startup_stm32f4xx.o(RESET)
</UL>
<P><STRONG><a name="[2e]"></a>TIM2_IRQHandler</STRONG> (Thumb, 2 bytes, Stack size 0 bytes, stm32f4xx_it.o(.text))
<BR>[Address Reference Count : 1]<UL><LI> startup_stm32f4xx.o(RESET)
</UL>
<P><STRONG><a name="[2f]"></a>TIM3_IRQHandler</STRONG> (Thumb, 2 bytes, Stack size 0 bytes, stm32f4xx_it.o(.text))
<BR>[Address Reference Count : 1]<UL><LI> startup_stm32f4xx.o(RESET)
</UL>
<P><STRONG><a name="[30]"></a>TIM4_IRQHandler</STRONG> (Thumb, 2 bytes, Stack size 0 bytes, stm32f4xx_it.o(.text))
<BR>[Address Reference Count : 1]<UL><LI> startup_stm32f4xx.o(RESET)
</UL>
<P><STRONG><a name="[64]"></a>StartScreen_Setting</STRONG> (Thumb, 16 bytes, Stack size 8 bytes, uiappuser.o(.text))
<BR><BR>[Stack]<UL><LI>Max Depth = 208<LI>Call Chain = StartScreen_Setting &rArr; Show_SettingsScreen &rArr; Create_SettingsScreen &rArr; AddPageControlObj &rArr;  AddPageControlObj (Cycle)
</UL>
<BR>[Calls]<UL><LI><a href="#[e3]">&gt;&gt;</a>&nbsp;&nbsp;&nbsp;Show_SettingsScreen
<LI><a href="#[e2]">&gt;&gt;</a>&nbsp;&nbsp;&nbsp;DestroyPage
</UL>
<BR>[Address Reference Count : 1]<UL><LI> uiframework.o(.text)
</UL>
<P><STRONG><a name="[65]"></a>SettingsScreen_Language</STRONG> (Thumb, 2 bytes, Stack size 0 bytes, uiappuser.o(.text))
<BR>[Address Reference Count : 1]<UL><LI> uiframework.o(.text)
</UL>
<P><STRONG><a name="[66]"></a>SettingsScreen_BackToStart</STRONG> (Thumb, 16 bytes, Stack size 8 bytes, uiappuser.o(.text))
<BR><BR>[Stack]<UL><LI>Max Depth = 184<LI>Call Chain = SettingsScreen_BackToStart &rArr; Show_StartScreen &rArr; Create_StartScreen &rArr; AddPageControlObj &rArr;  AddPageControlObj (Cycle)
</UL>
<BR>[Calls]<UL><LI><a href="#[d5]">&gt;&gt;</a>&nbsp;&nbsp;&nbsp;Show_StartScreen
<LI><a href="#[e2]">&gt;&gt;</a>&nbsp;&nbsp;&nbsp;DestroyPage
</UL>
<BR>[Address Reference Count : 1]<UL><LI> uiframework.o(.text)
</UL>
<P><STRONG><a name="[67]"></a>SettingsScreen_Parameters</STRONG> (Thumb, 16 bytes, Stack size 8 bytes, uiappuser.o(.text))
<BR><BR>[Stack]<UL><LI>Max Depth = 200<LI>Call Chain = SettingsScreen_Parameters &rArr; Show_ParametersScreen &rArr; Create_ParametersScreen &rArr; AddPageControlObj &rArr;  AddPageControlObj (Cycle)
</UL>
<BR>[Calls]<UL><LI><a href="#[e4]">&gt;&gt;</a>&nbsp;&nbsp;&nbsp;Show_ParametersScreen
<LI><a href="#[e2]">&gt;&gt;</a>&nbsp;&nbsp;&nbsp;DestroyPage
</UL>
<BR>[Address Reference Count : 1]<UL><LI> uiframework.o(.text)
</UL>
<P><STRONG><a name="[68]"></a>SettingsScreen_Calibration</STRONG> (Thumb, 2 bytes, Stack size 0 bytes, uiappuser.o(.text))
<BR>[Address Reference Count : 1]<UL><LI> uiframework.o(.text)
</UL>
<P><STRONG><a name="[69]"></a>SettingsScreen_DosingTest</STRONG> (Thumb, 82 bytes, Stack size 8 bytes, uiappuser.o(.text))
<BR><BR>[Stack]<UL><LI>Max Depth = 200<LI>Call Chain = SettingsScreen_DosingTest &rArr; Show_DosingTestStopStopScreen &rArr; Create_DosingTestStopStopScreen &rArr; AddPageControlObj &rArr;  AddPageControlObj (Cycle)
</UL>
<BR>[Calls]<UL><LI><a href="#[e8]">&gt;&gt;</a>&nbsp;&nbsp;&nbsp;Show_DosingTestStopStopScreen
<LI><a href="#[e7]">&gt;&gt;</a>&nbsp;&nbsp;&nbsp;Show_DosingTestStopStartScreen
<LI><a href="#[e6]">&gt;&gt;</a>&nbsp;&nbsp;&nbsp;Show_DosingTestStartStopScreen
<LI><a href="#[e5]">&gt;&gt;</a>&nbsp;&nbsp;&nbsp;Show_DosingTestStartStartScreen
<LI><a href="#[e2]">&gt;&gt;</a>&nbsp;&nbsp;&nbsp;DestroyPage
</UL>
<BR>[Address Reference Count : 1]<UL><LI> uiframework.o(.text)
</UL>
<P><STRONG><a name="[6a]"></a>SettingsScreen_TypeOfProbe</STRONG> (Thumb, 2 bytes, Stack size 0 bytes, uiappuser.o(.text))
<BR>[Address Reference Count : 1]<UL><LI> uiframework.o(.text)
</UL>
<P><STRONG><a name="[6b]"></a>DosingTestStartStartScreen_Back</STRONG> (Thumb, 22 bytes, Stack size 8 bytes, uiappuser.o(.text))
<BR><BR>[Stack]<UL><LI>Max Depth = 208<LI>Call Chain = DosingTestStartStartScreen_Back &rArr; Show_SettingsScreen &rArr; Create_SettingsScreen &rArr; AddPageControlObj &rArr;  AddPageControlObj (Cycle)
</UL>
<BR>[Calls]<UL><LI><a href="#[e3]">&gt;&gt;</a>&nbsp;&nbsp;&nbsp;Show_SettingsScreen
<LI><a href="#[e2]">&gt;&gt;</a>&nbsp;&nbsp;&nbsp;DestroyPage
</UL>
<BR>[Address Reference Count : 1]<UL><LI> uiframework.o(.text)
</UL>
<P><STRONG><a name="[6c]"></a>DosingTestStartStartScreen_BackToStart</STRONG> (Thumb, 22 bytes, Stack size 8 bytes, uiappuser.o(.text))
<BR><BR>[Stack]<UL><LI>Max Depth = 184<LI>Call Chain = DosingTestStartStartScreen_BackToStart &rArr; Show_StartScreen &rArr; Create_StartScreen &rArr; AddPageControlObj &rArr;  AddPageControlObj (Cycle)
</UL>
<BR>[Calls]<UL><LI><a href="#[d5]">&gt;&gt;</a>&nbsp;&nbsp;&nbsp;Show_StartScreen
<LI><a href="#[e2]">&gt;&gt;</a>&nbsp;&nbsp;&nbsp;DestroyPage
</UL>
<BR>[Address Reference Count : 1]<UL><LI> uiframework.o(.text)
</UL>
<P><STRONG><a name="[6d]"></a>DosingTestStartStartScreen_StartDisinf</STRONG> (Thumb, 16 bytes, Stack size 8 bytes, uiappuser.o(.text))
<BR><BR>[Stack]<UL><LI>Max Depth = 200<LI>Call Chain = DosingTestStartStartScreen_StartDisinf &rArr; Show_DosingTestStopStartScreen &rArr; Create_DosingTestStopStartScreen &rArr; AddPageControlObj &rArr;  AddPageControlObj (Cycle)
</UL>
<BR>[Calls]<UL><LI><a href="#[e7]">&gt;&gt;</a>&nbsp;&nbsp;&nbsp;Show_DosingTestStopStartScreen
<LI><a href="#[e2]">&gt;&gt;</a>&nbsp;&nbsp;&nbsp;DestroyPage
</UL>
<BR>[Address Reference Count : 1]<UL><LI> uiframework.o(.text)
</UL>
<P><STRONG><a name="[6e]"></a>DosingTestStartStartScreen_StartPh</STRONG> (Thumb, 16 bytes, Stack size 8 bytes, uiappuser.o(.text))
<BR><BR>[Stack]<UL><LI>Max Depth = 200<LI>Call Chain = DosingTestStartStartScreen_StartPh &rArr; Show_DosingTestStartStopScreen &rArr; Create_DosingTestStartStopScreen &rArr; AddPageControlObj &rArr;  AddPageControlObj (Cycle)
</UL>
<BR>[Calls]<UL><LI><a href="#[e6]">&gt;&gt;</a>&nbsp;&nbsp;&nbsp;Show_DosingTestStartStopScreen
<LI><a href="#[e2]">&gt;&gt;</a>&nbsp;&nbsp;&nbsp;DestroyPage
</UL>
<BR>[Address Reference Count : 1]<UL><LI> uiframework.o(.text)
</UL>
<P><STRONG><a name="[6f]"></a>DosingTestStopStartScreen_Back</STRONG> (Thumb, 22 bytes, Stack size 8 bytes, uiappuser.o(.text))
<BR><BR>[Stack]<UL><LI>Max Depth = 208<LI>Call Chain = DosingTestStopStartScreen_Back &rArr; Show_SettingsScreen &rArr; Create_SettingsScreen &rArr; AddPageControlObj &rArr;  AddPageControlObj (Cycle)
</UL>
<BR>[Calls]<UL><LI><a href="#[e3]">&gt;&gt;</a>&nbsp;&nbsp;&nbsp;Show_SettingsScreen
<LI><a href="#[e2]">&gt;&gt;</a>&nbsp;&nbsp;&nbsp;DestroyPage
</UL>
<BR>[Address Reference Count : 1]<UL><LI> uiframework.o(.text)
</UL>
<P><STRONG><a name="[70]"></a>DosingTestStopStartScreen_BackToStart</STRONG> (Thumb, 22 bytes, Stack size 8 bytes, uiappuser.o(.text))
<BR><BR>[Stack]<UL><LI>Max Depth = 184<LI>Call Chain = DosingTestStopStartScreen_BackToStart &rArr; Show_StartScreen &rArr; Create_StartScreen &rArr; AddPageControlObj &rArr;  AddPageControlObj (Cycle)
</UL>
<BR>[Calls]<UL><LI><a href="#[d5]">&gt;&gt;</a>&nbsp;&nbsp;&nbsp;Show_StartScreen
<LI><a href="#[e2]">&gt;&gt;</a>&nbsp;&nbsp;&nbsp;DestroyPage
</UL>
<BR>[Address Reference Count : 1]<UL><LI> uiframework.o(.text)
</UL>
<P><STRONG><a name="[71]"></a>DosingTestStopStartScreen_StopDisinf</STRONG> (Thumb, 16 bytes, Stack size 8 bytes, uiappuser.o(.text))
<BR><BR>[Stack]<UL><LI>Max Depth = 200<LI>Call Chain = DosingTestStopStartScreen_StopDisinf &rArr; Show_DosingTestStartStartScreen &rArr; Create_DosingTestStartStartScreen &rArr; AddPageControlObj &rArr;  AddPageControlObj (Cycle)
</UL>
<BR>[Calls]<UL><LI><a href="#[e5]">&gt;&gt;</a>&nbsp;&nbsp;&nbsp;Show_DosingTestStartStartScreen
<LI><a href="#[e2]">&gt;&gt;</a>&nbsp;&nbsp;&nbsp;DestroyPage
</UL>
<BR>[Address Reference Count : 1]<UL><LI> uiframework.o(.text)
</UL>
<P><STRONG><a name="[72]"></a>DosingTestStopStartScreen_StartPh</STRONG> (Thumb, 16 bytes, Stack size 8 bytes, uiappuser.o(.text))
<BR><BR>[Stack]<UL><LI>Max Depth = 200<LI>Call Chain = DosingTestStopStartScreen_StartPh &rArr; Show_DosingTestStopStopScreen &rArr; Create_DosingTestStopStopScreen &rArr; AddPageControlObj &rArr;  AddPageControlObj (Cycle)
</UL>
<BR>[Calls]<UL><LI><a href="#[e8]">&gt;&gt;</a>&nbsp;&nbsp;&nbsp;Show_DosingTestStopStopScreen
<LI><a href="#[e2]">&gt;&gt;</a>&nbsp;&nbsp;&nbsp;DestroyPage
</UL>
<BR>[Address Reference Count : 1]<UL><LI> uiframework.o(.text)
</UL>
<P><STRONG><a name="[73]"></a>DosingTestStopStopScreen_Back</STRONG> (Thumb, 22 bytes, Stack size 8 bytes, uiappuser.o(.text))
<BR><BR>[Stack]<UL><LI>Max Depth = 208<LI>Call Chain = DosingTestStopStopScreen_Back &rArr; Show_SettingsScreen &rArr; Create_SettingsScreen &rArr; AddPageControlObj &rArr;  AddPageControlObj (Cycle)
</UL>
<BR>[Calls]<UL><LI><a href="#[e3]">&gt;&gt;</a>&nbsp;&nbsp;&nbsp;Show_SettingsScreen
<LI><a href="#[e2]">&gt;&gt;</a>&nbsp;&nbsp;&nbsp;DestroyPage
</UL>
<BR>[Address Reference Count : 1]<UL><LI> uiframework.o(.text)
</UL>
<P><STRONG><a name="[74]"></a>DosingTestStopStopScreen_BackToStart</STRONG> (Thumb, 22 bytes, Stack size 8 bytes, uiappuser.o(.text))
<BR><BR>[Stack]<UL><LI>Max Depth = 184<LI>Call Chain = DosingTestStopStopScreen_BackToStart &rArr; Show_StartScreen &rArr; Create_StartScreen &rArr; AddPageControlObj &rArr;  AddPageControlObj (Cycle)
</UL>
<BR>[Calls]<UL><LI><a href="#[d5]">&gt;&gt;</a>&nbsp;&nbsp;&nbsp;Show_StartScreen
<LI><a href="#[e2]">&gt;&gt;</a>&nbsp;&nbsp;&nbsp;DestroyPage
</UL>
<BR>[Address Reference Count : 1]<UL><LI> uiframework.o(.text)
</UL>
<P><STRONG><a name="[75]"></a>DosingTestStopStopScreen_StopDisinf</STRONG> (Thumb, 16 bytes, Stack size 8 bytes, uiappuser.o(.text))
<BR><BR>[Stack]<UL><LI>Max Depth = 200<LI>Call Chain = DosingTestStopStopScreen_StopDisinf &rArr; Show_DosingTestStartStopScreen &rArr; Create_DosingTestStartStopScreen &rArr; AddPageControlObj &rArr;  AddPageControlObj (Cycle)
</UL>
<BR>[Calls]<UL><LI><a href="#[e6]">&gt;&gt;</a>&nbsp;&nbsp;&nbsp;Show_DosingTestStartStopScreen
<LI><a href="#[e2]">&gt;&gt;</a>&nbsp;&nbsp;&nbsp;DestroyPage
</UL>
<BR>[Address Reference Count : 1]<UL><LI> uiframework.o(.text)
</UL>
<P><STRONG><a name="[76]"></a>DosingTestStopStopScreen_StopPh</STRONG> (Thumb, 16 bytes, Stack size 8 bytes, uiappuser.o(.text))
<BR><BR>[Stack]<UL><LI>Max Depth = 200<LI>Call Chain = DosingTestStopStopScreen_StopPh &rArr; Show_DosingTestStopStartScreen &rArr; Create_DosingTestStopStartScreen &rArr; AddPageControlObj &rArr;  AddPageControlObj (Cycle)
</UL>
<BR>[Calls]<UL><LI><a href="#[e7]">&gt;&gt;</a>&nbsp;&nbsp;&nbsp;Show_DosingTestStopStartScreen
<LI><a href="#[e2]">&gt;&gt;</a>&nbsp;&nbsp;&nbsp;DestroyPage
</UL>
<BR>[Address Reference Count : 1]<UL><LI> uiframework.o(.text)
</UL>
<P><STRONG><a name="[77]"></a>DosingTestStartStopScreen_Back</STRONG> (Thumb, 22 bytes, Stack size 8 bytes, uiappuser.o(.text))
<BR><BR>[Stack]<UL><LI>Max Depth = 208<LI>Call Chain = DosingTestStartStopScreen_Back &rArr; Show_SettingsScreen &rArr; Create_SettingsScreen &rArr; AddPageControlObj &rArr;  AddPageControlObj (Cycle)
</UL>
<BR>[Calls]<UL><LI><a href="#[e3]">&gt;&gt;</a>&nbsp;&nbsp;&nbsp;Show_SettingsScreen
<LI><a href="#[e2]">&gt;&gt;</a>&nbsp;&nbsp;&nbsp;DestroyPage
</UL>
<BR>[Address Reference Count : 1]<UL><LI> uiframework.o(.text)
</UL>
<P><STRONG><a name="[78]"></a>DosingTestStartStopScreen_BackToStart</STRONG> (Thumb, 22 bytes, Stack size 8 bytes, uiappuser.o(.text))
<BR><BR>[Stack]<UL><LI>Max Depth = 184<LI>Call Chain = DosingTestStartStopScreen_BackToStart &rArr; Show_StartScreen &rArr; Create_StartScreen &rArr; AddPageControlObj &rArr;  AddPageControlObj (Cycle)
</UL>
<BR>[Calls]<UL><LI><a href="#[d5]">&gt;&gt;</a>&nbsp;&nbsp;&nbsp;Show_StartScreen
<LI><a href="#[e2]">&gt;&gt;</a>&nbsp;&nbsp;&nbsp;DestroyPage
</UL>
<BR>[Address Reference Count : 1]<UL><LI> uiframework.o(.text)
</UL>
<P><STRONG><a name="[79]"></a>DosingTestStartStopScreen_StartDisinf</STRONG> (Thumb, 16 bytes, Stack size 8 bytes, uiappuser.o(.text))
<BR><BR>[Stack]<UL><LI>Max Depth = 200<LI>Call Chain = DosingTestStartStopScreen_StartDisinf &rArr; Show_DosingTestStopStartScreen &rArr; Create_DosingTestStopStartScreen &rArr; AddPageControlObj &rArr;  AddPageControlObj (Cycle)
</UL>
<BR>[Calls]<UL><LI><a href="#[e7]">&gt;&gt;</a>&nbsp;&nbsp;&nbsp;Show_DosingTestStopStartScreen
<LI><a href="#[e2]">&gt;&gt;</a>&nbsp;&nbsp;&nbsp;DestroyPage
</UL>
<BR>[Address Reference Count : 1]<UL><LI> uiframework.o(.text)
</UL>
<P><STRONG><a name="[7a]"></a>DosingTestStartStopScreen_StopPh</STRONG> (Thumb, 16 bytes, Stack size 8 bytes, uiappuser.o(.text))
<BR><BR>[Stack]<UL><LI>Max Depth = 200<LI>Call Chain = DosingTestStartStopScreen_StopPh &rArr; Show_DosingTestStartStartScreen &rArr; Create_DosingTestStartStartScreen &rArr; AddPageControlObj &rArr;  AddPageControlObj (Cycle)
</UL>
<BR>[Calls]<UL><LI><a href="#[e5]">&gt;&gt;</a>&nbsp;&nbsp;&nbsp;Show_DosingTestStartStartScreen
<LI><a href="#[e2]">&gt;&gt;</a>&nbsp;&nbsp;&nbsp;DestroyPage
</UL>
<BR>[Address Reference Count : 1]<UL><LI> uiframework.o(.text)
</UL>
<P><STRONG><a name="[7b]"></a>ParametersScreen_Back</STRONG> (Thumb, 16 bytes, Stack size 8 bytes, uiappuser.o(.text))
<BR><BR>[Stack]<UL><LI>Max Depth = 208<LI>Call Chain = ParametersScreen_Back &rArr; Show_SettingsScreen &rArr; Create_SettingsScreen &rArr; AddPageControlObj &rArr;  AddPageControlObj (Cycle)
</UL>
<BR>[Calls]<UL><LI><a href="#[e3]">&gt;&gt;</a>&nbsp;&nbsp;&nbsp;Show_SettingsScreen
<LI><a href="#[e2]">&gt;&gt;</a>&nbsp;&nbsp;&nbsp;DestroyPage
</UL>
<BR>[Address Reference Count : 1]<UL><LI> uiframework.o(.text)
</UL>
<P><STRONG><a name="[7c]"></a>ParametersScreen_BackToStart</STRONG> (Thumb, 16 bytes, Stack size 8 bytes, uiappuser.o(.text))
<BR><BR>[Stack]<UL><LI>Max Depth = 184<LI>Call Chain = ParametersScreen_BackToStart &rArr; Show_StartScreen &rArr; Create_StartScreen &rArr; AddPageControlObj &rArr;  AddPageControlObj (Cycle)
</UL>
<BR>[Calls]<UL><LI><a href="#[d5]">&gt;&gt;</a>&nbsp;&nbsp;&nbsp;Show_StartScreen
<LI><a href="#[e2]">&gt;&gt;</a>&nbsp;&nbsp;&nbsp;DestroyPage
</UL>
<BR>[Address Reference Count : 1]<UL><LI> uiframework.o(.text)
</UL>
<P><STRONG><a name="[7d]"></a>ParametersScreen_Pool</STRONG> (Thumb, 16 bytes, Stack size 8 bytes, uiappuser.o(.text))
<BR><BR>[Stack]<UL><LI>Max Depth = 208<LI>Call Chain = ParametersScreen_Pool &rArr; Show_ParametersPoolVolumeScreen &rArr; Create_ParametersPoolVolumeScreen &rArr; AddPageControlObj &rArr;  AddPageControlObj (Cycle)
</UL>
<BR>[Calls]<UL><LI><a href="#[e9]">&gt;&gt;</a>&nbsp;&nbsp;&nbsp;Show_ParametersPoolVolumeScreen
<LI><a href="#[e2]">&gt;&gt;</a>&nbsp;&nbsp;&nbsp;DestroyPage
</UL>
<BR>[Address Reference Count : 1]<UL><LI> uiframework.o(.text)
</UL>
<P><STRONG><a name="[7e]"></a>ParametersScreen_Water</STRONG> (Thumb, 16 bytes, Stack size 8 bytes, uiappuser.o(.text))
<BR><BR>[Stack]<UL><LI>Max Depth = 240<LI>Call Chain = ParametersScreen_Water &rArr; Show_ParametersWaterScreen &rArr; Create_ParametersWaterScreen &rArr; AddPageControlObj &rArr;  AddPageControlObj (Cycle)
</UL>
<BR>[Calls]<UL><LI><a href="#[ea]">&gt;&gt;</a>&nbsp;&nbsp;&nbsp;Show_ParametersWaterScreen
<LI><a href="#[e2]">&gt;&gt;</a>&nbsp;&nbsp;&nbsp;DestroyPage
</UL>
<BR>[Address Reference Count : 1]<UL><LI> uiframework.o(.text)
</UL>
<P><STRONG><a name="[7f]"></a>ParametersPoolVolumeScreen_Back</STRONG> (Thumb, 16 bytes, Stack size 8 bytes, uiappuser.o(.text))
<BR><BR>[Stack]<UL><LI>Max Depth = 200<LI>Call Chain = ParametersPoolVolumeScreen_Back &rArr; Show_ParametersScreen &rArr; Create_ParametersScreen &rArr; AddPageControlObj &rArr;  AddPageControlObj (Cycle)
</UL>
<BR>[Calls]<UL><LI><a href="#[e4]">&gt;&gt;</a>&nbsp;&nbsp;&nbsp;Show_ParametersScreen
<LI><a href="#[e2]">&gt;&gt;</a>&nbsp;&nbsp;&nbsp;DestroyPage
</UL>
<BR>[Address Reference Count : 1]<UL><LI> uiframework.o(.text)
</UL>
<P><STRONG><a name="[80]"></a>ParametersPoolVolumeScreen_BackToStart</STRONG> (Thumb, 16 bytes, Stack size 8 bytes, uiappuser.o(.text))
<BR><BR>[Stack]<UL><LI>Max Depth = 184<LI>Call Chain = ParametersPoolVolumeScreen_BackToStart &rArr; Show_StartScreen &rArr; Create_StartScreen &rArr; AddPageControlObj &rArr;  AddPageControlObj (Cycle)
</UL>
<BR>[Calls]<UL><LI><a href="#[d5]">&gt;&gt;</a>&nbsp;&nbsp;&nbsp;Show_StartScreen
<LI><a href="#[e2]">&gt;&gt;</a>&nbsp;&nbsp;&nbsp;DestroyPage
</UL>
<BR>[Address Reference Count : 1]<UL><LI> uiframework.o(.text)
</UL>
<P><STRONG><a name="[81]"></a>ParametersPoolVolumeScreen_inc</STRONG> (Thumb, 2 bytes, Stack size 0 bytes, uiappuser.o(.text))
<BR>[Address Reference Count : 1]<UL><LI> uiframework.o(.text)
</UL>
<P><STRONG><a name="[82]"></a>ParametersPoolVolumeScreen_dec</STRONG> (Thumb, 2 bytes, Stack size 0 bytes, uiappuser.o(.text))
<BR>[Address Reference Count : 1]<UL><LI> uiframework.o(.text)
</UL>
<P><STRONG><a name="[83]"></a>ParametersPoolVolumeScreen_OK</STRONG> (Thumb, 2 bytes, Stack size 0 bytes, uiappuser.o(.text))
<BR>[Address Reference Count : 1]<UL><LI> uiframework.o(.text)
</UL>
<P><STRONG><a name="[84]"></a>ParametersPoolVolumeScreen_FiltrationPeriod</STRONG> (Thumb, 16 bytes, Stack size 8 bytes, uiappuser.o(.text))
<BR><BR>[Stack]<UL><LI>Max Depth = 208<LI>Call Chain = ParametersPoolVolumeScreen_FiltrationPeriod &rArr; Show_ParametersFitrationPeriodScreen &rArr; Create_ParametersFitrationPeriodScreen &rArr; AddPageControlObj &rArr;  AddPageControlObj (Cycle)
</UL>
<BR>[Calls]<UL><LI><a href="#[eb]">&gt;&gt;</a>&nbsp;&nbsp;&nbsp;Show_ParametersFitrationPeriodScreen
<LI><a href="#[e2]">&gt;&gt;</a>&nbsp;&nbsp;&nbsp;DestroyPage
</UL>
<BR>[Address Reference Count : 1]<UL><LI> uiframework.o(.text)
</UL>
<P><STRONG><a name="[85]"></a>ParametersFitrationPeriodScreen_Back</STRONG> (Thumb, 16 bytes, Stack size 8 bytes, uiappuser.o(.text))
<BR><BR>[Stack]<UL><LI>Max Depth = 200<LI>Call Chain = ParametersFitrationPeriodScreen_Back &rArr; Show_ParametersScreen &rArr; Create_ParametersScreen &rArr; AddPageControlObj &rArr;  AddPageControlObj (Cycle)
</UL>
<BR>[Calls]<UL><LI><a href="#[e4]">&gt;&gt;</a>&nbsp;&nbsp;&nbsp;Show_ParametersScreen
<LI><a href="#[e2]">&gt;&gt;</a>&nbsp;&nbsp;&nbsp;DestroyPage
</UL>
<BR>[Address Reference Count : 1]<UL><LI> uiframework.o(.text)
</UL>
<P><STRONG><a name="[86]"></a>ParametersFitrationPeriodScreen_BackToStart</STRONG> (Thumb, 16 bytes, Stack size 8 bytes, uiappuser.o(.text))
<BR><BR>[Stack]<UL><LI>Max Depth = 184<LI>Call Chain = ParametersFitrationPeriodScreen_BackToStart &rArr; Show_StartScreen &rArr; Create_StartScreen &rArr; AddPageControlObj &rArr;  AddPageControlObj (Cycle)
</UL>
<BR>[Calls]<UL><LI><a href="#[d5]">&gt;&gt;</a>&nbsp;&nbsp;&nbsp;Show_StartScreen
<LI><a href="#[e2]">&gt;&gt;</a>&nbsp;&nbsp;&nbsp;DestroyPage
</UL>
<BR>[Address Reference Count : 1]<UL><LI> uiframework.o(.text)
</UL>
<P><STRONG><a name="[87]"></a>ParametersFitrationPeriodScreen_inc</STRONG> (Thumb, 2 bytes, Stack size 0 bytes, uiappuser.o(.text))
<BR>[Address Reference Count : 1]<UL><LI> uiframework.o(.text)
</UL>
<P><STRONG><a name="[88]"></a>ParametersFitrationPeriodScreen_dec</STRONG> (Thumb, 2 bytes, Stack size 0 bytes, uiappuser.o(.text))
<BR>[Address Reference Count : 1]<UL><LI> uiframework.o(.text)
</UL>
<P><STRONG><a name="[89]"></a>ParametersFitrationPeriodScreen_OK</STRONG> (Thumb, 2 bytes, Stack size 0 bytes, uiappuser.o(.text))
<BR>[Address Reference Count : 1]<UL><LI> uiframework.o(.text)
</UL>
<P><STRONG><a name="[8a]"></a>ParametersFitrationPeriodScreen_PoolVolume</STRONG> (Thumb, 16 bytes, Stack size 8 bytes, uiappuser.o(.text))
<BR><BR>[Stack]<UL><LI>Max Depth = 208<LI>Call Chain = ParametersFitrationPeriodScreen_PoolVolume &rArr; Show_ParametersPoolVolumeScreen &rArr; Create_ParametersPoolVolumeScreen &rArr; AddPageControlObj &rArr;  AddPageControlObj (Cycle)
</UL>
<BR>[Calls]<UL><LI><a href="#[e9]">&gt;&gt;</a>&nbsp;&nbsp;&nbsp;Show_ParametersPoolVolumeScreen
<LI><a href="#[e2]">&gt;&gt;</a>&nbsp;&nbsp;&nbsp;DestroyPage
</UL>
<BR>[Address Reference Count : 1]<UL><LI> uiframework.o(.text)
</UL>
<P><STRONG><a name="[8b]"></a>ParametersWaterScreen_Back</STRONG> (Thumb, 16 bytes, Stack size 8 bytes, uiappuser.o(.text))
<BR><BR>[Stack]<UL><LI>Max Depth = 200<LI>Call Chain = ParametersWaterScreen_Back &rArr; Show_ParametersScreen &rArr; Create_ParametersScreen &rArr; AddPageControlObj &rArr;  AddPageControlObj (Cycle)
</UL>
<BR>[Calls]<UL><LI><a href="#[e4]">&gt;&gt;</a>&nbsp;&nbsp;&nbsp;Show_ParametersScreen
<LI><a href="#[e2]">&gt;&gt;</a>&nbsp;&nbsp;&nbsp;DestroyPage
</UL>
<BR>[Address Reference Count : 1]<UL><LI> uiframework.o(.text)
</UL>
<P><STRONG><a name="[8c]"></a>ParametersWaterScreen_BackToStart</STRONG> (Thumb, 16 bytes, Stack size 8 bytes, uiappuser.o(.text))
<BR><BR>[Stack]<UL><LI>Max Depth = 184<LI>Call Chain = ParametersWaterScreen_BackToStart &rArr; Show_StartScreen &rArr; Create_StartScreen &rArr; AddPageControlObj &rArr;  AddPageControlObj (Cycle)
</UL>
<BR>[Calls]<UL><LI><a href="#[d5]">&gt;&gt;</a>&nbsp;&nbsp;&nbsp;Show_StartScreen
<LI><a href="#[e2]">&gt;&gt;</a>&nbsp;&nbsp;&nbsp;DestroyPage
</UL>
<BR>[Address Reference Count : 1]<UL><LI> uiframework.o(.text)
</UL>
<P><STRONG><a name="[8d]"></a>ParametersWaterScreen_Indoor</STRONG> (Thumb, 10 bytes, Stack size 8 bytes, uiappuser.o(.text))
<BR><BR>[Stack]<UL><LI>Max Depth = 128<LI>Call Chain = ParametersWaterScreen_Indoor &rArr; UARTprintf &rArr; __aeabi_d2f
</UL>
<BR>[Calls]<UL><LI><a href="#[ec]">&gt;&gt;</a>&nbsp;&nbsp;&nbsp;UARTprintf
</UL>
<BR>[Address Reference Count : 1]<UL><LI> uiframework.o(.text)
</UL>
<P><STRONG><a name="[8e]"></a>ParametersWaterScreen_Outdoor</STRONG> (Thumb, 10 bytes, Stack size 8 bytes, uiappuser.o(.text))
<BR><BR>[Stack]<UL><LI>Max Depth = 128<LI>Call Chain = ParametersWaterScreen_Outdoor &rArr; UARTprintf &rArr; __aeabi_d2f
</UL>
<BR>[Calls]<UL><LI><a href="#[ec]">&gt;&gt;</a>&nbsp;&nbsp;&nbsp;UARTprintf
</UL>
<BR>[Address Reference Count : 1]<UL><LI> uiframework.o(.text)
</UL>
<P><STRONG><a name="[8f]"></a>ParametersWaterScreen_ExtremeCondition</STRONG> (Thumb, 10 bytes, Stack size 8 bytes, uiappuser.o(.text))
<BR><BR>[Stack]<UL><LI>Max Depth = 128<LI>Call Chain = ParametersWaterScreen_ExtremeCondition &rArr; UARTprintf &rArr; __aeabi_d2f
</UL>
<BR>[Calls]<UL><LI><a href="#[ec]">&gt;&gt;</a>&nbsp;&nbsp;&nbsp;UARTprintf
</UL>
<BR>[Address Reference Count : 1]<UL><LI> uiframework.o(.text)
</UL>
<P><STRONG><a name="[90]"></a>ParametersWaterScreen_Less20oC</STRONG> (Thumb, 10 bytes, Stack size 8 bytes, uiappuser.o(.text))
<BR><BR>[Stack]<UL><LI>Max Depth = 128<LI>Call Chain = ParametersWaterScreen_Less20oC &rArr; UARTprintf &rArr; __aeabi_d2f
</UL>
<BR>[Calls]<UL><LI><a href="#[ec]">&gt;&gt;</a>&nbsp;&nbsp;&nbsp;UARTprintf
</UL>
<BR>[Address Reference Count : 1]<UL><LI> uiframework.o(.text)
</UL>
<P><STRONG><a name="[91]"></a>ParametersWaterScreen_20oC_30oC</STRONG> (Thumb, 10 bytes, Stack size 8 bytes, uiappuser.o(.text))
<BR><BR>[Stack]<UL><LI>Max Depth = 128<LI>Call Chain = ParametersWaterScreen_20oC_30oC &rArr; UARTprintf &rArr; __aeabi_d2f
</UL>
<BR>[Calls]<UL><LI><a href="#[ec]">&gt;&gt;</a>&nbsp;&nbsp;&nbsp;UARTprintf
</UL>
<BR>[Address Reference Count : 1]<UL><LI> uiframework.o(.text)
</UL>
<P><STRONG><a name="[92]"></a>ParametersWaterScreen_More30oC</STRONG> (Thumb, 10 bytes, Stack size 8 bytes, uiappuser.o(.text))
<BR><BR>[Stack]<UL><LI>Max Depth = 128<LI>Call Chain = ParametersWaterScreen_More30oC &rArr; UARTprintf &rArr; __aeabi_d2f
</UL>
<BR>[Calls]<UL><LI><a href="#[ec]">&gt;&gt;</a>&nbsp;&nbsp;&nbsp;UARTprintf
</UL>
<BR>[Address Reference Count : 1]<UL><LI> uiframework.o(.text)
</UL>
<P><STRONG><a name="[93]"></a>ParametersWaterScreen_Soft</STRONG> (Thumb, 10 bytes, Stack size 8 bytes, uiappuser.o(.text))
<BR><BR>[Stack]<UL><LI>Max Depth = 128<LI>Call Chain = ParametersWaterScreen_Soft &rArr; UARTprintf &rArr; __aeabi_d2f
</UL>
<BR>[Calls]<UL><LI><a href="#[ec]">&gt;&gt;</a>&nbsp;&nbsp;&nbsp;UARTprintf
</UL>
<BR>[Address Reference Count : 1]<UL><LI> uiframework.o(.text)
</UL>
<P><STRONG><a name="[94]"></a>ParametersWaterScreen_Hard</STRONG> (Thumb, 10 bytes, Stack size 8 bytes, uiappuser.o(.text))
<BR><BR>[Stack]<UL><LI>Max Depth = 128<LI>Call Chain = ParametersWaterScreen_Hard &rArr; UARTprintf &rArr; __aeabi_d2f
</UL>
<BR>[Calls]<UL><LI><a href="#[ec]">&gt;&gt;</a>&nbsp;&nbsp;&nbsp;UARTprintf
</UL>
<BR>[Address Reference Count : 1]<UL><LI> uiframework.o(.text)
</UL>
<P><STRONG><a name="[95]"></a>ParametersWaterScreen_VeryHard</STRONG> (Thumb, 10 bytes, Stack size 8 bytes, uiappuser.o(.text))
<BR><BR>[Stack]<UL><LI>Max Depth = 128<LI>Call Chain = ParametersWaterScreen_VeryHard &rArr; UARTprintf &rArr; __aeabi_d2f
</UL>
<BR>[Calls]<UL><LI><a href="#[ec]">&gt;&gt;</a>&nbsp;&nbsp;&nbsp;UARTprintf
</UL>
<BR>[Address Reference Count : 1]<UL><LI> uiframework.o(.text)
</UL>
<P><STRONG><a name="[ed]"></a>Create_StartScreen</STRONG> (Thumb, 36 bytes, Stack size 8 bytes, uiframework.o(.text))
<BR><BR>[Stack]<UL><LI>Max Depth = 168<LI>Call Chain = Create_StartScreen &rArr; AddPageControlObj &rArr;  AddPageControlObj (Cycle)
</UL>
<BR>[Calls]<UL><LI><a href="#[ee]">&gt;&gt;</a>&nbsp;&nbsp;&nbsp;NewRectControl
<LI><a href="#[ef]">&gt;&gt;</a>&nbsp;&nbsp;&nbsp;Create_PageObj
<LI><a href="#[f0]">&gt;&gt;</a>&nbsp;&nbsp;&nbsp;AddPageControlObj
</UL>
<BR>[Called By]<UL><LI><a href="#[d5]">&gt;&gt;</a>&nbsp;&nbsp;&nbsp;Show_StartScreen
</UL>

<P><STRONG><a name="[d5]"></a>Show_StartScreen</STRONG> (Thumb, 334 bytes, Stack size 8 bytes, uiframework.o(.text))
<BR><BR>[Stack]<UL><LI>Max Depth = 176<LI>Call Chain = Show_StartScreen &rArr; Create_StartScreen &rArr; AddPageControlObj &rArr;  AddPageControlObj (Cycle)
</UL>
<BR>[Calls]<UL><LI><a href="#[f3]">&gt;&gt;</a>&nbsp;&nbsp;&nbsp;LCD_SetFont
<LI><a href="#[f5]">&gt;&gt;</a>&nbsp;&nbsp;&nbsp;LCD_SetColors
<LI><a href="#[f2]">&gt;&gt;</a>&nbsp;&nbsp;&nbsp;LCD_DrawFullRect
<LI><a href="#[f4]">&gt;&gt;</a>&nbsp;&nbsp;&nbsp;LCD_DisplayStringLineInRect
<LI><a href="#[f6]">&gt;&gt;</a>&nbsp;&nbsp;&nbsp;LCD_DisplayStringLine
<LI><a href="#[f1]">&gt;&gt;</a>&nbsp;&nbsp;&nbsp;LCD_Clear
<LI><a href="#[ed]">&gt;&gt;</a>&nbsp;&nbsp;&nbsp;Create_StartScreen
<LI><a href="#[ec]">&gt;&gt;</a>&nbsp;&nbsp;&nbsp;UARTprintf
</UL>
<BR>[Called By]<UL><LI><a href="#[8c]">&gt;&gt;</a>&nbsp;&nbsp;&nbsp;ParametersWaterScreen_BackToStart
<LI><a href="#[86]">&gt;&gt;</a>&nbsp;&nbsp;&nbsp;ParametersFitrationPeriodScreen_BackToStart
<LI><a href="#[80]">&gt;&gt;</a>&nbsp;&nbsp;&nbsp;ParametersPoolVolumeScreen_BackToStart
<LI><a href="#[7c]">&gt;&gt;</a>&nbsp;&nbsp;&nbsp;ParametersScreen_BackToStart
<LI><a href="#[78]">&gt;&gt;</a>&nbsp;&nbsp;&nbsp;DosingTestStartStopScreen_BackToStart
<LI><a href="#[74]">&gt;&gt;</a>&nbsp;&nbsp;&nbsp;DosingTestStopStopScreen_BackToStart
<LI><a href="#[70]">&gt;&gt;</a>&nbsp;&nbsp;&nbsp;DosingTestStopStartScreen_BackToStart
<LI><a href="#[6c]">&gt;&gt;</a>&nbsp;&nbsp;&nbsp;DosingTestStartStartScreen_BackToStart
<LI><a href="#[66]">&gt;&gt;</a>&nbsp;&nbsp;&nbsp;SettingsScreen_BackToStart
<LI><a href="#[c1]">&gt;&gt;</a>&nbsp;&nbsp;&nbsp;main
<LI><a href="#[f7]">&gt;&gt;</a>&nbsp;&nbsp;&nbsp;Show_HomeScreen
</UL>

<P><STRONG><a name="[f7]"></a>Show_HomeScreen</STRONG> (Thumb, 8 bytes, Stack size 8 bytes, uiframework.o(.text), UNUSED)
<BR><BR>[Calls]<UL><LI><a href="#[d5]">&gt;&gt;</a>&nbsp;&nbsp;&nbsp;Show_StartScreen
</UL>

<P><STRONG><a name="[f8]"></a>Create_SettingsScreen</STRONG> (Thumb, 170 bytes, Stack size 32 bytes, uiframework.o(.text))
<BR><BR>[Stack]<UL><LI>Max Depth = 192<LI>Call Chain = Create_SettingsScreen &rArr; AddPageControlObj &rArr;  AddPageControlObj (Cycle)
</UL>
<BR>[Calls]<UL><LI><a href="#[ee]">&gt;&gt;</a>&nbsp;&nbsp;&nbsp;NewRectControl
<LI><a href="#[ef]">&gt;&gt;</a>&nbsp;&nbsp;&nbsp;Create_PageObj
<LI><a href="#[f0]">&gt;&gt;</a>&nbsp;&nbsp;&nbsp;AddPageControlObj
</UL>
<BR>[Called By]<UL><LI><a href="#[e3]">&gt;&gt;</a>&nbsp;&nbsp;&nbsp;Show_SettingsScreen
</UL>

<P><STRONG><a name="[e3]"></a>Show_SettingsScreen</STRONG> (Thumb, 306 bytes, Stack size 8 bytes, uiframework.o(.text))
<BR><BR>[Stack]<UL><LI>Max Depth = 200<LI>Call Chain = Show_SettingsScreen &rArr; Create_SettingsScreen &rArr; AddPageControlObj &rArr;  AddPageControlObj (Cycle)
</UL>
<BR>[Calls]<UL><LI><a href="#[f3]">&gt;&gt;</a>&nbsp;&nbsp;&nbsp;LCD_SetFont
<LI><a href="#[f5]">&gt;&gt;</a>&nbsp;&nbsp;&nbsp;LCD_SetColors
<LI><a href="#[f9]">&gt;&gt;</a>&nbsp;&nbsp;&nbsp;LCD_DrawRect
<LI><a href="#[f2]">&gt;&gt;</a>&nbsp;&nbsp;&nbsp;LCD_DrawFullRect
<LI><a href="#[f4]">&gt;&gt;</a>&nbsp;&nbsp;&nbsp;LCD_DisplayStringLineInRect
<LI><a href="#[f6]">&gt;&gt;</a>&nbsp;&nbsp;&nbsp;LCD_DisplayStringLine
<LI><a href="#[f1]">&gt;&gt;</a>&nbsp;&nbsp;&nbsp;LCD_Clear
<LI><a href="#[f8]">&gt;&gt;</a>&nbsp;&nbsp;&nbsp;Create_SettingsScreen
<LI><a href="#[ec]">&gt;&gt;</a>&nbsp;&nbsp;&nbsp;UARTprintf
</UL>
<BR>[Called By]<UL><LI><a href="#[7b]">&gt;&gt;</a>&nbsp;&nbsp;&nbsp;ParametersScreen_Back
<LI><a href="#[77]">&gt;&gt;</a>&nbsp;&nbsp;&nbsp;DosingTestStartStopScreen_Back
<LI><a href="#[73]">&gt;&gt;</a>&nbsp;&nbsp;&nbsp;DosingTestStopStopScreen_Back
<LI><a href="#[6f]">&gt;&gt;</a>&nbsp;&nbsp;&nbsp;DosingTestStopStartScreen_Back
<LI><a href="#[6b]">&gt;&gt;</a>&nbsp;&nbsp;&nbsp;DosingTestStartStartScreen_Back
<LI><a href="#[64]">&gt;&gt;</a>&nbsp;&nbsp;&nbsp;StartScreen_Setting
</UL>

<P><STRONG><a name="[fa]"></a>Create_DosingTestStartStartScreen</STRONG> (Thumb, 118 bytes, Stack size 24 bytes, uiframework.o(.text))
<BR><BR>[Stack]<UL><LI>Max Depth = 184<LI>Call Chain = Create_DosingTestStartStartScreen &rArr; AddPageControlObj &rArr;  AddPageControlObj (Cycle)
</UL>
<BR>[Calls]<UL><LI><a href="#[ee]">&gt;&gt;</a>&nbsp;&nbsp;&nbsp;NewRectControl
<LI><a href="#[ef]">&gt;&gt;</a>&nbsp;&nbsp;&nbsp;Create_PageObj
<LI><a href="#[f0]">&gt;&gt;</a>&nbsp;&nbsp;&nbsp;AddPageControlObj
</UL>
<BR>[Called By]<UL><LI><a href="#[e5]">&gt;&gt;</a>&nbsp;&nbsp;&nbsp;Show_DosingTestStartStartScreen
</UL>

<P><STRONG><a name="[e5]"></a>Show_DosingTestStartStartScreen</STRONG> (Thumb, 782 bytes, Stack size 8 bytes, uiframework.o(.text))
<BR><BR>[Stack]<UL><LI>Max Depth = 192<LI>Call Chain = Show_DosingTestStartStartScreen &rArr; Create_DosingTestStartStartScreen &rArr; AddPageControlObj &rArr;  AddPageControlObj (Cycle)
</UL>
<BR>[Calls]<UL><LI><a href="#[fb]">&gt;&gt;</a>&nbsp;&nbsp;&nbsp;LCD_SetTextColor
<LI><a href="#[f3]">&gt;&gt;</a>&nbsp;&nbsp;&nbsp;LCD_SetFont
<LI><a href="#[f5]">&gt;&gt;</a>&nbsp;&nbsp;&nbsp;LCD_SetColors
<LI><a href="#[f9]">&gt;&gt;</a>&nbsp;&nbsp;&nbsp;LCD_DrawRect
<LI><a href="#[f2]">&gt;&gt;</a>&nbsp;&nbsp;&nbsp;LCD_DrawFullRect
<LI><a href="#[f4]">&gt;&gt;</a>&nbsp;&nbsp;&nbsp;LCD_DisplayStringLineInRect
<LI><a href="#[f6]">&gt;&gt;</a>&nbsp;&nbsp;&nbsp;LCD_DisplayStringLine
<LI><a href="#[f1]">&gt;&gt;</a>&nbsp;&nbsp;&nbsp;LCD_Clear
<LI><a href="#[fa]">&gt;&gt;</a>&nbsp;&nbsp;&nbsp;Create_DosingTestStartStartScreen
<LI><a href="#[ec]">&gt;&gt;</a>&nbsp;&nbsp;&nbsp;UARTprintf
</UL>
<BR>[Called By]<UL><LI><a href="#[7a]">&gt;&gt;</a>&nbsp;&nbsp;&nbsp;DosingTestStartStopScreen_StopPh
<LI><a href="#[71]">&gt;&gt;</a>&nbsp;&nbsp;&nbsp;DosingTestStopStartScreen_StopDisinf
<LI><a href="#[69]">&gt;&gt;</a>&nbsp;&nbsp;&nbsp;SettingsScreen_DosingTest
</UL>

<P><STRONG><a name="[fc]"></a>Create_DosingTestStopStartScreen</STRONG> (Thumb, 118 bytes, Stack size 24 bytes, uiframework.o(.text))
<BR><BR>[Stack]<UL><LI>Max Depth = 184<LI>Call Chain = Create_DosingTestStopStartScreen &rArr; AddPageControlObj &rArr;  AddPageControlObj (Cycle)
</UL>
<BR>[Calls]<UL><LI><a href="#[ee]">&gt;&gt;</a>&nbsp;&nbsp;&nbsp;NewRectControl
<LI><a href="#[ef]">&gt;&gt;</a>&nbsp;&nbsp;&nbsp;Create_PageObj
<LI><a href="#[f0]">&gt;&gt;</a>&nbsp;&nbsp;&nbsp;AddPageControlObj
</UL>
<BR>[Called By]<UL><LI><a href="#[e7]">&gt;&gt;</a>&nbsp;&nbsp;&nbsp;Show_DosingTestStopStartScreen
</UL>

<P><STRONG><a name="[e7]"></a>Show_DosingTestStopStartScreen</STRONG> (Thumb, 450 bytes, Stack size 8 bytes, uiframework.o(.text))
<BR><BR>[Stack]<UL><LI>Max Depth = 192<LI>Call Chain = Show_DosingTestStopStartScreen &rArr; Create_DosingTestStopStartScreen &rArr; AddPageControlObj &rArr;  AddPageControlObj (Cycle)
</UL>
<BR>[Calls]<UL><LI><a href="#[fb]">&gt;&gt;</a>&nbsp;&nbsp;&nbsp;LCD_SetTextColor
<LI><a href="#[f3]">&gt;&gt;</a>&nbsp;&nbsp;&nbsp;LCD_SetFont
<LI><a href="#[f5]">&gt;&gt;</a>&nbsp;&nbsp;&nbsp;LCD_SetColors
<LI><a href="#[f9]">&gt;&gt;</a>&nbsp;&nbsp;&nbsp;LCD_DrawRect
<LI><a href="#[f2]">&gt;&gt;</a>&nbsp;&nbsp;&nbsp;LCD_DrawFullRect
<LI><a href="#[f4]">&gt;&gt;</a>&nbsp;&nbsp;&nbsp;LCD_DisplayStringLineInRect
<LI><a href="#[f6]">&gt;&gt;</a>&nbsp;&nbsp;&nbsp;LCD_DisplayStringLine
<LI><a href="#[f1]">&gt;&gt;</a>&nbsp;&nbsp;&nbsp;LCD_Clear
<LI><a href="#[fc]">&gt;&gt;</a>&nbsp;&nbsp;&nbsp;Create_DosingTestStopStartScreen
<LI><a href="#[ec]">&gt;&gt;</a>&nbsp;&nbsp;&nbsp;UARTprintf
</UL>
<BR>[Called By]<UL><LI><a href="#[79]">&gt;&gt;</a>&nbsp;&nbsp;&nbsp;DosingTestStartStopScreen_StartDisinf
<LI><a href="#[76]">&gt;&gt;</a>&nbsp;&nbsp;&nbsp;DosingTestStopStopScreen_StopPh
<LI><a href="#[6d]">&gt;&gt;</a>&nbsp;&nbsp;&nbsp;DosingTestStartStartScreen_StartDisinf
<LI><a href="#[69]">&gt;&gt;</a>&nbsp;&nbsp;&nbsp;SettingsScreen_DosingTest
</UL>

<P><STRONG><a name="[fd]"></a>Create_DosingTestStopStopScreen</STRONG> (Thumb, 260 bytes, Stack size 24 bytes, uiframework.o(.text))
<BR><BR>[Stack]<UL><LI>Max Depth = 184<LI>Call Chain = Create_DosingTestStopStopScreen &rArr; AddPageControlObj &rArr;  AddPageControlObj (Cycle)
</UL>
<BR>[Calls]<UL><LI><a href="#[ee]">&gt;&gt;</a>&nbsp;&nbsp;&nbsp;NewRectControl
<LI><a href="#[ef]">&gt;&gt;</a>&nbsp;&nbsp;&nbsp;Create_PageObj
<LI><a href="#[f0]">&gt;&gt;</a>&nbsp;&nbsp;&nbsp;AddPageControlObj
</UL>
<BR>[Called By]<UL><LI><a href="#[e8]">&gt;&gt;</a>&nbsp;&nbsp;&nbsp;Show_DosingTestStopStopScreen
</UL>

<P><STRONG><a name="[e8]"></a>Show_DosingTestStopStopScreen</STRONG> (Thumb, 468 bytes, Stack size 8 bytes, uiframework.o(.text))
<BR><BR>[Stack]<UL><LI>Max Depth = 192<LI>Call Chain = Show_DosingTestStopStopScreen &rArr; Create_DosingTestStopStopScreen &rArr; AddPageControlObj &rArr;  AddPageControlObj (Cycle)
</UL>
<BR>[Calls]<UL><LI><a href="#[fb]">&gt;&gt;</a>&nbsp;&nbsp;&nbsp;LCD_SetTextColor
<LI><a href="#[f3]">&gt;&gt;</a>&nbsp;&nbsp;&nbsp;LCD_SetFont
<LI><a href="#[f5]">&gt;&gt;</a>&nbsp;&nbsp;&nbsp;LCD_SetColors
<LI><a href="#[f9]">&gt;&gt;</a>&nbsp;&nbsp;&nbsp;LCD_DrawRect
<LI><a href="#[f2]">&gt;&gt;</a>&nbsp;&nbsp;&nbsp;LCD_DrawFullRect
<LI><a href="#[f4]">&gt;&gt;</a>&nbsp;&nbsp;&nbsp;LCD_DisplayStringLineInRect
<LI><a href="#[f6]">&gt;&gt;</a>&nbsp;&nbsp;&nbsp;LCD_DisplayStringLine
<LI><a href="#[f1]">&gt;&gt;</a>&nbsp;&nbsp;&nbsp;LCD_Clear
<LI><a href="#[fd]">&gt;&gt;</a>&nbsp;&nbsp;&nbsp;Create_DosingTestStopStopScreen
<LI><a href="#[ec]">&gt;&gt;</a>&nbsp;&nbsp;&nbsp;UARTprintf
</UL>
<BR>[Called By]<UL><LI><a href="#[72]">&gt;&gt;</a>&nbsp;&nbsp;&nbsp;DosingTestStopStartScreen_StartPh
<LI><a href="#[69]">&gt;&gt;</a>&nbsp;&nbsp;&nbsp;SettingsScreen_DosingTest
</UL>

<P><STRONG><a name="[fe]"></a>Create_DosingTestStartStopScreen</STRONG> (Thumb, 118 bytes, Stack size 24 bytes, uiframework.o(.text))
<BR><BR>[Stack]<UL><LI>Max Depth = 184<LI>Call Chain = Create_DosingTestStartStopScreen &rArr; AddPageControlObj &rArr;  AddPageControlObj (Cycle)
</UL>
<BR>[Calls]<UL><LI><a href="#[ee]">&gt;&gt;</a>&nbsp;&nbsp;&nbsp;NewRectControl
<LI><a href="#[ef]">&gt;&gt;</a>&nbsp;&nbsp;&nbsp;Create_PageObj
<LI><a href="#[f0]">&gt;&gt;</a>&nbsp;&nbsp;&nbsp;AddPageControlObj
</UL>
<BR>[Called By]<UL><LI><a href="#[e6]">&gt;&gt;</a>&nbsp;&nbsp;&nbsp;Show_DosingTestStartStopScreen
</UL>

<P><STRONG><a name="[e6]"></a>Show_DosingTestStartStopScreen</STRONG> (Thumb, 580 bytes, Stack size 8 bytes, uiframework.o(.text))
<BR><BR>[Stack]<UL><LI>Max Depth = 192<LI>Call Chain = Show_DosingTestStartStopScreen &rArr; Create_DosingTestStartStopScreen &rArr; AddPageControlObj &rArr;  AddPageControlObj (Cycle)
</UL>
<BR>[Calls]<UL><LI><a href="#[fb]">&gt;&gt;</a>&nbsp;&nbsp;&nbsp;LCD_SetTextColor
<LI><a href="#[f3]">&gt;&gt;</a>&nbsp;&nbsp;&nbsp;LCD_SetFont
<LI><a href="#[f5]">&gt;&gt;</a>&nbsp;&nbsp;&nbsp;LCD_SetColors
<LI><a href="#[f9]">&gt;&gt;</a>&nbsp;&nbsp;&nbsp;LCD_DrawRect
<LI><a href="#[f2]">&gt;&gt;</a>&nbsp;&nbsp;&nbsp;LCD_DrawFullRect
<LI><a href="#[f4]">&gt;&gt;</a>&nbsp;&nbsp;&nbsp;LCD_DisplayStringLineInRect
<LI><a href="#[f6]">&gt;&gt;</a>&nbsp;&nbsp;&nbsp;LCD_DisplayStringLine
<LI><a href="#[f1]">&gt;&gt;</a>&nbsp;&nbsp;&nbsp;LCD_Clear
<LI><a href="#[fe]">&gt;&gt;</a>&nbsp;&nbsp;&nbsp;Create_DosingTestStartStopScreen
<LI><a href="#[ec]">&gt;&gt;</a>&nbsp;&nbsp;&nbsp;UARTprintf
</UL>
<BR>[Called By]<UL><LI><a href="#[75]">&gt;&gt;</a>&nbsp;&nbsp;&nbsp;DosingTestStopStopScreen_StopDisinf
<LI><a href="#[6e]">&gt;&gt;</a>&nbsp;&nbsp;&nbsp;DosingTestStartStartScreen_StartPh
<LI><a href="#[69]">&gt;&gt;</a>&nbsp;&nbsp;&nbsp;SettingsScreen_DosingTest
</UL>

<P><STRONG><a name="[ff]"></a>Create_ParametersScreen</STRONG> (Thumb, 118 bytes, Stack size 24 bytes, uiframework.o(.text))
<BR><BR>[Stack]<UL><LI>Max Depth = 184<LI>Call Chain = Create_ParametersScreen &rArr; AddPageControlObj &rArr;  AddPageControlObj (Cycle)
</UL>
<BR>[Calls]<UL><LI><a href="#[ee]">&gt;&gt;</a>&nbsp;&nbsp;&nbsp;NewRectControl
<LI><a href="#[ef]">&gt;&gt;</a>&nbsp;&nbsp;&nbsp;Create_PageObj
<LI><a href="#[f0]">&gt;&gt;</a>&nbsp;&nbsp;&nbsp;AddPageControlObj
</UL>
<BR>[Called By]<UL><LI><a href="#[e4]">&gt;&gt;</a>&nbsp;&nbsp;&nbsp;Show_ParametersScreen
</UL>

<P><STRONG><a name="[e4]"></a>Show_ParametersScreen</STRONG> (Thumb, 374 bytes, Stack size 8 bytes, uiframework.o(.text))
<BR><BR>[Stack]<UL><LI>Max Depth = 192<LI>Call Chain = Show_ParametersScreen &rArr; Create_ParametersScreen &rArr; AddPageControlObj &rArr;  AddPageControlObj (Cycle)
</UL>
<BR>[Calls]<UL><LI><a href="#[f3]">&gt;&gt;</a>&nbsp;&nbsp;&nbsp;LCD_SetFont
<LI><a href="#[f5]">&gt;&gt;</a>&nbsp;&nbsp;&nbsp;LCD_SetColors
<LI><a href="#[f9]">&gt;&gt;</a>&nbsp;&nbsp;&nbsp;LCD_DrawRect
<LI><a href="#[f2]">&gt;&gt;</a>&nbsp;&nbsp;&nbsp;LCD_DrawFullRect
<LI><a href="#[f4]">&gt;&gt;</a>&nbsp;&nbsp;&nbsp;LCD_DisplayStringLineInRect
<LI><a href="#[f6]">&gt;&gt;</a>&nbsp;&nbsp;&nbsp;LCD_DisplayStringLine
<LI><a href="#[f1]">&gt;&gt;</a>&nbsp;&nbsp;&nbsp;LCD_Clear
<LI><a href="#[ff]">&gt;&gt;</a>&nbsp;&nbsp;&nbsp;Create_ParametersScreen
<LI><a href="#[ec]">&gt;&gt;</a>&nbsp;&nbsp;&nbsp;UARTprintf
</UL>
<BR>[Called By]<UL><LI><a href="#[8b]">&gt;&gt;</a>&nbsp;&nbsp;&nbsp;ParametersWaterScreen_Back
<LI><a href="#[85]">&gt;&gt;</a>&nbsp;&nbsp;&nbsp;ParametersFitrationPeriodScreen_Back
<LI><a href="#[7f]">&gt;&gt;</a>&nbsp;&nbsp;&nbsp;ParametersPoolVolumeScreen_Back
<LI><a href="#[67]">&gt;&gt;</a>&nbsp;&nbsp;&nbsp;SettingsScreen_Parameters
</UL>

<P><STRONG><a name="[100]"></a>Create_ParametersPoolVolumeScreen</STRONG> (Thumb, 170 bytes, Stack size 32 bytes, uiframework.o(.text))
<BR><BR>[Stack]<UL><LI>Max Depth = 192<LI>Call Chain = Create_ParametersPoolVolumeScreen &rArr; AddPageControlObj &rArr;  AddPageControlObj (Cycle)
</UL>
<BR>[Calls]<UL><LI><a href="#[ee]">&gt;&gt;</a>&nbsp;&nbsp;&nbsp;NewRectControl
<LI><a href="#[ef]">&gt;&gt;</a>&nbsp;&nbsp;&nbsp;Create_PageObj
<LI><a href="#[f0]">&gt;&gt;</a>&nbsp;&nbsp;&nbsp;AddPageControlObj
</UL>
<BR>[Called By]<UL><LI><a href="#[e9]">&gt;&gt;</a>&nbsp;&nbsp;&nbsp;Show_ParametersPoolVolumeScreen
</UL>

<P><STRONG><a name="[e9]"></a>Show_ParametersPoolVolumeScreen</STRONG> (Thumb, 688 bytes, Stack size 8 bytes, uiframework.o(.text))
<BR><BR>[Stack]<UL><LI>Max Depth = 200<LI>Call Chain = Show_ParametersPoolVolumeScreen &rArr; Create_ParametersPoolVolumeScreen &rArr; AddPageControlObj &rArr;  AddPageControlObj (Cycle)
</UL>
<BR>[Calls]<UL><LI><a href="#[fb]">&gt;&gt;</a>&nbsp;&nbsp;&nbsp;LCD_SetTextColor
<LI><a href="#[f3]">&gt;&gt;</a>&nbsp;&nbsp;&nbsp;LCD_SetFont
<LI><a href="#[f5]">&gt;&gt;</a>&nbsp;&nbsp;&nbsp;LCD_SetColors
<LI><a href="#[f9]">&gt;&gt;</a>&nbsp;&nbsp;&nbsp;LCD_DrawRect
<LI><a href="#[f2]">&gt;&gt;</a>&nbsp;&nbsp;&nbsp;LCD_DrawFullRect
<LI><a href="#[f4]">&gt;&gt;</a>&nbsp;&nbsp;&nbsp;LCD_DisplayStringLineInRect
<LI><a href="#[f6]">&gt;&gt;</a>&nbsp;&nbsp;&nbsp;LCD_DisplayStringLine
<LI><a href="#[f1]">&gt;&gt;</a>&nbsp;&nbsp;&nbsp;LCD_Clear
<LI><a href="#[100]">&gt;&gt;</a>&nbsp;&nbsp;&nbsp;Create_ParametersPoolVolumeScreen
<LI><a href="#[ec]">&gt;&gt;</a>&nbsp;&nbsp;&nbsp;UARTprintf
</UL>
<BR>[Called By]<UL><LI><a href="#[8a]">&gt;&gt;</a>&nbsp;&nbsp;&nbsp;ParametersFitrationPeriodScreen_PoolVolume
[...]
</UL>
<BR>[Calls]<UL><LI><a href="#[d3]">&gt;&gt;</a>&nbsp;&nbsp;&nbsp;GL_SetTextColor
<LI><a href="#[d0]">&gt;&gt;</a>&nbsp;&nbsp;&nbsp;GL_SetFont
<LI><a href="#[12c]">&gt;&gt;</a>&nbsp;&nbsp;&nbsp;GL_DrawButtonBMP
<LI><a href="#[10b]">&gt;&gt;</a>&nbsp;&nbsp;&nbsp;GL_DisplayAdjStringLine
<LI><a href="#[12e]">&gt;&gt;</a>&nbsp;&nbsp;&nbsp;strlen
</UL>
<BR>[Address Reference Count : 1]<UL><LI> graphicobject.o(.text)
</UL>
<P><STRONG><a name="[99]"></a>SetSwitchVisible</STRONG> (Thumb, 466 bytes, Stack size 56 bytes, graphicobject.o(.text))
<BR><BR>[Stack]<UL><LI>Max Depth = 200<LI>Call Chain = SetSwitchVisible &rArr; GL_DisplayAdjStringLine &rArr; GL_LCD_DisplayChar &rArr; GL_LCD_DrawChar &rArr; LCD_PutPixel &rArr; SSD1963_PutPixel &rArr; LCD_SetArea
</UL>
<BR>[Calls]<UL><LI><a href="#[d3]">&gt;&gt;</a>&nbsp;&nbsp;&nbsp;GL_SetTextColor
<LI><a href="#[d0]">&gt;&gt;</a>&nbsp;&nbsp;&nbsp;GL_SetFont
<LI><a href="#[d4]">&gt;&gt;</a>&nbsp;&nbsp;&nbsp;GL_SetBackColor
<LI><a href="#[12c]">&gt;&gt;</a>&nbsp;&nbsp;&nbsp;GL_DrawButtonBMP
<LI><a href="#[10b]">&gt;&gt;</a>&nbsp;&nbsp;&nbsp;GL_DisplayAdjStringLine
<LI><a href="#[12e]">&gt;&gt;</a>&nbsp;&nbsp;&nbsp;strlen
</UL>
<BR>[Address Reference Count : 1]<UL><LI> graphicobject.o(.text)
</UL>
<P><STRONG><a name="[98]"></a>SetButtonVisible</STRONG> (Thumb, 476 bytes, Stack size 56 bytes, graphicobject.o(.text))
<BR><BR>[Stack]<UL><LI>Max Depth = 200<LI>Call Chain = SetButtonVisible &rArr; GL_DisplayAdjStringLine &rArr; GL_LCD_DisplayChar &rArr; GL_LCD_DrawChar &rArr; LCD_PutPixel &rArr; SSD1963_PutPixel &rArr; LCD_SetArea
</UL>
<BR>[Calls]<UL><LI><a href="#[d3]">&gt;&gt;</a>&nbsp;&nbsp;&nbsp;GL_SetTextColor
<LI><a href="#[d0]">&gt;&gt;</a>&nbsp;&nbsp;&nbsp;GL_SetFont
<LI><a href="#[d4]">&gt;&gt;</a>&nbsp;&nbsp;&nbsp;GL_SetBackColor
<LI><a href="#[12c]">&gt;&gt;</a>&nbsp;&nbsp;&nbsp;GL_DrawButtonBMP
<LI><a href="#[10b]">&gt;&gt;</a>&nbsp;&nbsp;&nbsp;GL_DisplayAdjStringLine
<LI><a href="#[12e]">&gt;&gt;</a>&nbsp;&nbsp;&nbsp;strlen
</UL>
<BR>[Address Reference Count : 1]<UL><LI> graphicobject.o(.text)
</UL>
<P><STRONG><a name="[97]"></a>SetComboBoxVisible</STRONG> (Thumb, 416 bytes, Stack size 40 bytes, graphicobject.o(.text))
<BR><BR>[Stack]<UL><LI>Max Depth = 184<LI>Call Chain = SetComboBoxVisible &rArr; GL_DisplayAdjStringLine &rArr; GL_LCD_DisplayChar &rArr; GL_LCD_DrawChar &rArr; LCD_PutPixel &rArr; SSD1963_PutPixel &rArr; LCD_SetArea
</UL>
<BR>[Calls]<UL><LI><a href="#[d3]">&gt;&gt;</a>&nbsp;&nbsp;&nbsp;GL_SetTextColor
<LI><a href="#[d0]">&gt;&gt;</a>&nbsp;&nbsp;&nbsp;GL_SetFont
<LI><a href="#[d4]">&gt;&gt;</a>&nbsp;&nbsp;&nbsp;GL_SetBackColor
<LI><a href="#[12c]">&gt;&gt;</a>&nbsp;&nbsp;&nbsp;GL_DrawButtonBMP
<LI><a href="#[128]">&gt;&gt;</a>&nbsp;&nbsp;&nbsp;GL_DrawFilledRectangle
<LI><a href="#[10b]">&gt;&gt;</a>&nbsp;&nbsp;&nbsp;GL_DisplayAdjStringLine
</UL>
<BR>[Address Reference Count : 1]<UL><LI> graphicobject.o(.text)
</UL>
<P><STRONG><a name="[96]"></a>SetLabelVisible</STRONG> (Thumb, 268 bytes, Stack size 32 bytes, graphicobject.o(.text))
<BR><BR>[Stack]<UL><LI>Max Depth = 176<LI>Call Chain = SetLabelVisible &rArr; GL_DisplayAdjStringLine &rArr; GL_LCD_DisplayChar &rArr; GL_LCD_DrawChar &rArr; LCD_PutPixel &rArr; SSD1963_PutPixel &rArr; LCD_SetArea
</UL>
<BR>[Calls]<UL><LI><a href="#[d3]">&gt;&gt;</a>&nbsp;&nbsp;&nbsp;GL_SetTextColor
<LI><a href="#[d0]">&gt;&gt;</a>&nbsp;&nbsp;&nbsp;GL_SetFont
<LI><a href="#[11e]">&gt;&gt;</a>&nbsp;&nbsp;&nbsp;LCD_PrintStringLine
<LI><a href="#[155]">&gt;&gt;</a>&nbsp;&nbsp;&nbsp;LCD_Change_Direction
<LI><a href="#[10b]">&gt;&gt;</a>&nbsp;&nbsp;&nbsp;GL_DisplayAdjStringLine
<LI><a href="#[12e]">&gt;&gt;</a>&nbsp;&nbsp;&nbsp;strlen
</UL>
<BR>[Address Reference Count : 1]<UL><LI> graphicobject.o(.text)
</UL>
<P><STRONG><a name="[a2]"></a>GetObjCoordinates</STRONG> (Thumb, 462 bytes, Stack size 24 bytes, graphicobject.o(.text))
<BR><BR>[Stack]<UL><LI>Max Depth = 24<LI>Call Chain = GetObjCoordinates
</UL>
<BR>[Address Reference Count : 1]<UL><LI> graphicobject.o(.text)
</UL>
<P><STRONG><a name="[a1]"></a>SetPage</STRONG> (Thumb, 14 bytes, Stack size 0 bytes, graphicobject.o(.text))
<BR>[Address Reference Count : 1]<UL><LI> graphicobject.o(.text)
</UL>
<P><STRONG><a name="[160]"></a>GetObjSize</STRONG> (Thumb, 250 bytes, Stack size 24 bytes, graphicobject.o(.text))
<BR><BR>[Stack]<UL><LI>Max Depth = 144<LI>Call Chain = GetObjSize &rArr; UARTprintf &rArr; __aeabi_d2f
</UL>
<BR>[Calls]<UL><LI><a href="#[ec]">&gt;&gt;</a>&nbsp;&nbsp;&nbsp;UARTprintf
<LI><a href="#[12e]">&gt;&gt;</a>&nbsp;&nbsp;&nbsp;strlen
</UL>
<BR>[Called By]<UL><LI><a href="#[ca]">&gt;&gt;</a>&nbsp;&nbsp;&nbsp;ProcessInputData
</UL>

<P><STRONG><a name="[163]"></a>CallPreEvents</STRONG> (Thumb, 1002 bytes, Stack size 56 bytes, graphicobject.o(.text))
<BR><BR>[Stack]<UL><LI>Max Depth = 176<LI>Call Chain = CallPreEvents &rArr; UARTprintf &rArr; __aeabi_d2f
</UL>
<BR>[Calls]<UL><LI><a href="#[12c]">&gt;&gt;</a>&nbsp;&nbsp;&nbsp;GL_DrawButtonBMP
<LI><a href="#[123]">&gt;&gt;</a>&nbsp;&nbsp;&nbsp;GL_Delay
<LI><a href="#[120]">&gt;&gt;</a>&nbsp;&nbsp;&nbsp;CursorDraw
<LI><a href="#[ec]">&gt;&gt;</a>&nbsp;&nbsp;&nbsp;UARTprintf
</UL>
<BR>[Called By]<UL><LI><a href="#[ca]">&gt;&gt;</a>&nbsp;&nbsp;&nbsp;ProcessInputData
</UL>

<P><STRONG><a name="[164]"></a>CallEvent</STRONG> (Thumb, 198 bytes, Stack size 24 bytes, graphicobject.o(.text))
<BR><BR>[Stack]<UL><LI>Max Depth = 144<LI>Call Chain = CallEvent &rArr; UARTprintf &rArr; __aeabi_d2f
</UL>
<BR>[Calls]<UL><LI><a href="#[ec]">&gt;&gt;</a>&nbsp;&nbsp;&nbsp;UARTprintf
</UL>
<BR>[Called By]<UL><LI><a href="#[ca]">&gt;&gt;</a>&nbsp;&nbsp;&nbsp;ProcessInputData
</UL>

<P><STRONG><a name="[166]"></a>Create_NewRectControl</STRONG> (Thumb, 20 bytes, Stack size 0 bytes, graphicobject.o(.text))
<BR><BR>[Called By]<UL><LI><a href="#[ee]">&gt;&gt;</a>&nbsp;&nbsp;&nbsp;NewRectControl
</UL>

<P><STRONG><a name="[178]"></a>delay</STRONG> (Thumb, 34 bytes, Stack size 12 bytes, stm32f4_discovery_lcd_ssd1963.o(.text))
<BR><BR>[Stack]<UL><LI>Max Depth = 12<LI>Call Chain = delay
</UL>
<BR>[Called By]<UL><LI><a href="#[177]">&gt;&gt;</a>&nbsp;&nbsp;&nbsp;STM324xG_LCD_Reset
</UL>

<P><STRONG><a name="[18e]"></a>LCD_PolyLineRelativeClosed</STRONG> (Thumb, 118 bytes, Stack size 28 bytes, stm32f4_discovery_lcd_ssd1963.o(.text), UNUSED)
<BR><BR>[Calls]<UL><LI><a href="#[18c]">&gt;&gt;</a>&nbsp;&nbsp;&nbsp;LCD_DrawUniLine
</UL>
<BR>[Called By]<UL><LI><a href="#[191]">&gt;&gt;</a>&nbsp;&nbsp;&nbsp;LCD_ClosedPolyLineRelative
<LI><a href="#[190]">&gt;&gt;</a>&nbsp;&nbsp;&nbsp;LCD_PolyLineRelative
</UL>

<P><STRONG><a name="[19c]"></a>DelayUS</STRONG> (Thumb, 32 bytes, Stack size 8 bytes, stm32f4_discovery_tsc2046.o(.text))
<BR><BR>[Stack]<UL><LI>Max Depth = 8<LI>Call Chain = DelayUS
</UL>
<BR>[Called By]<UL><LI><a href="#[d1]">&gt;&gt;</a>&nbsp;&nbsp;&nbsp;TP_Init
<LI><a href="#[1ab]">&gt;&gt;</a>&nbsp;&nbsp;&nbsp;TouchPanel_Calibrate
<LI><a href="#[1a0]">&gt;&gt;</a>&nbsp;&nbsp;&nbsp;TP_GetAdXY
<LI><a href="#[19f]">&gt;&gt;</a>&nbsp;&nbsp;&nbsp;Read_Y
<LI><a href="#[19e]">&gt;&gt;</a>&nbsp;&nbsp;&nbsp;Read_X
<LI><a href="#[19d]">&gt;&gt;</a>&nbsp;&nbsp;&nbsp;RD_AD
</UL>

<P><STRONG><a name="[197]"></a>TSC2046_SPI_Init</STRONG> (Thumb, 198 bytes, Stack size 40 bytes, stm32f4_discovery_tsc2046.o(.text))
<BR><BR>[Stack]<UL><LI>Max Depth = 60<LI>Call Chain = TSC2046_SPI_Init &rArr; GPIO_PinAFConfig
</UL>
<BR>[Calls]<UL><LI><a href="#[16a]">&gt;&gt;</a>&nbsp;&nbsp;&nbsp;RCC_APB1PeriphClockCmd
<LI><a href="#[169]">&gt;&gt;</a>&nbsp;&nbsp;&nbsp;RCC_AHB1PeriphClockCmd
<LI><a href="#[16d]">&gt;&gt;</a>&nbsp;&nbsp;&nbsp;GPIO_PinAFConfig
<LI><a href="#[16c]">&gt;&gt;</a>&nbsp;&nbsp;&nbsp;GPIO_Init
<LI><a href="#[199]">&gt;&gt;</a>&nbsp;&nbsp;&nbsp;SPI_StructInit
<LI><a href="#[19a]">&gt;&gt;</a>&nbsp;&nbsp;&nbsp;SPI_Init
<LI><a href="#[198]">&gt;&gt;</a>&nbsp;&nbsp;&nbsp;SPI_I2S_DeInit
<LI><a href="#[19b]">&gt;&gt;</a>&nbsp;&nbsp;&nbsp;SPI_Cmd
</UL>
<BR>[Called By]<UL><LI><a href="#[d1]">&gt;&gt;</a>&nbsp;&nbsp;&nbsp;TP_Init
</UL>

<P><STRONG><a name="[19d]"></a>RD_AD</STRONG> (Thumb, 116 bytes, Stack size 16 bytes, stm32f4_discovery_tsc2046.o(.text))
<BR><BR>[Stack]<UL><LI>Max Depth = 24<LI>Call Chain = RD_AD &rArr; DelayUS
</UL>
<BR>[Calls]<UL><LI><a href="#[195]">&gt;&gt;</a>&nbsp;&nbsp;&nbsp;SPI_I2S_SendData
<LI><a href="#[196]">&gt;&gt;</a>&nbsp;&nbsp;&nbsp;SPI_I2S_ReceiveData
<LI><a href="#[194]">&gt;&gt;</a>&nbsp;&nbsp;&nbsp;SPI_I2S_GetFlagStatus
<LI><a href="#[19c]">&gt;&gt;</a>&nbsp;&nbsp;&nbsp;DelayUS
</UL>
<BR>[Called By]<UL><LI><a href="#[19f]">&gt;&gt;</a>&nbsp;&nbsp;&nbsp;Read_Y
<LI><a href="#[19e]">&gt;&gt;</a>&nbsp;&nbsp;&nbsp;Read_X
</UL>

<P><STRONG><a name="[1a3]"></a>waitPenRelease</STRONG> (Thumb, 26 bytes, Stack size 8 bytes, stm32f4_discovery_tsc2046.o(.text))
<BR><BR>[Stack]<UL><LI>Max Depth = 176<LI>Call Chain = waitPenRelease &rArr; Read_tsc2046 &rArr; TP_GetAdXY &rArr; Read_Y &rArr; RD_AD &rArr; DelayUS
</UL>
<BR>[Calls]<UL><LI><a href="#[1a1]">&gt;&gt;</a>&nbsp;&nbsp;&nbsp;Read_tsc2046
</UL>
<BR>[Called By]<UL><LI><a href="#[1ab]">&gt;&gt;</a>&nbsp;&nbsp;&nbsp;TouchPanel_Calibrate
</UL>

<P><STRONG><a name="[1d5]"></a>ETH_Delay</STRONG> (Thumb, 28 bytes, Stack size 12 bytes, stm32f4x7_eth.o(.text), UNUSED)
<BR><BR>[Called By]<UL><LI><a href="#[1d3]">&gt;&gt;</a>&nbsp;&nbsp;&nbsp;ETH_Init
</UL>

<P><STRONG><a name="[1e5]"></a>prvInitialiseNewQueue</STRONG> (Thumb, 42 bytes, Stack size 24 bytes, queue.o(.text), UNUSED)
<BR><BR>[Calls]<UL><LI><a href="#[1e0]">&gt;&gt;</a>&nbsp;&nbsp;&nbsp;xQueueGenericReset
</UL>
<BR>[Called By]<UL><LI><a href="#[1e6]">&gt;&gt;</a>&nbsp;&nbsp;&nbsp;xQueueGenericCreate
</UL>

<P><STRONG><a name="[1e8]"></a>prvUnlockQueue</STRONG> (Thumb, 126 bytes, Stack size 16 bytes, queue.o(.text), UNUSED)
<BR><BR>[Calls]<UL><LI><a href="#[1e2]">&gt;&gt;</a>&nbsp;&nbsp;&nbsp;xTaskRemoveFromEventList
<LI><a href="#[1e9]">&gt;&gt;</a>&nbsp;&nbsp;&nbsp;vTaskMissedYield
<LI><a href="#[1e4]">&gt;&gt;</a>&nbsp;&nbsp;&nbsp;vPortExitCritical
<LI><a href="#[1e1]">&gt;&gt;</a>&nbsp;&nbsp;&nbsp;vPortEnterCritical
</UL>
<BR>[Called By]<UL><LI><a href="#[1ed]">&gt;&gt;</a>&nbsp;&nbsp;&nbsp;xQueueGenericSend
<LI><a href="#[1f9]">&gt;&gt;</a>&nbsp;&nbsp;&nbsp;xQueueGenericReceive
</UL>

<P><STRONG><a name="[1ea]"></a>prvIsQueueFull</STRONG> (Thumb, 30 bytes, Stack size 16 bytes, queue.o(.text), UNUSED)
<BR><BR>[Calls]<UL><LI><a href="#[1e4]">&gt;&gt;</a>&nbsp;&nbsp;&nbsp;vPortExitCritical
<LI><a href="#[1e1]">&gt;&gt;</a>&nbsp;&nbsp;&nbsp;vPortEnterCritical
</UL>
<BR>[Called By]<UL><LI><a href="#[1ed]">&gt;&gt;</a>&nbsp;&nbsp;&nbsp;xQueueGenericSend
</UL>

<P><STRONG><a name="[1eb]"></a>prvCopyDataToQueue</STRONG> (Thumb, 124 bytes, Stack size 24 bytes, queue.o(.text), UNUSED)
<BR><BR>[Calls]<UL><LI><a href="#[1ec]">&gt;&gt;</a>&nbsp;&nbsp;&nbsp;xTaskPriorityDisinherit
<LI><a href="#[145]">&gt;&gt;</a>&nbsp;&nbsp;&nbsp;__aeabi_memcpy
</UL>
<BR>[Called By]<UL><LI><a href="#[1fe]">&gt;&gt;</a>&nbsp;&nbsp;&nbsp;xQueueGenericSendFromISR
<LI><a href="#[1ed]">&gt;&gt;</a>&nbsp;&nbsp;&nbsp;xQueueGenericSend
</UL>

<P><STRONG><a name="[1f3]"></a>prvInitialiseMutex</STRONG> (Thumb, 28 bytes, Stack size 8 bytes, queue.o(.text), UNUSED)
<BR><BR>[Calls]<UL><LI><a href="#[1ed]">&gt;&gt;</a>&nbsp;&nbsp;&nbsp;xQueueGenericSend
</UL>
<BR>[Called By]<UL><LI><a href="#[1f4]">&gt;&gt;</a>&nbsp;&nbsp;&nbsp;xQueueCreateMutex
</UL>

<P><STRONG><a name="[1f7]"></a>prvIsQueueEmpty</STRONG> (Thumb, 30 bytes, Stack size 16 bytes, queue.o(.text), UNUSED)
<BR><BR>[Calls]<UL><LI><a href="#[1e4]">&gt;&gt;</a>&nbsp;&nbsp;&nbsp;vPortExitCritical
<LI><a href="#[1e1]">&gt;&gt;</a>&nbsp;&nbsp;&nbsp;vPortEnterCritical
</UL>
<BR>[Called By]<UL><LI><a href="#[1f9]">&gt;&gt;</a>&nbsp;&nbsp;&nbsp;xQueueGenericReceive
</UL>

<P><STRONG><a name="[1f8]"></a>prvCopyDataFromQueue</STRONG> (Thumb, 42 bytes, Stack size 16 bytes, queue.o(.text), UNUSED)
<BR><BR>[Calls]<UL><LI><a href="#[145]">&gt;&gt;</a>&nbsp;&nbsp;&nbsp;__aeabi_memcpy
</UL>
<BR>[Called By]<UL><LI><a href="#[201]">&gt;&gt;</a>&nbsp;&nbsp;&nbsp;xQueuePeekFromISR
<LI><a href="#[200]">&gt;&gt;</a>&nbsp;&nbsp;&nbsp;xQueueReceiveFromISR
<LI><a href="#[1f9]">&gt;&gt;</a>&nbsp;&nbsp;&nbsp;xQueueGenericReceive
</UL>

<P><STRONG><a name="[207]"></a>prvInitialiseTaskLists</STRONG> (Thumb, 70 bytes, Stack size 8 bytes, tasks.o(.text))
<BR><BR>[Stack]<UL><LI>Max Depth = 8<LI>Call Chain = prvInitialiseTaskLists
</UL>
<BR>[Calls]<UL><LI><a href="#[1e3]">&gt;&gt;</a>&nbsp;&nbsp;&nbsp;vListInitialise
</UL>
<BR>[Called By]<UL><LI><a href="#[208]">&gt;&gt;</a>&nbsp;&nbsp;&nbsp;prvAddNewTaskToReadyList
</UL>

<P><STRONG><a name="[208]"></a>prvAddNewTaskToReadyList</STRONG> (Thumb, 156 bytes, Stack size 8 bytes, tasks.o(.text))
<BR><BR>[Stack]<UL><LI>Max Depth = 16<LI>Call Chain = prvAddNewTaskToReadyList &rArr; prvInitialiseTaskLists
</UL>
<BR>[Calls]<UL><LI><a href="#[207]">&gt;&gt;</a>&nbsp;&nbsp;&nbsp;prvInitialiseTaskLists
<LI><a href="#[209]">&gt;&gt;</a>&nbsp;&nbsp;&nbsp;vListInsertEnd
<LI><a href="#[1e4]">&gt;&gt;</a>&nbsp;&nbsp;&nbsp;vPortExitCritical
<LI><a href="#[1e1]">&gt;&gt;</a>&nbsp;&nbsp;&nbsp;vPortEnterCritical
</UL>
<BR>[Called By]<UL><LI><a href="#[d6]">&gt;&gt;</a>&nbsp;&nbsp;&nbsp;xTaskCreate
</UL>

<P><STRONG><a name="[20a]"></a>prvInitialiseNewTask</STRONG> (Thumb, 180 bytes, Stack size 40 bytes, tasks.o(.text))
<BR><BR>[Stack]<UL><LI>Max Depth = 40 + Unknown Stack Size
<LI>Call Chain = prvInitialiseNewTask
</UL>
<BR>[Calls]<UL><LI><a href="#[20d]">&gt;&gt;</a>&nbsp;&nbsp;&nbsp;pxPortInitialiseStack
<LI><a href="#[20c]">&gt;&gt;</a>&nbsp;&nbsp;&nbsp;vListInitialiseItem
<LI><a href="#[20b]">&gt;&gt;</a>&nbsp;&nbsp;&nbsp;__aeabi_memset
</UL>
<BR>[Called By]<UL><LI><a href="#[d6]">&gt;&gt;</a>&nbsp;&nbsp;&nbsp;xTaskCreate
</UL>

<P><STRONG><a name="[211]"></a>prvResetNextTaskUnblockTime</STRONG> (Thumb, 42 bytes, Stack size 0 bytes, tasks.o(.text))
<BR><BR>[Called By]<UL><LI><a href="#[21a]">&gt;&gt;</a>&nbsp;&nbsp;&nbsp;vTaskSuspend
<LI><a href="#[212]">&gt;&gt;</a>&nbsp;&nbsp;&nbsp;xTaskIncrementTick
<LI><a href="#[20f]">&gt;&gt;</a>&nbsp;&nbsp;&nbsp;vTaskDelete
<LI><a href="#[1f2]">&gt;&gt;</a>&nbsp;&nbsp;&nbsp;xTaskResumeAll
</UL>

<P><STRONG><a name="[20e]"></a>prvDeleteTCB</STRONG> (Thumb, 18 bytes, Stack size 8 bytes, tasks.o(.text))
<BR><BR>[Stack]<UL><LI>Max Depth = 72<LI>Call Chain = prvDeleteTCB &rArr; vPortFree &rArr; xTaskResumeAll &rArr; xTaskIncrementTick &rArr; vApplicationTickHook
</UL>
<BR>[Calls]<UL><LI><a href="#[206]">&gt;&gt;</a>&nbsp;&nbsp;&nbsp;vPortFree
</UL>
<BR>[Called By]<UL><LI><a href="#[20f]">&gt;&gt;</a>&nbsp;&nbsp;&nbsp;vTaskDelete
<LI><a href="#[21e]">&gt;&gt;</a>&nbsp;&nbsp;&nbsp;prvCheckTasksWaitingTermination
</UL>

<P><STRONG><a name="[213]"></a>prvAddCurrentTaskToDelayedList</STRONG> (Thumb, 124 bytes, Stack size 24 bytes, tasks.o(.text), UNUSED)
<BR><BR>[Calls]<UL><LI><a href="#[210]">&gt;&gt;</a>&nbsp;&nbsp;&nbsp;uxListRemove
<LI><a href="#[214]">&gt;&gt;</a>&nbsp;&nbsp;&nbsp;vListInsert
<LI><a href="#[209]">&gt;&gt;</a>&nbsp;&nbsp;&nbsp;vListInsertEnd
</UL>
<BR>[Called By]<UL><LI><a href="#[da]">&gt;&gt;</a>&nbsp;&nbsp;&nbsp;vTaskDelay
<LI><a href="#[22d]">&gt;&gt;</a>&nbsp;&nbsp;&nbsp;xTaskNotifyWait
<LI><a href="#[22c]">&gt;&gt;</a>&nbsp;&nbsp;&nbsp;ulTaskNotifyTake
<LI><a href="#[227]">&gt;&gt;</a>&nbsp;&nbsp;&nbsp;vTaskPlaceOnUnorderedEventList
<LI><a href="#[1f1]">&gt;&gt;</a>&nbsp;&nbsp;&nbsp;vTaskPlaceOnEventList
</UL>

<P><STRONG><a name="[21c]"></a>prvTaskIsTaskSuspended</STRONG> (Thumb, 80 bytes, Stack size 8 bytes, tasks.o(.text), UNUSED)
<BR><BR>[Called By]<UL><LI><a href="#[21d]">&gt;&gt;</a>&nbsp;&nbsp;&nbsp;xTaskResumeFromISR
<LI><a href="#[21b]">&gt;&gt;</a>&nbsp;&nbsp;&nbsp;vTaskResume
</UL>

<P><STRONG><a name="[21e]"></a>prvCheckTasksWaitingTermination</STRONG> (Thumb, 86 bytes, Stack size 16 bytes, tasks.o(.text))
<BR><BR>[Stack]<UL><LI>Max Depth = 88<LI>Call Chain = prvCheckTasksWaitingTermination &rArr; prvDeleteTCB &rArr; vPortFree &rArr; xTaskResumeAll &rArr; xTaskIncrementTick &rArr; vApplicationTickHook
</UL>
<BR>[Calls]<UL><LI><a href="#[20e]">&gt;&gt;</a>&nbsp;&nbsp;&nbsp;prvDeleteTCB
<LI><a href="#[1f2]">&gt;&gt;</a>&nbsp;&nbsp;&nbsp;xTaskResumeAll
<LI><a href="#[1ef]">&gt;&gt;</a>&nbsp;&nbsp;&nbsp;vTaskSuspendAll
<LI><a href="#[210]">&gt;&gt;</a>&nbsp;&nbsp;&nbsp;uxListRemove
<LI><a href="#[1e4]">&gt;&gt;</a>&nbsp;&nbsp;&nbsp;vPortExitCritical
<LI><a href="#[1e1]">&gt;&gt;</a>&nbsp;&nbsp;&nbsp;vPortEnterCritical
</UL>
<BR>[Called By]<UL><LI><a href="#[a3]">&gt;&gt;</a>&nbsp;&nbsp;&nbsp;prvIdleTask
</UL>

<P><STRONG><a name="[a3]"></a>prvIdleTask</STRONG> (Thumb, 32 bytes, Stack size 0 bytes, tasks.o(.text))
<BR><BR>[Stack]<UL><LI>Max Depth = 88<LI>Call Chain = prvIdleTask &rArr; prvCheckTasksWaitingTermination &rArr; prvDeleteTCB &rArr; vPortFree &rArr; xTaskResumeAll &rArr; xTaskIncrementTick &rArr; vApplicationTickHook
</UL>
<BR>[Calls]<UL><LI><a href="#[21e]">&gt;&gt;</a>&nbsp;&nbsp;&nbsp;prvCheckTasksWaitingTermination
</UL>
<BR>[Address Reference Count : 1]<UL><LI> tasks.o(.text)
</UL>
<P><STRONG><a name="[224]"></a>prvTaskCheckFreeStackSpace</STRONG> (Thumb, 90 bytes, Stack size 0 bytes, tasks.o(.text), UNUSED)
<BR><BR>[Called By]<UL><LI><a href="#[223]">&gt;&gt;</a>&nbsp;&nbsp;&nbsp;vTaskGetInfo
</UL>

<P><STRONG><a name="[225]"></a>prvListTasksWithinSingleList</STRONG> (Thumb, 106 bytes, Stack size 32 bytes, tasks.o(.text), UNUSED)
<BR><BR>[Calls]<UL><LI><a href="#[223]">&gt;&gt;</a>&nbsp;&nbsp;&nbsp;vTaskGetInfo
</UL>
<BR>[Called By]<UL><LI><a href="#[226]">&gt;&gt;</a>&nbsp;&nbsp;&nbsp;uxTaskGetSystemState
</UL>

<P><STRONG><a name="[229]"></a>prvWriteNameToBuffer</STRONG> (Thumb, 42 bytes, Stack size 16 bytes, tasks.o(.text), UNUSED)
<BR><BR>[Calls]<UL><LI><a href="#[12e]">&gt;&gt;</a>&nbsp;&nbsp;&nbsp;strlen
<LI><a href="#[22a]">&gt;&gt;</a>&nbsp;&nbsp;&nbsp;strcpy
</UL>
<BR>[Called By]<UL><LI><a href="#[22b]">&gt;&gt;</a>&nbsp;&nbsp;&nbsp;vTaskList
</UL>

<P><STRONG><a name="[a4]"></a>prvTaskExitError</STRONG> (Thumb, 60 bytes, Stack size 0 bytes, port.o(.text))
<BR>[Address Reference Count : 1]<UL><LI> port.o(.text)
</UL>
<P><STRONG><a name="[236]"></a>prvHeapInit</STRONG> (Thumb, 42 bytes, Stack size 0 bytes, heap_2.o(.text))
<BR><BR>[Called By]<UL><LI><a href="#[1e7]">&gt;&gt;</a>&nbsp;&nbsp;&nbsp;pvPortMalloc
</UL>

<P><STRONG><a name="[271]"></a>_dadd1</STRONG> (Thumb, 0 bytes, Stack size unknown bytes, daddsub_clz.o(x$fpl$dadd), UNUSED)
<BR><BR>[Called By]<UL><LI><a href="#[272]">&gt;&gt;</a>&nbsp;&nbsp;&nbsp;_dsub
<LI><a href="#[270]">&gt;&gt;</a>&nbsp;&nbsp;&nbsp;_drsb
</UL>

<P><STRONG><a name="[267]"></a>_dsub1</STRONG> (Thumb, 0 bytes, Stack size unknown bytes, daddsub_clz.o(x$fpl$dsub), UNUSED)
<BR><BR>[Called By]<UL><LI><a href="#[270]">&gt;&gt;</a>&nbsp;&nbsp;&nbsp;_drsb
<LI><a href="#[266]">&gt;&gt;</a>&nbsp;&nbsp;&nbsp;_dadd
</UL>

<P><STRONG><a name="[24b]"></a>_fp_digits</STRONG> (Thumb, 432 bytes, Stack size 96 bytes, _printf_fp_dec.o(.text))
<BR><BR>[Stack]<UL><LI>Max Depth = 220<LI>Call Chain = _fp_digits &rArr; _btod_etento &rArr; _btod_emul &rArr; _e2e
</UL>
<BR>[Calls]<UL><LI><a href="#[24f]">&gt;&gt;</a>&nbsp;&nbsp;&nbsp;_btod_emul
<LI><a href="#[24e]">&gt;&gt;</a>&nbsp;&nbsp;&nbsp;_btod_ediv
<LI><a href="#[24d]">&gt;&gt;</a>&nbsp;&nbsp;&nbsp;_btod_d2e
<LI><a href="#[24c]">&gt;&gt;</a>&nbsp;&nbsp;&nbsp;_btod_etento
<LI><a href="#[250]">&gt;&gt;</a>&nbsp;&nbsp;&nbsp;_ll_udiv10
</UL>
<BR>[Called By]<UL><LI><a href="#[251]">&gt;&gt;</a>&nbsp;&nbsp;&nbsp;_printf_fp_dec_real
</UL>

<P><STRONG><a name="[a8]"></a>_printf_input_char</STRONG> (Thumb, 10 bytes, Stack size 0 bytes, _printf_char_common.o(.text))
<BR>[Address Reference Count : 1]<UL><LI> _printf_char_common.o(.text)
</UL><P>
<H3>
Undefined Global Symbols
</H3><HR></body></html>
